<?xml version="1.0" encoding="ISO-8859-1" ?>
<link_info>
   <banner>TI ARM Clang Linker PC v2.1.3.LTS</banner>
   <copyright>Copyright (c) 1996-2018 Texas Instruments Incorporated</copyright>
   <link_time>0x6495e2c7</link_time>
   <link_errors>0x0</link_errors>
   <output_file>Project1.out</output_file>
   <entry_point>
      <name>resetISR</name>
      <address>0x20011559</address>
   </entry_point>
   <input_file_list>
      <input_file id="fl-1">
         <path>.\</path>
         <kind>object</kind>
         <file>gpiointerrupt.o</file>
         <name>gpiointerrupt.o</name>
      </input_file>
      <input_file id="fl-2">
         <path>.\syscfg\</path>
         <kind>object</kind>
         <file>ti_drivers_config.o</file>
         <name>ti_drivers_config.o</name>
      </input_file>
      <input_file id="fl-3">
         <path>.\</path>
         <kind>object</kind>
         <file>main_nortos.o</file>
         <name>main_nortos.o</name>
      </input_file>
      <input_file id="fl-13">
         <kind>object</kind>
         <file>&lt;internal&gt;</file>
         <name>&lt;internal&gt;</name>
      </input_file>
      <input_file id="fl-14">
         <path>C:\ti\simplelink_cc32xx_sdk_7_10_00_13\source\ti\drivers\lib\ticlang\m4\</path>
         <kind>archive</kind>
         <file>drivers_cc32xx.a</file>
         <name>GPIO.c.obj</name>
      </input_file>
      <input_file id="fl-15">
         <path>C:\ti\simplelink_cc32xx_sdk_7_10_00_13\source\ti\drivers\lib\ticlang\m4\</path>
         <kind>archive</kind>
         <file>drivers_cc32xx.a</file>
         <name>GPIOCC32XX.c.obj</name>
      </input_file>
      <input_file id="fl-16">
         <path>C:\ti\simplelink_cc32xx_sdk_7_10_00_13\source\ti\drivers\lib\ticlang\m4\</path>
         <kind>archive</kind>
         <file>drivers_cc32xx.a</file>
         <name>I2C.c.obj</name>
      </input_file>
      <input_file id="fl-17">
         <path>C:\ti\simplelink_cc32xx_sdk_7_10_00_13\source\ti\drivers\lib\ticlang\m4\</path>
         <kind>archive</kind>
         <file>drivers_cc32xx.a</file>
         <name>I2CCC32XX.c.obj</name>
      </input_file>
      <input_file id="fl-18">
         <path>C:\ti\simplelink_cc32xx_sdk_7_10_00_13\source\ti\drivers\lib\ticlang\m4\</path>
         <kind>archive</kind>
         <file>drivers_cc32xx.a</file>
         <name>PowerCC32XX.c.obj</name>
      </input_file>
      <input_file id="fl-19">
         <path>C:\ti\simplelink_cc32xx_sdk_7_10_00_13\source\ti\drivers\lib\ticlang\m4\</path>
         <kind>archive</kind>
         <file>drivers_cc32xx.a</file>
         <name>PowerCC32XX_ticlang.asm.obj</name>
      </input_file>
      <input_file id="fl-1a">
         <path>C:\ti\simplelink_cc32xx_sdk_7_10_00_13\source\ti\drivers\lib\ticlang\m4\</path>
         <kind>archive</kind>
         <file>drivers_cc32xx.a</file>
         <name>Timer.c.obj</name>
      </input_file>
      <input_file id="fl-1b">
         <path>C:\ti\simplelink_cc32xx_sdk_7_10_00_13\source\ti\drivers\lib\ticlang\m4\</path>
         <kind>archive</kind>
         <file>drivers_cc32xx.a</file>
         <name>TimerCC32XX.c.obj</name>
      </input_file>
      <input_file id="fl-1c">
         <path>C:\ti\simplelink_cc32xx_sdk_7_10_00_13\source\ti\drivers\lib\ticlang\m4\</path>
         <kind>archive</kind>
         <file>drivers_cc32xx.a</file>
         <name>UART2.c.obj</name>
      </input_file>
      <input_file id="fl-1d">
         <path>C:\ti\simplelink_cc32xx_sdk_7_10_00_13\source\ti\drivers\lib\ticlang\m4\</path>
         <kind>archive</kind>
         <file>drivers_cc32xx.a</file>
         <name>UART2CC32XX.c.obj</name>
      </input_file>
      <input_file id="fl-1e">
         <path>C:\ti\simplelink_cc32xx_sdk_7_10_00_13\source\ti\drivers\lib\ticlang\m4\</path>
         <kind>archive</kind>
         <file>drivers_cc32xx.a</file>
         <name>List.c.obj</name>
      </input_file>
      <input_file id="fl-1f">
         <path>C:\ti\simplelink_cc32xx_sdk_7_10_00_13\source\ti\drivers\lib\ticlang\m4\</path>
         <kind>archive</kind>
         <file>drivers_cc32xx.a</file>
         <name>RingBuf.c.obj</name>
      </input_file>
      <input_file id="fl-20">
         <path>C:\ti\simplelink_cc32xx_sdk_7_10_00_13\source\ti\drivers\lib\ticlang\m4\</path>
         <kind>archive</kind>
         <file>drivers_cc32xx.a</file>
         <name>UDMACC32XX.c.obj</name>
      </input_file>
      <input_file id="fl-21">
         <path>C:\ti\simplelink_cc32xx_sdk_7_10_00_13\kernel\nortos\lib\ticlang\m4\</path>
         <kind>archive</kind>
         <file>nortos_cc32xx.a</file>
         <name>NoRTOS.c.obj</name>
      </input_file>
      <input_file id="fl-22">
         <path>C:\ti\simplelink_cc32xx_sdk_7_10_00_13\kernel\nortos\lib\ticlang\m4\</path>
         <kind>archive</kind>
         <file>nortos_cc32xx.a</file>
         <name>SemaphoreP_nortos.c.obj</name>
      </input_file>
      <input_file id="fl-23">
         <path>C:\ti\simplelink_cc32xx_sdk_7_10_00_13\kernel\nortos\lib\ticlang\m4\</path>
         <kind>archive</kind>
         <file>nortos_cc32xx.a</file>
         <name>ClockPSysTick_nortos.c.obj</name>
      </input_file>
      <input_file id="fl-24">
         <path>C:\ti\simplelink_cc32xx_sdk_7_10_00_13\kernel\nortos\lib\ticlang\m4\</path>
         <kind>archive</kind>
         <file>nortos_cc32xx.a</file>
         <name>HwiPCC32XX_nortos.c.obj</name>
      </input_file>
      <input_file id="fl-25">
         <path>C:\ti\simplelink_cc32xx_sdk_7_10_00_13\kernel\nortos\lib\ticlang\m4\</path>
         <kind>archive</kind>
         <file>nortos_cc32xx.a</file>
         <name>PowerCC32XX_nortos.c.obj</name>
      </input_file>
      <input_file id="fl-26">
         <path>C:\ti\simplelink_cc32xx_sdk_7_10_00_13\kernel\nortos\lib\ticlang\m4\</path>
         <kind>archive</kind>
         <file>nortos_cc32xx.a</file>
         <name>startup_cc32xx_ticlang.c.obj</name>
      </input_file>
      <input_file id="fl-27">
         <path>C:\ti\simplelink_cc32xx_sdk_7_10_00_13\kernel\nortos\lib\ticlang\m4\</path>
         <kind>archive</kind>
         <file>nortos_cc32xx.a</file>
         <name>SwiP_nortos.c.obj</name>
      </input_file>
      <input_file id="fl-28">
         <path>C:\ti\simplelink_cc32xx_sdk_7_10_00_13\source\ti\devices\cc32xx\driverlib\ticlang\Release\</path>
         <kind>archive</kind>
         <file>driverlib.a</file>
         <name>cpu.obj</name>
      </input_file>
      <input_file id="fl-29">
         <path>C:\ti\simplelink_cc32xx_sdk_7_10_00_13\source\ti\devices\cc32xx\driverlib\ticlang\Release\</path>
         <kind>archive</kind>
         <file>driverlib.a</file>
         <name>gpio.obj</name>
      </input_file>
      <input_file id="fl-2a">
         <path>C:\ti\simplelink_cc32xx_sdk_7_10_00_13\source\ti\devices\cc32xx\driverlib\ticlang\Release\</path>
         <kind>archive</kind>
         <file>driverlib.a</file>
         <name>hwspinlock.obj</name>
      </input_file>
      <input_file id="fl-2b">
         <path>C:\ti\simplelink_cc32xx_sdk_7_10_00_13\source\ti\devices\cc32xx\driverlib\ticlang\Release\</path>
         <kind>archive</kind>
         <file>driverlib.a</file>
         <name>i2c.obj</name>
      </input_file>
      <input_file id="fl-2c">
         <path>C:\ti\simplelink_cc32xx_sdk_7_10_00_13\source\ti\devices\cc32xx\driverlib\ticlang\Release\</path>
         <kind>archive</kind>
         <file>driverlib.a</file>
         <name>interrupt.obj</name>
      </input_file>
      <input_file id="fl-2d">
         <path>C:\ti\simplelink_cc32xx_sdk_7_10_00_13\source\ti\devices\cc32xx\driverlib\ticlang\Release\</path>
         <kind>archive</kind>
         <file>driverlib.a</file>
         <name>pin.obj</name>
      </input_file>
      <input_file id="fl-2e">
         <path>C:\ti\simplelink_cc32xx_sdk_7_10_00_13\source\ti\devices\cc32xx\driverlib\ticlang\Release\</path>
         <kind>archive</kind>
         <file>driverlib.a</file>
         <name>prcm.obj</name>
      </input_file>
      <input_file id="fl-2f">
         <path>C:\ti\simplelink_cc32xx_sdk_7_10_00_13\source\ti\devices\cc32xx\driverlib\ticlang\Release\</path>
         <kind>archive</kind>
         <file>driverlib.a</file>
         <name>spi.obj</name>
      </input_file>
      <input_file id="fl-30">
         <path>C:\ti\simplelink_cc32xx_sdk_7_10_00_13\source\ti\devices\cc32xx\driverlib\ticlang\Release\</path>
         <kind>archive</kind>
         <file>driverlib.a</file>
         <name>systick.obj</name>
      </input_file>
      <input_file id="fl-31">
         <path>C:\ti\simplelink_cc32xx_sdk_7_10_00_13\source\ti\devices\cc32xx\driverlib\ticlang\Release\</path>
         <kind>archive</kind>
         <file>driverlib.a</file>
         <name>timer.obj</name>
      </input_file>
      <input_file id="fl-32">
         <path>C:\ti\simplelink_cc32xx_sdk_7_10_00_13\source\ti\devices\cc32xx\driverlib\ticlang\Release\</path>
         <kind>archive</kind>
         <file>driverlib.a</file>
         <name>uart.obj</name>
      </input_file>
      <input_file id="fl-33">
         <path>C:\ti\simplelink_cc32xx_sdk_7_10_00_13\source\ti\devices\cc32xx\driverlib\ticlang\Release\</path>
         <kind>archive</kind>
         <file>driverlib.a</file>
         <name>udma.obj</name>
      </input_file>
      <input_file id="fl-34">
         <path>C:\ti\simplelink_cc32xx_sdk_7_10_00_13\source\ti\devices\cc32xx\driverlib\ticlang\Release\</path>
         <kind>archive</kind>
         <file>driverlib.a</file>
         <name>utils.obj</name>
      </input_file>
      <input_file id="fl-35">
         <path>C:\ti\simplelink_cc32xx_sdk_7_10_00_13\source\ti\devices\cc32xx\driverlib\ticlang\Release\</path>
         <kind>archive</kind>
         <file>driverlib.a</file>
         <name>flash.obj</name>
      </input_file>
      <input_file id="fl-41">
         <path>C:\ti\ccs1230\ccs\tools\compiler\ti-cgt-armllvm_2.1.3.LTS\lib\armv7em-ti-none-eabi\c\</path>
         <kind>archive</kind>
         <file>libc.a</file>
         <name>snprintf.c.obj</name>
      </input_file>
      <input_file id="fl-42">
         <path>C:\ti\ccs1230\ccs\tools\compiler\ti-cgt-armllvm_2.1.3.LTS\lib\armv7em-ti-none-eabi\c\</path>
         <kind>archive</kind>
         <file>libc.a</file>
         <name>memory.c.obj</name>
      </input_file>
      <input_file id="fl-43">
         <path>C:\ti\ccs1230\ccs\tools\compiler\ti-cgt-armllvm_2.1.3.LTS\lib\armv7em-ti-none-eabi\c\</path>
         <kind>archive</kind>
         <file>libc.a</file>
         <name>strlen.c.obj</name>
      </input_file>
      <input_file id="fl-44">
         <path>C:\ti\ccs1230\ccs\tools\compiler\ti-cgt-armllvm_2.1.3.LTS\lib\armv7em-ti-none-eabi\c\</path>
         <kind>archive</kind>
         <file>libc.a</file>
         <name>copy_zero_init.c.obj</name>
      </input_file>
      <input_file id="fl-45">
         <path>C:\ti\ccs1230\ccs\tools\compiler\ti-cgt-armllvm_2.1.3.LTS\lib\armv7em-ti-none-eabi\c\</path>
         <kind>archive</kind>
         <file>libc.a</file>
         <name>copy_decompress_none.c.obj</name>
      </input_file>
      <input_file id="fl-46">
         <path>C:\ti\ccs1230\ccs\tools\compiler\ti-cgt-armllvm_2.1.3.LTS\lib\armv7em-ti-none-eabi\c\</path>
         <kind>archive</kind>
         <file>libc.a</file>
         <name>copy_decompress_lzss.c.obj</name>
      </input_file>
      <input_file id="fl-47">
         <path>C:\ti\ccs1230\ccs\tools\compiler\ti-cgt-armllvm_2.1.3.LTS\lib\armv7em-ti-none-eabi\c\</path>
         <kind>archive</kind>
         <file>libc.a</file>
         <name>boot_cortex_m.c.obj</name>
      </input_file>
      <input_file id="fl-48">
         <path>C:\ti\ccs1230\ccs\tools\compiler\ti-cgt-armllvm_2.1.3.LTS\lib\armv7em-ti-none-eabi\c\</path>
         <kind>archive</kind>
         <file>libc.a</file>
         <name>mathacl_init.c.obj</name>
      </input_file>
      <input_file id="fl-49">
         <path>C:\ti\ccs1230\ccs\tools\compiler\ti-cgt-armllvm_2.1.3.LTS\lib\armv7em-ti-none-eabi\c\</path>
         <kind>archive</kind>
         <file>libc.a</file>
         <name>_printfi.c.obj</name>
      </input_file>
      <input_file id="fl-4a">
         <path>C:\ti\ccs1230\ccs\tools\compiler\ti-cgt-armllvm_2.1.3.LTS\lib\armv7em-ti-none-eabi\c\</path>
         <kind>archive</kind>
         <file>libc.a</file>
         <name>s_frexp.c.obj</name>
      </input_file>
      <input_file id="fl-4b">
         <path>C:\ti\ccs1230\ccs\tools\compiler\ti-cgt-armllvm_2.1.3.LTS\lib\armv7em-ti-none-eabi\c\</path>
         <kind>archive</kind>
         <file>libc.a</file>
         <name>s_scalbn.c.obj</name>
      </input_file>
      <input_file id="fl-4c">
         <path>C:\ti\ccs1230\ccs\tools\compiler\ti-cgt-armllvm_2.1.3.LTS\lib\armv7em-ti-none-eabi\c\</path>
         <kind>archive</kind>
         <file>libc.a</file>
         <name>aeabi_portable.c.obj</name>
      </input_file>
      <input_file id="fl-4d">
         <path>C:\ti\ccs1230\ccs\tools\compiler\ti-cgt-armllvm_2.1.3.LTS\lib\armv7em-ti-none-eabi\c\</path>
         <kind>archive</kind>
         <file>libc.a</file>
         <name>exit.c.obj</name>
      </input_file>
      <input_file id="fl-4e">
         <path>C:\ti\ccs1230\ccs\tools\compiler\ti-cgt-armllvm_2.1.3.LTS\lib\armv7em-ti-none-eabi\c\</path>
         <kind>archive</kind>
         <file>libc.a</file>
         <name>_lock.c.obj</name>
      </input_file>
      <input_file id="fl-4f">
         <path>C:\ti\ccs1230\ccs\tools\compiler\ti-cgt-armllvm_2.1.3.LTS\lib\armv7em-ti-none-eabi\c\</path>
         <kind>archive</kind>
         <file>libc.a</file>
         <name>_ltoa.c.obj</name>
      </input_file>
      <input_file id="fl-50">
         <path>C:\ti\ccs1230\ccs\tools\compiler\ti-cgt-armllvm_2.1.3.LTS\lib\armv7em-ti-none-eabi\c\</path>
         <kind>archive</kind>
         <file>libc.a</file>
         <name>args_main.c.obj</name>
      </input_file>
      <input_file id="fl-51">
         <path>C:\ti\ccs1230\ccs\tools\compiler\ti-cgt-armllvm_2.1.3.LTS\lib\armv7em-ti-none-eabi\c\</path>
         <kind>archive</kind>
         <file>libc.a</file>
         <name>assert.c.obj</name>
      </input_file>
      <input_file id="fl-52">
         <path>C:\ti\ccs1230\ccs\tools\compiler\ti-cgt-armllvm_2.1.3.LTS\lib\armv7em-ti-none-eabi\c\</path>
         <kind>archive</kind>
         <file>libc.a</file>
         <name>atoi.c.obj</name>
      </input_file>
      <input_file id="fl-53">
         <path>C:\ti\ccs1230\ccs\tools\compiler\ti-cgt-armllvm_2.1.3.LTS\lib\armv7em-ti-none-eabi\c\</path>
         <kind>archive</kind>
         <file>libc.a</file>
         <name>defs.c.obj</name>
      </input_file>
      <input_file id="fl-54">
         <path>C:\ti\ccs1230\ccs\tools\compiler\ti-cgt-armllvm_2.1.3.LTS\lib\armv7em-ti-none-eabi\c\</path>
         <kind>archive</kind>
         <file>libc.a</file>
         <name>memccpy.c.obj</name>
      </input_file>
      <input_file id="fl-55">
         <path>C:\ti\ccs1230\ccs\tools\compiler\ti-cgt-armllvm_2.1.3.LTS\lib\armv7em-ti-none-eabi\c\</path>
         <kind>archive</kind>
         <file>libc.a</file>
         <name>autoinit.c.obj</name>
      </input_file>
      <input_file id="fl-56">
         <path>C:\ti\ccs1230\ccs\tools\compiler\ti-cgt-armllvm_2.1.3.LTS\lib\armv7em-ti-none-eabi\c\</path>
         <kind>archive</kind>
         <file>libc.a</file>
         <name>pre_init.c.obj</name>
      </input_file>
      <input_file id="fl-57">
         <path>C:\ti\ccs1230\ccs\tools\compiler\ti-cgt-armllvm_2.1.3.LTS\lib\armv7em-ti-none-eabi\c\</path>
         <kind>archive</kind>
         <file>libc.a</file>
         <name>cpy_tbl.c.obj</name>
      </input_file>
      <input_file id="fl-58">
         <path>C:\ti\ccs1230\ccs\tools\compiler\ti-cgt-armllvm_2.1.3.LTS\lib\armv7em-ti-none-eabi\c\</path>
         <kind>archive</kind>
         <file>libc.a</file>
         <name>wcslen.c.obj</name>
      </input_file>
      <input_file id="fl-59">
         <path>C:\ti\ccs1230\ccs\tools\compiler\ti-cgt-armllvm_2.1.3.LTS\lib\armv7em-ti-none-eabi\c\</path>
         <kind>archive</kind>
         <file>libc.a</file>
         <name>sprintf.c.obj</name>
      </input_file>
      <input_file id="fl-5a">
         <path>C:\ti\ccs1230\ccs\tools\compiler\ti-cgt-armllvm_2.1.3.LTS\lib\armv7em-ti-none-eabi\c\</path>
         <kind>archive</kind>
         <file>libc.a</file>
         <name>fflush.c.obj</name>
      </input_file>
      <input_file id="fl-5b">
         <path>C:\ti\ccs1230\ccs\tools\compiler\ti-cgt-armllvm_2.1.3.LTS\lib\armv7em-ti-none-eabi\c\</path>
         <kind>archive</kind>
         <file>libc.a</file>
         <name>fputs.c.obj</name>
      </input_file>
      <input_file id="fl-5c">
         <path>C:\ti\ccs1230\ccs\tools\compiler\ti-cgt-armllvm_2.1.3.LTS\lib\armv7em-ti-none-eabi\c\</path>
         <kind>archive</kind>
         <file>libc.a</file>
         <name>_io_perm.c.obj</name>
      </input_file>
      <input_file id="fl-5d">
         <path>C:\ti\ccs1230\ccs\tools\compiler\ti-cgt-armllvm_2.1.3.LTS\lib\armv7em-ti-none-eabi\c\</path>
         <kind>archive</kind>
         <file>libc.a</file>
         <name>setvbuf.c.obj</name>
      </input_file>
      <input_file id="fl-5e">
         <path>C:\ti\ccs1230\ccs\tools\compiler\ti-cgt-armllvm_2.1.3.LTS\lib\armv7em-ti-none-eabi\c\</path>
         <kind>archive</kind>
         <file>libc.a</file>
         <name>aeabi_ctype.S.obj</name>
      </input_file>
      <input_file id="fl-5f">
         <path>C:\ti\ccs1230\ccs\tools\compiler\ti-cgt-armllvm_2.1.3.LTS\lib\armv7em-ti-none-eabi\c\</path>
         <kind>archive</kind>
         <file>libc.a</file>
         <name>fopen.c.obj</name>
      </input_file>
      <input_file id="fl-60">
         <path>C:\ti\ccs1230\ccs\tools\compiler\ti-cgt-armllvm_2.1.3.LTS\lib\armv7em-ti-none-eabi\c\</path>
         <kind>archive</kind>
         <file>libc.a</file>
         <name>fseek.c.obj</name>
      </input_file>
      <input_file id="fl-61">
         <path>C:\ti\ccs1230\ccs\tools\compiler\ti-cgt-armllvm_2.1.3.LTS\lib\armv7em-ti-none-eabi\c\</path>
         <kind>archive</kind>
         <file>libc.a</file>
         <name>fclose.c.obj</name>
      </input_file>
      <input_file id="fl-9a">
         <path>C:\ti\ccs1230\ccs\tools\compiler\ti-cgt-armllvm_2.1.3.LTS\lib\armv7em-ti-none-eabi\c\</path>
         <kind>archive</kind>
         <file>libsysbm.a</file>
         <name>write.c.obj</name>
      </input_file>
      <input_file id="fl-9b">
         <path>C:\ti\ccs1230\ccs\tools\compiler\ti-cgt-armllvm_2.1.3.LTS\lib\armv7em-ti-none-eabi\c\</path>
         <kind>archive</kind>
         <file>libsysbm.a</file>
         <name>host_device.c.obj</name>
      </input_file>
      <input_file id="fl-9c">
         <path>C:\ti\ccs1230\ccs\tools\compiler\ti-cgt-armllvm_2.1.3.LTS\lib\armv7em-ti-none-eabi\c\</path>
         <kind>archive</kind>
         <file>libsysbm.a</file>
         <name>remove.c.obj</name>
      </input_file>
      <input_file id="fl-9d">
         <path>C:\ti\ccs1230\ccs\tools\compiler\ti-cgt-armllvm_2.1.3.LTS\lib\armv7em-ti-none-eabi\c\</path>
         <kind>archive</kind>
         <file>libsysbm.a</file>
         <name>open.c.obj</name>
      </input_file>
      <input_file id="fl-9e">
         <path>C:\ti\ccs1230\ccs\tools\compiler\ti-cgt-armllvm_2.1.3.LTS\lib\armv7em-ti-none-eabi\c\</path>
         <kind>archive</kind>
         <file>libsysbm.a</file>
         <name>lseek.c.obj</name>
      </input_file>
      <input_file id="fl-9f">
         <path>C:\ti\ccs1230\ccs\tools\compiler\ti-cgt-armllvm_2.1.3.LTS\lib\armv7em-ti-none-eabi\c\</path>
         <kind>archive</kind>
         <file>libsysbm.a</file>
         <name>close.c.obj</name>
      </input_file>
      <input_file id="fl-a0">
         <path>C:\ti\ccs1230\ccs\tools\compiler\ti-cgt-armllvm_2.1.3.LTS\lib\armv7em-ti-none-eabi\c\</path>
         <kind>archive</kind>
         <file>libsysbm.a</file>
         <name>unlink.c.obj</name>
      </input_file>
      <input_file id="fl-a1">
         <path>C:\ti\ccs1230\ccs\tools\compiler\ti-cgt-armllvm_2.1.3.LTS\lib\armv7em-ti-none-eabi\c\</path>
         <kind>archive</kind>
         <file>libsysbm.a</file>
         <name>hostclose.c.obj</name>
      </input_file>
      <input_file id="fl-a2">
         <path>C:\ti\ccs1230\ccs\tools\compiler\ti-cgt-armllvm_2.1.3.LTS\lib\armv7em-ti-none-eabi\c\</path>
         <kind>archive</kind>
         <file>libsysbm.a</file>
         <name>hostlseek.c.obj</name>
      </input_file>
      <input_file id="fl-a3">
         <path>C:\ti\ccs1230\ccs\tools\compiler\ti-cgt-armllvm_2.1.3.LTS\lib\armv7em-ti-none-eabi\c\</path>
         <kind>archive</kind>
         <file>libsysbm.a</file>
         <name>hostopen.c.obj</name>
      </input_file>
      <input_file id="fl-a4">
         <path>C:\ti\ccs1230\ccs\tools\compiler\ti-cgt-armllvm_2.1.3.LTS\lib\armv7em-ti-none-eabi\c\</path>
         <kind>archive</kind>
         <file>libsysbm.a</file>
         <name>hostread.c.obj</name>
      </input_file>
      <input_file id="fl-a5">
         <path>C:\ti\ccs1230\ccs\tools\compiler\ti-cgt-armllvm_2.1.3.LTS\lib\armv7em-ti-none-eabi\c\</path>
         <kind>archive</kind>
         <file>libsysbm.a</file>
         <name>hostrename.c.obj</name>
      </input_file>
      <input_file id="fl-a6">
         <path>C:\ti\ccs1230\ccs\tools\compiler\ti-cgt-armllvm_2.1.3.LTS\lib\armv7em-ti-none-eabi\c\</path>
         <kind>archive</kind>
         <file>libsysbm.a</file>
         <name>hostunlink.c.obj</name>
      </input_file>
      <input_file id="fl-a7">
         <path>C:\ti\ccs1230\ccs\tools\compiler\ti-cgt-armllvm_2.1.3.LTS\lib\armv7em-ti-none-eabi\c\</path>
         <kind>archive</kind>
         <file>libsysbm.a</file>
         <name>hostwrite.c.obj</name>
      </input_file>
      <input_file id="fl-a8">
         <path>C:\ti\ccs1230\ccs\tools\compiler\ti-cgt-armllvm_2.1.3.LTS\lib\armv7em-ti-none-eabi\c\</path>
         <kind>archive</kind>
         <file>libsysbm.a</file>
         <name>trgmsg.c.obj</name>
      </input_file>
      <input_file id="fl-a9">
         <path>C:\ti\ccs1230\ccs\tools\compiler\ti-cgt-armllvm_2.1.3.LTS\lib\clang\14.0.6\lib\armv7em-ti-none-eabi\</path>
         <kind>archive</kind>
         <file>libclang_rt.builtins.a</file>
         <name>adddf3.S.obj</name>
      </input_file>
      <input_file id="fl-aa">
         <path>C:\ti\ccs1230\ccs\tools\compiler\ti-cgt-armllvm_2.1.3.LTS\lib\clang\14.0.6\lib\armv7em-ti-none-eabi\</path>
         <kind>archive</kind>
         <file>libclang_rt.builtins.a</file>
         <name>muldf3.S.obj</name>
      </input_file>
      <input_file id="fl-ab">
         <path>C:\ti\ccs1230\ccs\tools\compiler\ti-cgt-armllvm_2.1.3.LTS\lib\clang\14.0.6\lib\armv7em-ti-none-eabi\</path>
         <kind>archive</kind>
         <file>libclang_rt.builtins.a</file>
         <name>divdf3.S.obj</name>
      </input_file>
      <input_file id="fl-ac">
         <path>C:\ti\ccs1230\ccs\tools\compiler\ti-cgt-armllvm_2.1.3.LTS\lib\clang\14.0.6\lib\armv7em-ti-none-eabi\</path>
         <kind>archive</kind>
         <file>libclang_rt.builtins.a</file>
         <name>fixdfsi.S.obj</name>
      </input_file>
      <input_file id="fl-ad">
         <path>C:\ti\ccs1230\ccs\tools\compiler\ti-cgt-armllvm_2.1.3.LTS\lib\clang\14.0.6\lib\armv7em-ti-none-eabi\</path>
         <kind>archive</kind>
         <file>libclang_rt.builtins.a</file>
         <name>floatsidf.S.obj</name>
      </input_file>
      <input_file id="fl-ae">
         <path>C:\ti\ccs1230\ccs\tools\compiler\ti-cgt-armllvm_2.1.3.LTS\lib\clang\14.0.6\lib\armv7em-ti-none-eabi\</path>
         <kind>archive</kind>
         <file>libclang_rt.builtins.a</file>
         <name>aeabi_dcmp.S.obj</name>
      </input_file>
      <input_file id="fl-af">
         <path>C:\ti\ccs1230\ccs\tools\compiler\ti-cgt-armllvm_2.1.3.LTS\lib\clang\14.0.6\lib\armv7em-ti-none-eabi\</path>
         <kind>archive</kind>
         <file>libclang_rt.builtins.a</file>
         <name>aeabi_memcpy.S.obj</name>
      </input_file>
      <input_file id="fl-b0">
         <path>C:\ti\ccs1230\ccs\tools\compiler\ti-cgt-armllvm_2.1.3.LTS\lib\clang\14.0.6\lib\armv7em-ti-none-eabi\</path>
         <kind>archive</kind>
         <file>libclang_rt.builtins.a</file>
         <name>aeabi_memset.S.obj</name>
      </input_file>
      <input_file id="fl-b1">
         <path>C:\ti\ccs1230\ccs\tools\compiler\ti-cgt-armllvm_2.1.3.LTS\lib\clang\14.0.6\lib\armv7em-ti-none-eabi\</path>
         <kind>archive</kind>
         <file>libclang_rt.builtins.a</file>
         <name>aeabi_uldivmod.S.obj</name>
      </input_file>
      <input_file id="fl-b2">
         <path>C:\ti\ccs1230\ccs\tools\compiler\ti-cgt-armllvm_2.1.3.LTS\lib\clang\14.0.6\lib\armv7em-ti-none-eabi\</path>
         <kind>archive</kind>
         <file>libclang_rt.builtins.a</file>
         <name>udivmoddi4.S.obj</name>
      </input_file>
      <input_file id="fl-b3">
         <path>C:\ti\ccs1230\ccs\tools\compiler\ti-cgt-armllvm_2.1.3.LTS\lib\clang\14.0.6\lib\armv7em-ti-none-eabi\</path>
         <kind>archive</kind>
         <file>libclang_rt.builtins.a</file>
         <name>comparedf2.c.obj</name>
      </input_file>
      <input_file id="fl-b4">
         <path>C:\ti\ccs1230\ccs\tools\compiler\ti-cgt-armllvm_2.1.3.LTS\lib\clang\14.0.6\lib\armv7em-ti-none-eabi\</path>
         <kind>archive</kind>
         <file>libclang_rt.builtins.a</file>
         <name>aeabi_div0.c.obj</name>
      </input_file>
      <input_file id="fl-b5">
         <path>C:\ti\ccs1230\ccs\tools\compiler\ti-cgt-armllvm_2.1.3.LTS\lib\armv7em-ti-none-eabi\c\</path>
         <kind>archive</kind>
         <file>libc.a</file>
         <name>getdevice.c.obj</name>
      </input_file>
      <input_file id="fl-b6">
         <path>C:\ti\ccs1230\ccs\tools\compiler\ti-cgt-armllvm_2.1.3.LTS\lib\armv7em-ti-none-eabi\c\</path>
         <kind>archive</kind>
         <file>libc.a</file>
         <name>memcpy_t2.S.obj</name>
      </input_file>
      <input_file id="fl-b7">
         <path>C:\ti\ccs1230\ccs\tools\compiler\ti-cgt-armllvm_2.1.3.LTS\lib\armv7em-ti-none-eabi\c\</path>
         <kind>archive</kind>
         <file>libc.a</file>
         <name>memset_t2.S.obj</name>
      </input_file>
   </input_file_list>
   <object_component_list>
      <object_component id="oc-220">
         <name>.text:__TI_printfi_nofloat</name>
         <load_address>0x2000c040</load_address>
         <run_address>0x2000c040</run_address>
         <size>0x844</size>
         <input_file_ref idref="fl-49"/>
      </object_component>
      <object_component id="oc-c8">
         <name>.text.PRCMCC3200MCUInit</name>
         <load_address>0x2000c884</load_address>
         <run_address>0x2000c884</run_address>
         <size>0x4b8</size>
         <input_file_ref idref="fl-2e"/>
      </object_component>
      <object_component id="oc-241">
         <name>.text.Power_sleep</name>
         <load_address>0x2000cd3c</load_address>
         <run_address>0x2000cd3c</run_address>
         <size>0x3e4</size>
         <input_file_ref idref="fl-18"/>
      </object_component>
      <object_component id="oc-1f0">
         <name>.text.UART2CC32XX_hwiIntFxn</name>
         <load_address>0x2000d120</load_address>
         <run_address>0x2000d120</run_address>
         <size>0x222</size>
         <input_file_ref idref="fl-1d"/>
      </object_component>
      <object_component id="oc-d8">
         <name>.text.Board_initHook</name>
         <load_address>0x2000d342</load_address>
         <run_address>0x2000d342</run_address>
         <size>0x2</size>
         <input_file_ref idref="fl-2"/>
      </object_component>
      <object_component id="oc-146">
         <name>.text.UART2_open</name>
         <load_address>0x2000d344</load_address>
         <run_address>0x2000d344</run_address>
         <size>0x1cc</size>
         <input_file_ref idref="fl-1d"/>
      </object_component>
      <object_component id="oc-e5">
         <name>.text.initI2C</name>
         <load_address>0x2000d510</load_address>
         <run_address>0x2000d510</run_address>
         <size>0x188</size>
         <input_file_ref idref="fl-1"/>
      </object_component>
      <object_component id="oc-223">
         <name>.text.UART2_writeTimeoutBlocking</name>
         <load_address>0x2000d698</load_address>
         <run_address>0x2000d698</run_address>
         <size>0x174</size>
         <input_file_ref idref="fl-1c"/>
      </object_component>
      <object_component id="oc-1b9">
         <name>.text.PowerCC32XX_sleepPolicy</name>
         <load_address>0x2000d80c</load_address>
         <run_address>0x2000d80c</run_address>
         <size>0x150</size>
         <input_file_ref idref="fl-25"/>
      </object_component>
      <object_component id="oc-173">
         <name>.text.Timer_open</name>
         <load_address>0x2000d95c</load_address>
         <run_address>0x2000d95c</run_address>
         <size>0x148</size>
         <input_file_ref idref="fl-1b"/>
      </object_component>
      <object_component id="oc-fe">
         <name>.text.GPIO_setConfig</name>
         <load_address>0x2000daa4</load_address>
         <run_address>0x2000daa4</run_address>
         <size>0x140</size>
         <input_file_ref idref="fl-15"/>
      </object_component>
      <object_component id="oc-200">
         <name>.text.I2CCC32XX_hwiFxn</name>
         <load_address>0x2000dbe4</load_address>
         <run_address>0x2000dbe4</run_address>
         <size>0x138</size>
         <input_file_ref idref="fl-17"/>
      </object_component>
      <object_component id="oc-204">
         <name>.text.I2C_transferTimeout</name>
         <load_address>0x2000dd1c</load_address>
         <run_address>0x2000dd1c</run_address>
         <size>0x126</size>
         <input_file_ref idref="fl-16"/>
      </object_component>
      <object_component id="oc-14d">
         <name>.text.I2C_init</name>
         <load_address>0x2000de42</load_address>
         <run_address>0x2000de42</run_address>
         <size>0x2</size>
         <input_file_ref idref="fl-16"/>
      </object_component>
      <object_component id="oc-2de">
         <name>.text.aligned_alloc</name>
         <load_address>0x2000de44</load_address>
         <run_address>0x2000de44</run_address>
         <size>0x120</size>
         <input_file_ref idref="fl-42"/>
      </object_component>
      <object_component id="oc-222">
         <name>.text.UART2_writeTimeoutNonblocking</name>
         <load_address>0x2000df64</load_address>
         <run_address>0x2000df64</run_address>
         <size>0x11a</size>
         <input_file_ref idref="fl-1c"/>
      </object_component>
      <object_component id="oc-315">
         <name>.text.uDMAChannelTransferSet</name>
         <load_address>0x2000e07e</load_address>
         <run_address>0x2000e07e</run_address>
         <size>0x112</size>
         <input_file_ref idref="fl-33"/>
      </object_component>
      <object_component id="oc-a6">
         <name>.text.mainThread</name>
         <load_address>0x2000e190</load_address>
         <run_address>0x2000e190</run_address>
         <size>0x100</size>
         <input_file_ref idref="fl-1"/>
      </object_component>
      <object_component id="oc-181">
         <name>.text</name>
         <load_address>0x2000e290</load_address>
         <run_address>0x2000e290</run_address>
         <size>0xfc</size>
         <input_file_ref idref="fl-aa"/>
      </object_component>
      <object_component id="oc-1c0">
         <name>.text.free</name>
         <load_address>0x2000e38c</load_address>
         <run_address>0x2000e38c</run_address>
         <size>0xf8</size>
         <input_file_ref idref="fl-42"/>
      </object_component>
      <object_component id="oc-153">
         <name>.text.I2C_open</name>
         <load_address>0x2000e484</load_address>
         <run_address>0x2000e484</run_address>
         <size>0xe8</size>
         <input_file_ref idref="fl-17"/>
      </object_component>
      <object_component id="oc-1eb">
         <name>.text.UART2_close</name>
         <load_address>0x2000e56c</load_address>
         <run_address>0x2000e56c</run_address>
         <size>0xe8</size>
         <input_file_ref idref="fl-1d"/>
      </object_component>
      <object_component id="oc-28a">
         <name>.text.UART2Support_dmaStartRx</name>
         <load_address>0x2000e654</load_address>
         <run_address>0x2000e654</run_address>
         <size>0xcc</size>
         <input_file_ref idref="fl-1d"/>
      </object_component>
      <object_component id="oc-30a">
         <name>.text.IntDisable</name>
         <load_address>0x2000e720</load_address>
         <run_address>0x2000e720</run_address>
         <size>0xc8</size>
         <input_file_ref idref="fl-2c"/>
      </object_component>
      <object_component id="oc-273">
         <name>.text.IntEnable</name>
         <load_address>0x2000e7e8</load_address>
         <run_address>0x2000e7e8</run_address>
         <size>0xc8</size>
         <input_file_ref idref="fl-2c"/>
      </object_component>
      <object_component id="oc-1e7">
         <name>.text.UART2CC32XX_initHw</name>
         <load_address>0x2000e8b0</load_address>
         <run_address>0x2000e8b0</run_address>
         <size>0xc4</size>
         <input_file_ref idref="fl-1d"/>
      </object_component>
      <object_component id="oc-28d">
         <name>.text.UART2Support_dmaStartTx</name>
         <load_address>0x2000e974</load_address>
         <run_address>0x2000e974</run_address>
         <size>0xb8</size>
         <input_file_ref idref="fl-1d"/>
      </object_component>
      <object_component id="oc-ed">
         <name>.text.readTemp</name>
         <load_address>0x2000ea2c</load_address>
         <run_address>0x2000ea2c</run_address>
         <size>0xb4</size>
         <input_file_ref idref="fl-1"/>
      </object_component>
      <object_component id="oc-2e5">
         <name>.text</name>
         <load_address>0x2000eae0</load_address>
         <run_address>0x2000eae0</run_address>
         <size>0xb0</size>
         <input_file_ref idref="fl-b2"/>
      </object_component>
      <object_component id="oc-226">
         <name>.text.GPIOIntTypeSet</name>
         <load_address>0x2000eb90</load_address>
         <run_address>0x2000eb90</run_address>
         <size>0xac</size>
         <input_file_ref idref="fl-29"/>
      </object_component>
      <object_component id="oc-36e">
         <name>.text.IntPendSet</name>
         <load_address>0x2000ec3c</load_address>
         <run_address>0x2000ec3c</run_address>
         <size>0xa4</size>
         <input_file_ref idref="fl-2c"/>
      </object_component>
      <object_component id="oc-194">
         <name>.text.PinConfigSet</name>
         <load_address>0x2000ece0</load_address>
         <run_address>0x2000ece0</run_address>
         <size>0xa2</size>
         <input_file_ref idref="fl-2d"/>
      </object_component>
      <object_component id="oc-2a0">
         <name>.text.I2CCC32XX_completeTransfer</name>
         <load_address>0x2000ed82</load_address>
         <run_address>0x2000ed82</run_address>
         <size>0x9c</size>
         <input_file_ref idref="fl-17"/>
      </object_component>
      <object_component id="oc-1b4">
         <name>.text.PowerCC32XX_initPolicy</name>
         <load_address>0x2000ee1e</load_address>
         <run_address>0x2000ee1e</run_address>
         <size>0x2</size>
         <input_file_ref idref="fl-25"/>
      </object_component>
      <object_component id="oc-ec">
         <name>.text.initTimer</name>
         <load_address>0x2000ee20</load_address>
         <run_address>0x2000ee20</run_address>
         <size>0x9c</size>
         <input_file_ref idref="fl-1"/>
      </object_component>
      <object_component id="oc-291">
         <name>.text.I2CMasterInitExpClk</name>
         <load_address>0x2000eebc</load_address>
         <run_address>0x2000eebc</run_address>
         <size>0x98</size>
         <input_file_ref idref="fl-2b"/>
      </object_component>
      <object_component id="oc-137">
         <name>.text.SemaphoreP_pend</name>
         <load_address>0x2000ef54</load_address>
         <run_address>0x2000ef54</run_address>
         <size>0x98</size>
         <input_file_ref idref="fl-22"/>
      </object_component>
      <object_component id="oc-248">
         <name>.text.ClockP_doTick</name>
         <load_address>0x2000efec</load_address>
         <run_address>0x2000efec</run_address>
         <size>0x4</size>
         <input_file_ref idref="fl-23"/>
      </object_component>
      <object_component id="oc-2f1">
         <name>.text</name>
         <load_address>0x2000eff0</load_address>
         <run_address>0x2000eff0</run_address>
         <size>0x96</size>
         <input_file_ref idref="fl-19"/>
      </object_component>
      <object_component id="oc-26c">
         <name>.text.uDMAChannelAttributeDisable</name>
         <load_address>0x2000f086</load_address>
         <run_address>0x2000f086</run_address>
         <size>0x92</size>
         <input_file_ref idref="fl-33"/>
      </object_component>
      <object_component id="oc-d2">
         <name>.text.GPIO_init</name>
         <load_address>0x2000f118</load_address>
         <run_address>0x2000f118</run_address>
         <size>0x90</size>
         <input_file_ref idref="fl-15"/>
      </object_component>
      <object_component id="oc-116">
         <name>.text.PRCMSysResetCauseGet</name>
         <load_address>0x2000f1a8</load_address>
         <run_address>0x2000f1a8</run_address>
         <size>0x8e</size>
         <input_file_ref idref="fl-2e"/>
      </object_component>
      <object_component id="oc-27c">
         <name>.text.SemaphoreP_destruct</name>
         <load_address>0x2000f236</load_address>
         <run_address>0x2000f236</run_address>
         <size>0x2</size>
         <input_file_ref idref="fl-22"/>
      </object_component>
      <object_component id="oc-128">
         <name>.text.PowerCC32XX_configureWakeup</name>
         <load_address>0x2000f238</load_address>
         <run_address>0x2000f238</run_address>
         <size>0x88</size>
         <input_file_ref idref="fl-18"/>
      </object_component>
      <object_component id="oc-103">
         <name>.text.TickFct_Temp</name>
         <load_address>0x2000f2c0</load_address>
         <run_address>0x2000f2c0</run_address>
         <size>0x80</size>
         <input_file_ref idref="fl-1"/>
      </object_component>
      <object_component id="oc-29d">
         <name>.text.I2CCC32XX_primeReadBurst</name>
         <load_address>0x2000f340</load_address>
         <run_address>0x2000f340</run_address>
         <size>0x7a</size>
         <input_file_ref idref="fl-17"/>
      </object_component>
      <object_component id="oc-16c">
         <name>.text.Timer_init</name>
         <load_address>0x2000f3ba</load_address>
         <run_address>0x2000f3ba</run_address>
         <size>0x2</size>
         <input_file_ref idref="fl-1a"/>
      </object_component>
      <object_component id="oc-cd">
         <name>.text.Power_init</name>
         <load_address>0x2000f3bc</load_address>
         <run_address>0x2000f3bc</run_address>
         <size>0x78</size>
         <input_file_ref idref="fl-18"/>
      </object_component>
      <object_component id="oc-1e9">
         <name>.text.HwiP_construct</name>
         <load_address>0x2000f434</load_address>
         <run_address>0x2000f434</run_address>
         <size>0x74</size>
         <input_file_ref idref="fl-24"/>
      </object_component>
      <object_component id="oc-1b1">
         <name>.text.PRCMHibernateWakeUpGPIOSelect</name>
         <load_address>0x2000f4a8</load_address>
         <run_address>0x2000f4a8</run_address>
         <size>0x74</size>
         <input_file_ref idref="fl-2e"/>
      </object_component>
      <object_component id="oc-261">
         <name>.text.UARTConfigSetExpClk</name>
         <load_address>0x2000f51c</load_address>
         <run_address>0x2000f51c</run_address>
         <size>0x74</size>
         <input_file_ref idref="fl-32"/>
      </object_component>
      <object_component id="oc-2ef">
         <name>.text.PinLockLevelSet</name>
         <load_address>0x2000f590</load_address>
         <run_address>0x2000f590</run_address>
         <size>0x6c</size>
         <input_file_ref idref="fl-2d"/>
      </object_component>
      <object_component id="oc-195">
         <name>.text.Power_setDependency</name>
         <load_address>0x2000f5fc</load_address>
         <run_address>0x2000f5fc</run_address>
         <size>0x6c</size>
         <input_file_ref idref="fl-18"/>
      </object_component>
      <object_component id="oc-1e5">
         <name>.text.UDMACC32XX_open</name>
         <load_address>0x2000f668</load_address>
         <run_address>0x2000f668</run_address>
         <size>0x6c</size>
         <input_file_ref idref="fl-20"/>
      </object_component>
      <object_component id="oc-13e">
         <name>.text.powerNotifyFxn</name>
         <load_address>0x2000f6d4</load_address>
         <run_address>0x2000f6d4</run_address>
         <size>0x6c</size>
         <input_file_ref idref="fl-15"/>
      </object_component>
      <object_component id="oc-35a">
         <name>.text.split</name>
         <load_address>0x2000f740</load_address>
         <run_address>0x2000f740</run_address>
         <size>0x6c</size>
         <input_file_ref idref="fl-42"/>
      </object_component>
      <object_component id="oc-11e">
         <name>.text.PRCMPeripheralReset</name>
         <load_address>0x2000f7ac</load_address>
         <run_address>0x2000f7ac</run_address>
         <size>0x6a</size>
         <input_file_ref idref="fl-2e"/>
      </object_component>
      <object_component id="oc-18">
         <name>.text:decompress:lzss</name>
         <load_address>0x2000f816</load_address>
         <run_address>0x2000f816</run_address>
         <size>0x6a</size>
         <input_file_ref idref="fl-46"/>
      </object_component>
      <object_component id="oc-1fb">
         <name>.text.I2CCC32XX_initHw</name>
         <load_address>0x2000f880</load_address>
         <run_address>0x2000f880</run_address>
         <size>0x68</size>
         <input_file_ref idref="fl-17"/>
      </object_component>
      <object_component id="oc-270">
         <name>.text.IntPendClear</name>
         <load_address>0x2000f8e8</load_address>
         <run_address>0x2000f8e8</run_address>
         <size>0x68</size>
         <input_file_ref idref="fl-2c"/>
      </object_component>
      <object_component id="oc-29e">
         <name>.text.I2CCC32XX_primeWriteBurst</name>
         <load_address>0x2000f950</load_address>
         <run_address>0x2000f950</run_address>
         <size>0x66</size>
         <input_file_ref idref="fl-17"/>
      </object_component>
      <object_component id="oc-1ee">
         <name>.text.UART2CC32XX_eventCallback</name>
         <load_address>0x2000f9b6</load_address>
         <run_address>0x2000f9b6</run_address>
         <size>0x2</size>
         <input_file_ref idref="fl-1d"/>
      </object_component>
      <object_component id="oc-19e">
         <name>.text.GPIO_write</name>
         <load_address>0x2000f9b8</load_address>
         <run_address>0x2000f9b8</run_address>
         <size>0x60</size>
         <input_file_ref idref="fl-15"/>
      </object_component>
      <object_component id="oc-28c">
         <name>.text.UART2Support_dmaStopTx</name>
         <load_address>0x2000fa18</load_address>
         <run_address>0x2000fa18</run_address>
         <size>0x60</size>
         <input_file_ref idref="fl-1d"/>
      </object_component>
      <object_component id="oc-369">
         <name>.text.FlashDisable</name>
         <load_address>0x2000fa78</load_address>
         <run_address>0x2000fa78</run_address>
         <size>0x5c</size>
         <input_file_ref idref="fl-35"/>
      </object_component>
      <object_component id="oc-2a3">
         <name>.text.I2CSupport_primeTransfer</name>
         <load_address>0x2000fad4</load_address>
         <run_address>0x2000fad4</run_address>
         <size>0x5c</size>
         <input_file_ref idref="fl-17"/>
      </object_component>
      <object_component id="oc-1b3">
         <name>.text.PRCMHibernateWakeupSourceDisable</name>
         <load_address>0x2000fb30</load_address>
         <run_address>0x2000fb30</run_address>
         <size>0x5c</size>
         <input_file_ref idref="fl-2e"/>
      </object_component>
      <object_component id="oc-20a">
         <name>.text.TimerCC32XX_allocateTimerResource</name>
         <load_address>0x2000fb8c</load_address>
         <run_address>0x2000fb8c</run_address>
         <size>0x5c</size>
         <input_file_ref idref="fl-1b"/>
      </object_component>
      <object_component id="oc-11d">
         <name>.text.PRCMPeripheralClkEnable</name>
         <load_address>0x2000fbe8</load_address>
         <run_address>0x2000fbe8</run_address>
         <size>0x5a</size>
         <input_file_ref idref="fl-2e"/>
      </object_component>
      <object_component id="oc-35d">
         <name>.text.__aeabi_ldiv0</name>
         <load_address>0x2000fc42</load_address>
         <run_address>0x2000fc42</run_address>
         <size>0x2</size>
         <input_file_ref idref="fl-b4"/>
      </object_component>
      <object_component id="oc-2e3">
         <name>.text.ClockP_startup</name>
         <load_address>0x2000fc44</load_address>
         <run_address>0x2000fc44</run_address>
         <size>0x58</size>
         <input_file_ref idref="fl-23"/>
      </object_component>
      <object_component id="oc-272">
         <name>.text.IntPrioritySet</name>
         <load_address>0x2000fc9c</load_address>
         <run_address>0x2000fc9c</run_address>
         <size>0x58</size>
         <input_file_ref idref="fl-2c"/>
      </object_component>
      <object_component id="oc-e4">
         <name>.text.initUART</name>
         <load_address>0x2000fcf4</load_address>
         <run_address>0x2000fcf4</run_address>
         <size>0x58</size>
         <input_file_ref idref="fl-1"/>
      </object_component>
      <object_component id="oc-2fb">
         <name>.text.PRCMLPDSEnter</name>
         <load_address>0x2000fd4c</load_address>
         <run_address>0x2000fd4c</run_address>
         <size>0x56</size>
         <input_file_ref idref="fl-2e"/>
      </object_component>
      <object_component id="oc-19f">
         <name>.text._nop</name>
         <load_address>0x2000fda2</load_address>
         <run_address>0x2000fda2</run_address>
         <size>0x2</size>
         <input_file_ref idref="fl-4e"/>
      </object_component>
      <object_component id="oc-1d3">
         <name>.text.PowerCC32XX_setParkState</name>
         <load_address>0x2000fda4</load_address>
         <run_address>0x2000fda4</run_address>
         <size>0x54</size>
         <input_file_ref idref="fl-18"/>
      </object_component>
      <object_component id="oc-27f">
         <name>.text.Power_releaseDependency</name>
         <load_address>0x2000fdf8</load_address>
         <run_address>0x2000fdf8</run_address>
         <size>0x54</size>
         <input_file_ref idref="fl-18"/>
      </object_component>
      <object_component id="oc-19d">
         <name>.text.GPIO_hwiIntFxn</name>
         <load_address>0x2000fe4c</load_address>
         <run_address>0x2000fe4c</run_address>
         <size>0x50</size>
         <input_file_ref idref="fl-15"/>
      </object_component>
      <object_component id="oc-1b2">
         <name>.text.PRCMHibernateWakeupSourceEnable</name>
         <load_address>0x2000fe9c</load_address>
         <run_address>0x2000fe9c</run_address>
         <size>0x50</size>
         <input_file_ref idref="fl-2e"/>
      </object_component>
      <object_component id="oc-24a">
         <name>.text.SemaphoreP_construct</name>
         <load_address>0x2000feec</load_address>
         <run_address>0x2000feec</run_address>
         <size>0x50</size>
         <input_file_ref idref="fl-22"/>
      </object_component>
      <object_component id="oc-26b">
         <name>.text.uDMAChannelAssign</name>
         <load_address>0x2000ff3c</load_address>
         <run_address>0x2000ff3c</run_address>
         <size>0x4e</size>
         <input_file_ref idref="fl-33"/>
      </object_component>
      <object_component id="oc-4e">
         <name>.text.busFaultHandler</name>
         <load_address>0x2000ff8a</load_address>
         <run_address>0x2000ff8a</run_address>
         <size>0x2</size>
         <input_file_ref idref="fl-26"/>
      </object_component>
      <object_component id="oc-19a">
         <name>.text.GPIO_setInterruptConfig</name>
         <load_address>0x2000ff8c</load_address>
         <run_address>0x2000ff8c</run_address>
         <size>0x4c</size>
         <input_file_ref idref="fl-15"/>
      </object_component>
      <object_component id="oc-367">
         <name>.text.PRCMLPDSRestoreInfoSet</name>
         <load_address>0x2000ffd8</load_address>
         <run_address>0x2000ffd8</run_address>
         <size>0x4c</size>
         <input_file_ref idref="fl-2e"/>
      </object_component>
      <object_component id="oc-20e">
         <name>.text.initHw</name>
         <load_address>0x20010024</load_address>
         <run_address>0x20010024</run_address>
         <size>0x4c</size>
         <input_file_ref idref="fl-1b"/>
      </object_component>
      <object_component id="oc-288">
         <name>.text.UART2Support_dmaStopRx</name>
         <load_address>0x20010070</load_address>
         <run_address>0x20010070</run_address>
         <size>0x4a</size>
         <input_file_ref idref="fl-1d"/>
      </object_component>
      <object_component id="oc-20d">
         <name>.text.getPrescaler</name>
         <load_address>0x200100ba</load_address>
         <run_address>0x200100ba</run_address>
         <size>0x4a</size>
         <input_file_ref idref="fl-1b"/>
      </object_component>
      <object_component id="oc-311">
         <name>.text.uDMAChannelSizeGet</name>
         <load_address>0x20010104</load_address>
         <run_address>0x20010104</run_address>
         <size>0x4a</size>
         <input_file_ref idref="fl-33"/>
      </object_component>
      <object_component id="oc-1c7">
         <name>.text.clkFxn</name>
         <load_address>0x2001014e</load_address>
         <run_address>0x2001014e</run_address>
         <size>0x2</size>
         <input_file_ref idref="fl-22"/>
      </object_component>
      <object_component id="oc-4f">
         <name>.text.ClockP_sysTickHandler</name>
         <load_address>0x20010150</load_address>
         <run_address>0x20010150</run_address>
         <size>0x48</size>
         <input_file_ref idref="fl-23"/>
      </object_component>
      <object_component id="oc-2f5">
         <name>.text.PRCMIntEnable</name>
         <load_address>0x20010198</load_address>
         <run_address>0x20010198</run_address>
         <size>0x48</size>
         <input_file_ref idref="fl-2e"/>
      </object_component>
      <object_component id="oc-224">
         <name>.text.PRCMPeripheralStatusGet</name>
         <load_address>0x200101e0</load_address>
         <run_address>0x200101e0</run_address>
         <size>0x48</size>
         <input_file_ref idref="fl-2e"/>
      </object_component>
      <object_component id="oc-364">
         <name>.text.PinConfigGet</name>
         <load_address>0x20010228</load_address>
         <run_address>0x20010228</run_address>
         <size>0x48</size>
         <input_file_ref idref="fl-2d"/>
      </object_component>
      <object_component id="oc-2c2">
         <name>.text.atoi</name>
         <load_address>0x20010270</load_address>
         <run_address>0x20010270</run_address>
         <size>0x48</size>
         <input_file_ref idref="fl-52"/>
      </object_component>
      <object_component id="oc-185">
         <name>.text</name>
         <load_address>0x200102b8</load_address>
         <run_address>0x200102b8</run_address>
         <size>0x48</size>
         <input_file_ref idref="fl-ac"/>
      </object_component>
      <object_component id="oc-29c">
         <name>.text.I2CCC32XX_fillTransmitFifo</name>
         <load_address>0x20010300</load_address>
         <run_address>0x20010300</run_address>
         <size>0x46</size>
         <input_file_ref idref="fl-17"/>
      </object_component>
      <object_component id="oc-2fa">
         <name>.text.PRCMLPDSEnterKeepDebugIf</name>
         <load_address>0x20010346</load_address>
         <run_address>0x20010346</run_address>
         <size>0x46</size>
         <input_file_ref idref="fl-2e"/>
      </object_component>
      <object_component id="oc-30f">
         <name>.text.RingBuf_put</name>
         <load_address>0x2001038c</load_address>
         <run_address>0x2001038c</run_address>
         <size>0x46</size>
         <input_file_ref idref="fl-1f"/>
      </object_component>
      <object_component id="oc-198">
         <name>.text.GPIODirModeSet</name>
         <load_address>0x200103d2</load_address>
         <run_address>0x200103d2</run_address>
         <size>0x44</size>
         <input_file_ref idref="fl-29"/>
      </object_component>
      <object_component id="oc-4d">
         <name>.text.defaultHandler</name>
         <load_address>0x20010416</load_address>
         <run_address>0x20010416</run_address>
         <size>0x2</size>
         <input_file_ref idref="fl-26"/>
      </object_component>
      <object_component id="oc-227">
         <name>.text.GPIO_disableInt</name>
         <load_address>0x20010418</load_address>
         <run_address>0x20010418</run_address>
         <size>0x44</size>
         <input_file_ref idref="fl-15"/>
      </object_component>
      <object_component id="oc-eb">
         <name>.text.GPIO_enableInt</name>
         <load_address>0x2001045c</load_address>
         <run_address>0x2001045c</run_address>
         <size>0x44</size>
         <input_file_ref idref="fl-15"/>
      </object_component>
      <object_component id="oc-28b">
         <name>.text.Power_releaseConstraint</name>
         <load_address>0x200104a0</load_address>
         <run_address>0x200104a0</run_address>
         <size>0x44</size>
         <input_file_ref idref="fl-18"/>
      </object_component>
      <object_component id="oc-104">
         <name>.text.TickFct_Buttons</name>
         <load_address>0x200104e4</load_address>
         <run_address>0x200104e4</run_address>
         <size>0x44</size>
         <input_file_ref idref="fl-1"/>
      </object_component>
      <object_component id="oc-179">
         <name>.text.Timer_start</name>
         <load_address>0x20010528</load_address>
         <run_address>0x20010528</run_address>
         <size>0x44</size>
         <input_file_ref idref="fl-1a"/>
      </object_component>
      <object_component id="oc-73">
         <name>.text.addToList</name>
         <load_address>0x2001056c</load_address>
         <run_address>0x2001056c</run_address>
         <size>0x44</size>
         <input_file_ref idref="fl-23"/>
      </object_component>
      <object_component id="oc-ee">
         <name>.text.snprintf</name>
         <load_address>0x200105b0</load_address>
         <run_address>0x200105b0</run_address>
         <size>0x44</size>
         <input_file_ref idref="fl-41"/>
      </object_component>
      <object_component id="oc-125">
         <name>.text.PinModeSet</name>
         <load_address>0x200105f4</load_address>
         <run_address>0x200105f4</run_address>
         <size>0x42</size>
         <input_file_ref idref="fl-2d"/>
      </object_component>
      <object_component id="oc-2b3">
         <name>.text.TimerControlStall</name>
         <load_address>0x20010636</load_address>
         <run_address>0x20010636</run_address>
         <size>0x42</size>
         <input_file_ref idref="fl-31"/>
      </object_component>
      <object_component id="oc-20c">
         <name>.text.Timer_close</name>
         <load_address>0x20010678</load_address>
         <run_address>0x20010678</run_address>
         <size>0x42</size>
         <input_file_ref idref="fl-1b"/>
      </object_component>
      <object_component id="oc-236">
         <name>.text.getCountsRTC</name>
         <load_address>0x200106ba</load_address>
         <run_address>0x200106ba</run_address>
         <size>0x42</size>
         <input_file_ref idref="fl-25"/>
      </object_component>
      <object_component id="oc-139">
         <name>.text.SemaphoreP_post</name>
         <load_address>0x200106fc</load_address>
         <run_address>0x200106fc</run_address>
         <size>0x40</size>
         <input_file_ref idref="fl-22"/>
      </object_component>
      <object_component id="oc-2a9">
         <name>.text.Timer_stop</name>
         <load_address>0x2001073c</load_address>
         <run_address>0x2001073c</run_address>
         <size>0x40</size>
         <input_file_ref idref="fl-1a"/>
      </object_component>
      <object_component id="oc-314">
         <name>.text.uDMAChannelControlSet</name>
         <load_address>0x2001077c</load_address>
         <run_address>0x2001077c</run_address>
         <size>0x40</size>
         <input_file_ref idref="fl-33"/>
      </object_component>
      <object_component id="oc-366">
         <name>.text.PinDirModeSet</name>
         <load_address>0x200107bc</load_address>
         <run_address>0x200107bc</run_address>
         <size>0x3e</size>
         <input_file_ref idref="fl-2d"/>
      </object_component>
      <object_component id="oc-4c">
         <name>.text.faultISR</name>
         <load_address>0x200107fa</load_address>
         <run_address>0x200107fa</run_address>
         <size>0x2</size>
         <input_file_ref idref="fl-26"/>
      </object_component>
      <object_component id="oc-24e">
         <name>.text.ClockP_stop</name>
         <load_address>0x200107fc</load_address>
         <run_address>0x200107fc</run_address>
         <size>0x3c</size>
         <input_file_ref idref="fl-23"/>
      </object_component>
      <object_component id="oc-1e0">
         <name>.text.UDMACC32XX_init</name>
         <load_address>0x20010838</load_address>
         <run_address>0x20010838</run_address>
         <size>0x3c</size>
         <input_file_ref idref="fl-20"/>
      </object_component>
      <object_component id="oc-216">
         <name>.text.TimerSupport_timerEnable</name>
         <load_address>0x20010874</load_address>
         <run_address>0x20010874</run_address>
         <size>0x3a</size>
         <input_file_ref idref="fl-1b"/>
      </object_component>
      <object_component id="oc-4b">
         <name>.text.nmiISR</name>
         <load_address>0x200108ae</load_address>
         <run_address>0x200108ae</run_address>
         <size>0x2</size>
         <input_file_ref idref="fl-26"/>
      </object_component>
      <object_component id="oc-1c6">
         <name>.text.ClockP_destruct</name>
         <load_address>0x200108b0</load_address>
         <run_address>0x200108b0</run_address>
         <size>0x38</size>
         <input_file_ref idref="fl-23"/>
      </object_component>
      <object_component id="oc-2b8">
         <name>.text.Power_setConstraint</name>
         <load_address>0x200108e8</load_address>
         <run_address>0x200108e8</run_address>
         <size>0x38</size>
         <input_file_ref idref="fl-18"/>
      </object_component>
      <object_component id="oc-2d9">
         <name>.text.RingBuf_putAdvance</name>
         <load_address>0x20010920</load_address>
         <run_address>0x20010920</run_address>
         <size>0x38</size>
         <input_file_ref idref="fl-1f"/>
      </object_component>
      <object_component id="oc-247">
         <name>.text.SwiP_restore</name>
         <load_address>0x20010958</load_address>
         <run_address>0x20010958</run_address>
         <size>0x38</size>
         <input_file_ref idref="fl-27"/>
      </object_component>
      <object_component id="oc-27d">
         <name>.text.UDMACC32XX_close</name>
         <load_address>0x20010990</load_address>
         <run_address>0x20010990</run_address>
         <size>0x38</size>
         <input_file_ref idref="fl-20"/>
      </object_component>
      <object_component id="oc-17b">
         <name>.text.timerCallback</name>
         <load_address>0x200109c8</load_address>
         <run_address>0x200109c8</run_address>
         <size>0x38</size>
         <input_file_ref idref="fl-1"/>
      </object_component>
      <object_component id="oc-b5">
         <name>.text:__TI_auto_init_nobinit_nopinit</name>
         <load_address>0x20010a00</load_address>
         <run_address>0x20010a00</run_address>
         <size>0x38</size>
         <input_file_ref idref="fl-55"/>
      </object_component>
      <object_component id="oc-2f0">
         <name>.text.PinLock</name>
         <load_address>0x20010a38</load_address>
         <run_address>0x20010a38</run_address>
         <size>0x36</size>
         <input_file_ref idref="fl-2d"/>
      </object_component>
      <object_component id="oc-213">
         <name>.text.TimerCC32XX_hwiIntFunction</name>
         <load_address>0x20010a6e</load_address>
         <run_address>0x20010a6e</run_address>
         <size>0x36</size>
         <input_file_ref idref="fl-1b"/>
      </object_component>
      <object_component id="oc-358">
         <name>.text.UARTCharPutNonBlocking</name>
         <load_address>0x20010aa4</load_address>
         <run_address>0x20010aa4</run_address>
         <size>0x36</size>
         <input_file_ref idref="fl-32"/>
      </object_component>
      <object_component id="oc-1c3">
         <name>.text.ClockP_start</name>
         <load_address>0x20010adc</load_address>
         <run_address>0x20010adc</run_address>
         <size>0x34</size>
         <input_file_ref idref="fl-23"/>
      </object_component>
      <object_component id="oc-31b">
         <name>.text.I2CFIFODataPutNonBlocking</name>
         <load_address>0x20010b10</load_address>
         <run_address>0x20010b10</run_address>
         <size>0x34</size>
         <input_file_ref idref="fl-2b"/>
      </object_component>
      <object_component id="oc-365">
         <name>.text.PinDirModeGet</name>
         <load_address>0x20010b44</load_address>
         <run_address>0x20010b44</run_address>
         <size>0x34</size>
         <input_file_ref idref="fl-2d"/>
      </object_component>
      <object_component id="oc-120">
         <name>.text.PinModeGet</name>
         <load_address>0x20010b78</load_address>
         <run_address>0x20010b78</run_address>
         <size>0x34</size>
         <input_file_ref idref="fl-2d"/>
      </object_component>
      <object_component id="oc-2ee">
         <name>.text.PowerCC32XX_parkPin</name>
         <load_address>0x20010bac</load_address>
         <run_address>0x20010bac</run_address>
         <size>0x34</size>
         <input_file_ref idref="fl-18"/>
      </object_component>
      <object_component id="oc-2ab">
         <name>.text.TimerCC32XX_freeTimerResource</name>
         <load_address>0x20010be0</load_address>
         <run_address>0x20010be0</run_address>
         <size>0x34</size>
         <input_file_ref idref="fl-1b"/>
      </object_component>
      <object_component id="oc-279">
         <name>.text.UART2_rxDisable</name>
         <load_address>0x20010c14</load_address>
         <run_address>0x20010c14</run_address>
         <size>0x34</size>
         <input_file_ref idref="fl-1c"/>
      </object_component>
      <object_component id="oc-46">
         <name>.text.initVectors</name>
         <load_address>0x20010c48</load_address>
         <run_address>0x20010c48</run_address>
         <size>0x34</size>
         <input_file_ref idref="fl-26"/>
      </object_component>
      <object_component id="oc-233">
         <name>.text.ClockP_getTicksUntilInterrupt</name>
         <load_address>0x20010c7c</load_address>
         <run_address>0x20010c7c</run_address>
         <size>0x30</size>
         <input_file_ref idref="fl-23"/>
      </object_component>
      <object_component id="oc-29b">
         <name>.text.I2CFIFODataGetNonBlocking</name>
         <load_address>0x20010cac</load_address>
         <run_address>0x20010cac</run_address>
         <size>0x30</size>
         <input_file_ref idref="fl-2b"/>
      </object_component>
      <object_component id="oc-240">
         <name>.text.PRCMLPDSIntervalSet</name>
         <load_address>0x20010cdc</load_address>
         <run_address>0x20010cdc</run_address>
         <size>0x30</size>
         <input_file_ref idref="fl-2e"/>
      </object_component>
      <object_component id="oc-2e4">
         <name>.text.PRCMSlowClkCtrFastGet</name>
         <load_address>0x20010d0c</load_address>
         <run_address>0x20010d0c</run_address>
         <size>0x30</size>
         <input_file_ref idref="fl-2e"/>
      </object_component>
      <object_component id="oc-2b2">
         <name>.text.TimerLoadSet</name>
         <load_address>0x20010d3c</load_address>
         <run_address>0x20010d3c</run_address>
         <size>0x30</size>
         <input_file_ref idref="fl-31"/>
      </object_component>
      <object_component id="oc-2b1">
         <name>.text.TimerPrescaleSet</name>
         <load_address>0x20010d6c</load_address>
         <run_address>0x20010d6c</run_address>
         <size>0x30</size>
         <input_file_ref idref="fl-31"/>
      </object_component>
      <object_component id="oc-18a">
         <name>.text._outs</name>
         <load_address>0x20010d9c</load_address>
         <run_address>0x20010d9c</run_address>
         <size>0x30</size>
         <input_file_ref idref="fl-41"/>
      </object_component>
      <object_component id="oc-2ec">
         <name>.text.notify</name>
         <load_address>0x20010dcc</load_address>
         <run_address>0x20010dcc</run_address>
         <size>0x30</size>
         <input_file_ref idref="fl-18"/>
      </object_component>
      <object_component id="oc-229">
         <name>.text.GPIOIntStatus</name>
         <load_address>0x20010dfc</load_address>
         <run_address>0x20010dfc</run_address>
         <size>0x2e</size>
         <input_file_ref idref="fl-29"/>
      </object_component>
      <object_component id="oc-318">
         <name>.text.RingBuf_getConsume</name>
         <load_address>0x20010e2a</load_address>
         <run_address>0x20010e2a</run_address>
         <size>0x2e</size>
         <input_file_ref idref="fl-1f"/>
      </object_component>
      <object_component id="oc-2d8">
         <name>.text.RingBuf_putPointer</name>
         <load_address>0x20010e58</load_address>
         <run_address>0x20010e58</run_address>
         <size>0x2e</size>
         <input_file_ref idref="fl-1f"/>
      </object_component>
      <object_component id="oc-27a">
         <name>.text.UARTDisable</name>
         <load_address>0x20010e86</load_address>
         <run_address>0x20010e86</run_address>
         <size>0x2e</size>
         <input_file_ref idref="fl-32"/>
      </object_component>
      <object_component id="oc-17d">
         <name>.text</name>
         <load_address>0x20010eb4</load_address>
         <run_address>0x20010eb4</run_address>
         <size>0x2e</size>
         <input_file_ref idref="fl-ad"/>
      </object_component>
      <object_component id="oc-29a">
         <name>.text.I2CMasterIntStatusEx</name>
         <load_address>0x20010ee2</load_address>
         <run_address>0x20010ee2</run_address>
         <size>0x2c</size>
         <input_file_ref idref="fl-2b"/>
      </object_component>
      <object_component id="oc-285">
         <name>.text.UART2CC32XX_getRxData</name>
         <load_address>0x20010f0e</load_address>
         <run_address>0x20010f0e</run_address>
         <size>0x2c</size>
         <input_file_ref idref="fl-1d"/>
      </object_component>
      <object_component id="oc-197">
         <name>.text.HwiP_create</name>
         <load_address>0x20010f3a</load_address>
         <run_address>0x20010f3a</run_address>
         <size>0x2a</size>
         <input_file_ref idref="fl-24"/>
      </object_component>
      <object_component id="oc-1b0">
         <name>.text.PRCMLPDSWakeUpGPIOSelect</name>
         <load_address>0x20010f64</load_address>
         <run_address>0x20010f64</run_address>
         <size>0x2a</size>
         <input_file_ref idref="fl-2e"/>
      </object_component>
      <object_component id="oc-11f">
         <name>.text.PRCMPeripheralClkDisable</name>
         <load_address>0x20010f8e</load_address>
         <run_address>0x20010f8e</run_address>
         <size>0x2a</size>
         <input_file_ref idref="fl-2e"/>
      </object_component>
      <object_component id="oc-284">
         <name>.text.UARTIntStatus</name>
         <load_address>0x20010fb8</load_address>
         <run_address>0x20010fb8</run_address>
         <size>0x2a</size>
         <input_file_ref idref="fl-32"/>
      </object_component>
      <object_component id="oc-320">
         <name>.text.I2CMasterBusBusy</name>
         <load_address>0x20010fe2</load_address>
         <run_address>0x20010fe2</run_address>
         <size>0x28</size>
         <input_file_ref idref="fl-2b"/>
      </object_component>
      <object_component id="oc-31c">
         <name>.text.I2CMasterSlaveAddrSet</name>
         <load_address>0x2001100a</load_address>
         <run_address>0x2001100a</run_address>
         <size>0x28</size>
         <input_file_ref idref="fl-2b"/>
      </object_component>
      <object_component id="oc-295">
         <name>.text.I2CTxFIFOConfigSet</name>
         <load_address>0x20011032</load_address>
         <run_address>0x20011032</run_address>
         <size>0x28</size>
         <input_file_ref idref="fl-2b"/>
      </object_component>
      <object_component id="oc-2a6">
         <name>.text.I2C_cancel</name>
         <load_address>0x2001105a</load_address>
         <run_address>0x2001105a</run_address>
         <size>0x28</size>
         <input_file_ref idref="fl-16"/>
      </object_component>
      <object_component id="oc-30c">
         <name>.text.List_remove</name>
         <load_address>0x20011082</load_address>
         <run_address>0x20011082</run_address>
         <size>0x28</size>
         <input_file_ref idref="fl-1e"/>
      </object_component>
      <object_component id="oc-2ed">
         <name>.text.PRCMSRAMRetentionEnable</name>
         <load_address>0x200110aa</load_address>
         <run_address>0x200110aa</run_address>
         <size>0x28</size>
         <input_file_ref idref="fl-2e"/>
      </object_component>
      <object_component id="oc-1de">
         <name>.text.PowerCC32XX_getParkState</name>
         <load_address>0x200110d4</load_address>
         <run_address>0x200110d4</run_address>
         <size>0x28</size>
         <input_file_ref idref="fl-18"/>
      </object_component>
      <object_component id="oc-322">
         <name>.text.TimerSupport_timerDisable</name>
         <load_address>0x200110fc</load_address>
         <run_address>0x200110fc</run_address>
         <size>0x28</size>
         <input_file_ref idref="fl-1b"/>
      </object_component>
      <object_component id="oc-24d">
         <name>.text.free_list_insert</name>
         <load_address>0x20011124</load_address>
         <run_address>0x20011124</run_address>
         <size>0x28</size>
         <input_file_ref idref="fl-42"/>
      </object_component>
      <object_component id="oc-296">
         <name>.text.I2CRxFIFOConfigSet</name>
         <load_address>0x2001114c</load_address>
         <run_address>0x2001114c</run_address>
         <size>0x24</size>
         <input_file_ref idref="fl-2b"/>
      </object_component>
      <object_component id="oc-30b">
         <name>.text.IntUnregister</name>
         <load_address>0x20011170</load_address>
         <run_address>0x20011170</run_address>
         <size>0x24</size>
         <input_file_ref idref="fl-2c"/>
      </object_component>
      <object_component id="oc-1c8">
         <name>.text.List_put</name>
         <load_address>0x20011194</load_address>
         <run_address>0x20011194</run_address>
         <size>0x24</size>
         <input_file_ref idref="fl-1e"/>
      </object_component>
      <object_component id="oc-1ae">
         <name>.text.PRCMLPDSWakeupSourceEnable</name>
         <load_address>0x200111b8</load_address>
         <run_address>0x200111b8</run_address>
         <size>0x24</size>
         <input_file_ref idref="fl-2e"/>
      </object_component>
      <object_component id="oc-280">
         <name>.text.PowerCC32XX_restoreParkState</name>
         <load_address>0x200111dc</load_address>
         <run_address>0x200111dc</run_address>
         <size>0x24</size>
         <input_file_ref idref="fl-18"/>
      </object_component>
      <object_component id="oc-2f7">
         <name>.text.PowerCC32XX_restoreParkedPin</name>
         <load_address>0x20011200</load_address>
         <run_address>0x20011200</run_address>
         <size>0x24</size>
         <input_file_ref idref="fl-18"/>
      </object_component>
      <object_component id="oc-138">
         <name>.text.Power_registerNotify</name>
         <load_address>0x20011224</load_address>
         <run_address>0x20011224</run_address>
         <size>0x24</size>
         <input_file_ref idref="fl-18"/>
      </object_component>
      <object_component id="oc-308">
         <name>.text.UART2Support_disableRx</name>
         <load_address>0x20011248</load_address>
         <run_address>0x20011248</run_address>
         <size>0x24</size>
         <input_file_ref idref="fl-1d"/>
      </object_component>
      <object_component id="oc-6c">
         <name>.text:_c_int00_noargs</name>
         <load_address>0x2001126c</load_address>
         <run_address>0x2001126c</run_address>
         <size>0x24</size>
         <input_file_ref idref="fl-47"/>
      </object_component>
      <object_component id="oc-199">
         <name>.text.GPIOPinWrite</name>
         <load_address>0x20011290</load_address>
         <run_address>0x20011290</run_address>
         <size>0x22</size>
         <input_file_ref idref="fl-29"/>
      </object_component>
      <object_component id="oc-2f6">
         <name>.text.PinUnlock</name>
         <load_address>0x200112b2</load_address>
         <run_address>0x200112b2</run_address>
         <size>0x22</size>
         <input_file_ref idref="fl-2d"/>
      </object_component>
      <object_component id="oc-319">
         <name>.text.RingBuf_getPointer</name>
         <load_address>0x200112d4</load_address>
         <run_address>0x200112d4</run_address>
         <size>0x22</size>
         <input_file_ref idref="fl-1f"/>
      </object_component>
      <object_component id="oc-2db">
         <name>.text.UART2Support_sendData</name>
         <load_address>0x200112f6</load_address>
         <run_address>0x200112f6</run_address>
         <size>0x22</size>
         <input_file_ref idref="fl-1d"/>
      </object_component>
      <object_component id="oc-271">
         <name>.text.IntRegister</name>
         <load_address>0x20011318</load_address>
         <run_address>0x20011318</run_address>
         <size>0x20</size>
         <input_file_ref idref="fl-2c"/>
      </object_component>
      <object_component id="oc-1fa">
         <name>.text.PinTypeI2C</name>
         <load_address>0x20011338</load_address>
         <run_address>0x20011338</run_address>
         <size>0x20</size>
         <input_file_ref idref="fl-2d"/>
      </object_component>
      <object_component id="oc-1d6">
         <name>.text.PowerCC32XX_reset</name>
         <load_address>0x20011358</load_address>
         <run_address>0x20011358</run_address>
         <size>0x20</size>
         <input_file_ref idref="fl-18"/>
      </object_component>
      <object_component id="oc-27e">
         <name>.text.Power_unregisterNotify</name>
         <load_address>0x20011378</load_address>
         <run_address>0x20011378</run_address>
         <size>0x20</size>
         <input_file_ref idref="fl-18"/>
      </object_component>
      <object_component id="oc-1ea">
         <name>.text.SemaphoreP_constructBinary</name>
         <load_address>0x20011398</load_address>
         <run_address>0x20011398</run_address>
         <size>0x20</size>
         <input_file_ref idref="fl-22"/>
      </object_component>
      <object_component id="oc-12e">
         <name>.text.SemaphoreP_createBinary</name>
         <load_address>0x200113b8</load_address>
         <run_address>0x200113b8</run_address>
         <size>0x20</size>
         <input_file_ref idref="fl-22"/>
      </object_component>
      <object_component id="oc-2ac">
         <name>.text.TimerDisable</name>
         <load_address>0x200113d8</load_address>
         <run_address>0x200113d8</run_address>
         <size>0x20</size>
         <input_file_ref idref="fl-31"/>
      </object_component>
      <object_component id="oc-254">
         <name>.text.PinTypeUART</name>
         <load_address>0x200113f8</load_address>
         <run_address>0x200113f8</run_address>
         <size>0x1e</size>
         <input_file_ref idref="fl-2d"/>
      </object_component>
      <object_component id="oc-191">
         <name>.text.UART2_writeTimeout</name>
         <load_address>0x20011416</load_address>
         <run_address>0x20011416</run_address>
         <size>0x1e</size>
         <input_file_ref idref="fl-1c"/>
      </object_component>
      <object_component id="oc-267">
         <name>.text.UARTEnable</name>
         <load_address>0x20011434</load_address>
         <run_address>0x20011434</run_address>
         <size>0x1e</size>
         <input_file_ref idref="fl-32"/>
      </object_component>
      <object_component id="oc-2bb">
         <name>.text.memccpy</name>
         <load_address>0x20011452</load_address>
         <run_address>0x20011452</run_address>
         <size>0x1e</size>
         <input_file_ref idref="fl-54"/>
      </object_component>
      <object_component id="oc-310">
         <name>.text.uDMAChannelDisable</name>
         <load_address>0x20011470</load_address>
         <run_address>0x20011470</run_address>
         <size>0x1e</size>
         <input_file_ref idref="fl-33"/>
      </object_component>
      <object_component id="oc-316">
         <name>.text.uDMAChannelEnable</name>
         <load_address>0x2001148e</load_address>
         <run_address>0x2001148e</run_address>
         <size>0x1e</size>
         <input_file_ref idref="fl-33"/>
      </object_component>
      <object_component id="oc-287">
         <name>.text.uDMAChannelIsEnabled</name>
         <load_address>0x200114ac</load_address>
         <run_address>0x200114ac</run_address>
         <size>0x1e</size>
         <input_file_ref idref="fl-33"/>
      </object_component>
      <object_component id="oc-e6">
         <name>.text.GPIO_setCallback</name>
         <load_address>0x200114cc</load_address>
         <run_address>0x200114cc</run_address>
         <size>0x1c</size>
         <input_file_ref idref="fl-14"/>
      </object_component>
      <object_component id="oc-276">
         <name>.text.HwiP_dispatch</name>
         <load_address>0x200114e8</load_address>
         <run_address>0x200114e8</run_address>
         <size>0x1c</size>
         <input_file_ref idref="fl-24"/>
      </object_component>
      <object_component id="oc-22c">
         <name>.text.SwiP_disable</name>
         <load_address>0x20011504</load_address>
         <run_address>0x20011504</run_address>
         <size>0x1c</size>
         <input_file_ref idref="fl-27"/>
      </object_component>
      <object_component id="oc-24c">
         <name>.text.free_list_remove</name>
         <load_address>0x20011520</load_address>
         <run_address>0x20011520</run_address>
         <size>0x1c</size>
         <input_file_ref idref="fl-42"/>
      </object_component>
      <object_component id="oc-2a7">
         <name>.text.getPowerMgrId</name>
         <load_address>0x2001153c</load_address>
[...]
      </symbol>
      <symbol id="sm-52b">
         <name>PinModeGet</name>
         <value>0x20010b79</value>
         <object_component_ref idref="oc-120"/>
      </symbol>
      <symbol id="sm-52c">
         <name>PinModeSet</name>
         <value>0x200105f5</value>
         <object_component_ref idref="oc-125"/>
      </symbol>
      <symbol id="sm-52d">
         <name>PinToPadGet</name>
         <value>0x200115dd</value>
         <object_component_ref idref="oc-281"/>
      </symbol>
      <symbol id="sm-52e">
         <name>PinTypeI2C</name>
         <value>0x20011339</value>
         <object_component_ref idref="oc-1fa"/>
      </symbol>
      <symbol id="sm-52f">
         <name>PinTypeUART</name>
         <value>0x200113f9</value>
         <object_component_ref idref="oc-254"/>
      </symbol>
      <symbol id="sm-530">
         <name>PinUnlock</name>
         <value>0x200112b3</value>
         <object_component_ref idref="oc-2f6"/>
      </symbol>
      <symbol id="sm-5e2">
         <name>PRCMCC3200MCUInit</name>
         <value>0x2000c885</value>
         <object_component_ref idref="oc-c8"/>
      </symbol>
      <symbol id="sm-5e3">
         <name>PRCMHIBRegRead</name>
         <value>0x2001158f</value>
         <object_component_ref idref="oc-11c"/>
      </symbol>
      <symbol id="sm-5e4">
         <name>PRCMHIBRegWrite</name>
         <value>0x200115a9</value>
         <object_component_ref idref="oc-11b"/>
      </symbol>
      <symbol id="sm-5e5">
         <name>PRCMHibernateWakeUpGPIOSelect</name>
         <value>0x2000f4a9</value>
         <object_component_ref idref="oc-1b1"/>
      </symbol>
      <symbol id="sm-5e6">
         <name>PRCMHibernateWakeupSourceDisable</name>
         <value>0x2000fb31</value>
         <object_component_ref idref="oc-1b3"/>
      </symbol>
      <symbol id="sm-5e7">
         <name>PRCMHibernateWakeupSourceEnable</name>
         <value>0x2000fe9d</value>
         <object_component_ref idref="oc-1b2"/>
      </symbol>
      <symbol id="sm-5e8">
         <name>PRCMIntEnable</name>
         <value>0x20010199</value>
         <object_component_ref idref="oc-2f5"/>
      </symbol>
      <symbol id="sm-5e9">
         <name>PRCMLPDSEnter</name>
         <value>0x2000fd4d</value>
         <object_component_ref idref="oc-2fb"/>
      </symbol>
      <symbol id="sm-5ea">
         <name>PRCMLPDSEnterKeepDebugIf</name>
         <value>0x20010347</value>
         <object_component_ref idref="oc-2fa"/>
      </symbol>
      <symbol id="sm-5eb">
         <name>PRCMLPDSIntervalSet</name>
         <value>0x20010cdd</value>
         <object_component_ref idref="oc-240"/>
      </symbol>
      <symbol id="sm-5ec">
         <name>PRCMLPDSRestoreInfoSet</name>
         <value>0x2000ffd9</value>
         <object_component_ref idref="oc-367"/>
      </symbol>
      <symbol id="sm-5ed">
         <name>PRCMLPDSWakeUpGPIOSelect</name>
         <value>0x20010f65</value>
         <object_component_ref idref="oc-1b0"/>
      </symbol>
      <symbol id="sm-5ee">
         <name>PRCMLPDSWakeupCauseGet</name>
         <value>0x20011b8b</value>
         <object_component_ref idref="oc-2f8"/>
      </symbol>
      <symbol id="sm-5ef">
         <name>PRCMLPDSWakeupSourceDisable</name>
         <value>0x200115c3</value>
         <object_component_ref idref="oc-1af"/>
      </symbol>
      <symbol id="sm-5f0">
         <name>PRCMLPDSWakeupSourceEnable</name>
         <value>0x200111b9</value>
         <object_component_ref idref="oc-1ae"/>
      </symbol>
      <symbol id="sm-5f1">
         <name>PRCMPeripheralClkDisable</name>
         <value>0x20010f8f</value>
         <object_component_ref idref="oc-11f"/>
      </symbol>
      <symbol id="sm-5f2">
         <name>PRCMPeripheralClkEnable</name>
         <value>0x2000fbe9</value>
         <object_component_ref idref="oc-11d"/>
      </symbol>
      <symbol id="sm-5f3">
         <name>PRCMPeripheralReset</name>
         <value>0x2000f7ad</value>
         <object_component_ref idref="oc-11e"/>
      </symbol>
      <symbol id="sm-5f4">
         <name>PRCMPeripheralStatusGet</name>
         <value>0x200101e1</value>
         <object_component_ref idref="oc-224"/>
      </symbol>
      <symbol id="sm-5f5">
         <name>PRCMSRAMRetentionEnable</name>
         <value>0x200110ab</value>
         <object_component_ref idref="oc-2ed"/>
      </symbol>
      <symbol id="sm-5f6">
         <name>PRCMSleepEnter</name>
         <value>0x20011c6b</value>
         <object_component_ref idref="oc-246"/>
      </symbol>
      <symbol id="sm-5f7">
         <name>PRCMSlowClkCtrFastGet</name>
         <value>0x20010d0d</value>
         <object_component_ref idref="oc-2e4"/>
      </symbol>
      <symbol id="sm-5f8">
         <name>PRCMSysResetCauseGet</name>
         <value>0x2000f1a9</value>
         <object_component_ref idref="oc-116"/>
      </symbol>
      <symbol id="sm-616">
         <name>SysTickEnable</name>
         <value>0x2001193d</value>
         <object_component_ref idref="oc-244"/>
      </symbol>
      <symbol id="sm-617">
         <name>SysTickIntDisable</name>
         <value>0x2001194f</value>
         <object_component_ref idref="oc-23b"/>
      </symbol>
      <symbol id="sm-618">
         <name>SysTickIntEnable</name>
         <value>0x20011961</value>
         <object_component_ref idref="oc-245"/>
      </symbol>
      <symbol id="sm-619">
         <name>SysTickPeriodSet</name>
         <value>0x200116fb</value>
         <object_component_ref idref="oc-243"/>
      </symbol>
      <symbol id="sm-658">
         <name>TimerControlStall</name>
         <value>0x20010637</value>
         <object_component_ref idref="oc-2b3"/>
      </symbol>
      <symbol id="sm-659">
         <name>TimerDisable</name>
         <value>0x200113d9</value>
         <object_component_ref idref="oc-2ac"/>
      </symbol>
      <symbol id="sm-65a">
         <name>TimerEnable</name>
         <value>0x200115f7</value>
         <object_component_ref idref="oc-2b9"/>
      </symbol>
      <symbol id="sm-65b">
         <name>TimerIntClear</name>
         <value>0x20011a29</value>
         <object_component_ref idref="oc-2b6"/>
      </symbol>
      <symbol id="sm-65c">
         <name>TimerIntDisable</name>
         <value>0x20011711</value>
         <object_component_ref idref="oc-374"/>
      </symbol>
      <symbol id="sm-65d">
         <name>TimerIntEnable</name>
         <value>0x20011821</value>
         <object_component_ref idref="oc-2b7"/>
      </symbol>
      <symbol id="sm-65e">
         <name>TimerLoadSet</name>
         <value>0x20010d3d</value>
         <object_component_ref idref="oc-2b2"/>
      </symbol>
      <symbol id="sm-65f">
         <name>TimerPrescaleSet</name>
         <value>0x20010d6d</value>
         <object_component_ref idref="oc-2b1"/>
      </symbol>
      <symbol id="sm-6c9">
         <name>UARTBusy</name>
         <value>0x20011a59</value>
         <object_component_ref idref="oc-359"/>
      </symbol>
      <symbol id="sm-6ca">
         <name>UARTCharPutNonBlocking</name>
         <value>0x20010aa5</value>
         <object_component_ref idref="oc-358"/>
      </symbol>
      <symbol id="sm-6cb">
         <name>UARTCharsAvail</name>
         <value>0x20011727</value>
         <object_component_ref idref="oc-289"/>
      </symbol>
      <symbol id="sm-6cc">
         <name>UARTConfigSetExpClk</name>
         <value>0x2000f51d</value>
         <object_component_ref idref="oc-261"/>
      </symbol>
      <symbol id="sm-6cd">
         <name>UARTDMADisable</name>
         <value>0x2001173d</value>
         <object_component_ref idref="oc-278"/>
      </symbol>
      <symbol id="sm-6ce">
         <name>UARTDMAEnable</name>
         <value>0x20011835</value>
         <object_component_ref idref="oc-317"/>
      </symbol>
      <symbol id="sm-6cf">
         <name>UARTDisable</name>
         <value>0x20010e87</value>
         <object_component_ref idref="oc-27a"/>
      </symbol>
      <symbol id="sm-6d0">
         <name>UARTEnable</name>
         <value>0x20011435</value>
         <object_component_ref idref="oc-267"/>
      </symbol>
      <symbol id="sm-6d1">
         <name>UARTFIFOLevelSet</name>
         <value>0x20011753</value>
         <object_component_ref idref="oc-269"/>
      </symbol>
      <symbol id="sm-6d2">
         <name>UARTFlowControlSet</name>
         <value>0x20011611</value>
         <object_component_ref idref="oc-26a"/>
      </symbol>
      <symbol id="sm-6d3">
         <name>UARTIntClear</name>
         <value>0x20011a69</value>
         <object_component_ref idref="oc-266"/>
      </symbol>
      <symbol id="sm-6d4">
         <name>UARTIntDisable</name>
         <value>0x20011769</value>
         <object_component_ref idref="oc-277"/>
      </symbol>
      <symbol id="sm-6d5">
         <name>UARTIntEnable</name>
         <value>0x20011849</value>
         <object_component_ref idref="oc-268"/>
      </symbol>
      <symbol id="sm-6d6">
         <name>UARTIntStatus</name>
         <value>0x20010fb9</value>
         <object_component_ref idref="oc-284"/>
      </symbol>
      <symbol id="sm-6d7">
         <name>UARTRxErrorGet</name>
         <value>0x20011a79</value>
         <object_component_ref idref="oc-286"/>
      </symbol>
      <symbol id="sm-730">
         <name>uDMAChannelAssign</name>
         <value>0x2000ff3d</value>
         <object_component_ref idref="oc-26b"/>
      </symbol>
      <symbol id="sm-731">
         <name>uDMAChannelAttributeDisable</name>
         <value>0x2000f087</value>
         <object_component_ref idref="oc-26c"/>
      </symbol>
      <symbol id="sm-732">
         <name>uDMAChannelControlSet</name>
         <value>0x2001077d</value>
         <object_component_ref idref="oc-314"/>
      </symbol>
      <symbol id="sm-733">
         <name>uDMAChannelDisable</name>
         <value>0x20011471</value>
         <object_component_ref idref="oc-310"/>
      </symbol>
      <symbol id="sm-734">
         <name>uDMAChannelEnable</name>
         <value>0x2001148f</value>
         <object_component_ref idref="oc-316"/>
      </symbol>
      <symbol id="sm-735">
         <name>uDMAChannelIsEnabled</name>
         <value>0x200114ad</value>
         <object_component_ref idref="oc-287"/>
      </symbol>
      <symbol id="sm-736">
         <name>uDMAChannelSizeGet</name>
         <value>0x20010105</value>
         <object_component_ref idref="oc-311"/>
      </symbol>
      <symbol id="sm-737">
         <name>uDMAChannelTransferSet</name>
         <value>0x2000e07f</value>
         <object_component_ref idref="oc-315"/>
      </symbol>
      <symbol id="sm-738">
         <name>uDMAControlBaseSet</name>
         <value>0x2001185d</value>
         <object_component_ref idref="oc-25e"/>
      </symbol>
      <symbol id="sm-739">
         <name>uDMAEnable</name>
         <value>0x20011aff</value>
         <object_component_ref idref="oc-259"/>
      </symbol>
      <symbol id="sm-73a">
         <name>uDMAErrorStatusClear</name>
         <value>0x20011b0d</value>
         <object_component_ref idref="oc-388"/>
      </symbol>
      <symbol id="sm-73b">
         <name>uDMAErrorStatusGet</name>
         <value>0x20011bf9</value>
         <object_component_ref idref="oc-387"/>
      </symbol>
      <symbol id="sm-73c">
         <name>uDMAIntClear</name>
         <value>0x20011871</value>
         <object_component_ref idref="oc-312"/>
      </symbol>
      <symbol id="sm-747">
         <name>UtilsDelay</name>
         <value>0x20011c73</value>
         <object_component_ref idref="oc-117"/>
      </symbol>
      <symbol id="sm-774">
         <name>FlashDisable</name>
         <value>0x2000fa79</value>
         <object_component_ref idref="oc-369"/>
      </symbol>
      <symbol id="sm-785">
         <name>snprintf</name>
         <value>0x200105b1</value>
         <object_component_ref idref="oc-ee"/>
      </symbol>
      <symbol id="sm-7a5">
         <name>malloc</name>
         <value>0x20011c85</value>
         <object_component_ref idref="oc-225"/>
      </symbol>
      <symbol id="sm-7a6">
         <name>aligned_alloc</name>
         <value>0x2000de45</value>
         <object_component_ref idref="oc-2de"/>
      </symbol>
      <symbol id="sm-7a7">
         <name>free</name>
         <value>0x2000e38d</value>
         <object_component_ref idref="oc-1c0"/>
      </symbol>
      <symbol id="sm-7a8">
         <name>_sys_memory</name>
         <value>0x20004040</value>
         <object_component_ref idref="oc-28"/>
      </symbol>
      <symbol id="sm-7a9">
         <name>memalign</name>
         <value>0x2000de45</value>
         <object_component_ref idref="oc-2de"/>
      </symbol>
      <symbol id="sm-7b2">
         <name>strlen</name>
         <value>0x20011af1</value>
         <object_component_ref idref="oc-f4"/>
      </symbol>
      <symbol id="sm-7bc">
         <name>__TI_zero_init</name>
         <value>0x20011aa9</value>
         <object_component_ref idref="oc-40"/>
      </symbol>
      <symbol id="sm-7c5">
         <name>__TI_decompress_none</name>
         <value>0x20011b29</value>
         <object_component_ref idref="oc-1c"/>
      </symbol>
      <symbol id="sm-7cf">
         <name>__TI_decompress_lzss</name>
         <value>0x2000f817</value>
         <object_component_ref idref="oc-18"/>
      </symbol>
      <symbol id="sm-7da">
         <name>_c_int00_noargs</name>
         <value>0x2001126d</value>
         <object_component_ref idref="oc-6c"/>
      </symbol>
      <symbol id="sm-7db">
         <name>__stack</name>
         <value>0x20003000</value>
         <object_component_ref idref="oc-16"/>
      </symbol>
      <symbol id="sm-7fb">
         <name>__TI_printfi_nofloat</name>
         <value>0x2000c041</value>
         <object_component_ref idref="oc-220"/>
      </symbol>
      <symbol id="sm-808">
         <name>__aeabi_errno_addr</name>
         <value>0x20011c7d</value>
         <object_component_ref idref="oc-2ca"/>
      </symbol>
      <symbol id="sm-809">
         <name>__aeabi_errno</name>
         <value>0x200137a8</value>
         <object_component_ref idref="oc-32f"/>
      </symbol>
      <symbol id="sm-813">
         <name>abort</name>
         <value>0x20011ccd</value>
         <object_component_ref idref="oc-ae"/>
      </symbol>
      <symbol id="sm-814">
         <name>C$$EXIT</name>
         <value>0x20011ccc</value>
         <object_component_ref idref="oc-ae"/>
      </symbol>
      <symbol id="sm-81d">
         <name>_nop</name>
         <value>0x2000fda3</value>
         <object_component_ref idref="oc-19f"/>
      </symbol>
      <symbol id="sm-81e">
         <name>_lock</name>
         <value>0x200137ac</value>
         <object_component_ref idref="oc-10c"/>
      </symbol>
      <symbol id="sm-81f">
         <name>_unlock</name>
         <value>0x200137b0</value>
         <object_component_ref idref="oc-10f"/>
      </symbol>
      <symbol id="sm-82c">
         <name>atoi</name>
         <value>0x20010271</value>
         <object_component_ref idref="oc-2c2"/>
      </symbol>
      <symbol id="sm-836">
         <name>memccpy</name>
         <value>0x20011453</value>
         <object_component_ref idref="oc-2bb"/>
      </symbol>
      <symbol id="sm-841">
         <name>__TI_auto_init_nobinit_nopinit</name>
         <value>0x20010a01</value>
         <object_component_ref idref="oc-b5"/>
      </symbol>
      <symbol id="sm-849">
         <name>_system_pre_init</name>
         <value>0x20011cc9</value>
         <object_component_ref idref="oc-81"/>
      </symbol>
      <symbol id="sm-853">
         <name>wcslen</name>
         <value>0x20011a99</value>
         <object_component_ref idref="oc-2c6"/>
      </symbol>
      <symbol id="sm-859">
         <name>__aeabi_ctype_table_</name>
         <value>0x20012a10</value>
         <object_component_ref idref="oc-328"/>
      </symbol>
      <symbol id="sm-85a">
         <name>__aeabi_ctype_table_C</name>
         <value>0x20012a10</value>
         <object_component_ref idref="oc-328"/>
      </symbol>
      <symbol id="sm-872">
         <name>__aeabi_dmul</name>
         <value>0x2000e291</value>
         <object_component_ref idref="oc-181"/>
      </symbol>
      <symbol id="sm-873">
         <name>__muldf3</name>
         <value>0x2000e291</value>
         <object_component_ref idref="oc-181"/>
      </symbol>
      <symbol id="sm-879">
         <name>__aeabi_d2iz</name>
         <value>0x200102b9</value>
         <object_component_ref idref="oc-185"/>
      </symbol>
      <symbol id="sm-87a">
         <name>__fixdfsi</name>
         <value>0x200102b9</value>
         <object_component_ref idref="oc-185"/>
      </symbol>
      <symbol id="sm-880">
         <name>__aeabi_i2d</name>
         <value>0x20010eb5</value>
         <object_component_ref idref="oc-17d"/>
      </symbol>
      <symbol id="sm-881">
         <name>__floatsidf</name>
         <value>0x20010eb5</value>
         <object_component_ref idref="oc-17d"/>
      </symbol>
      <symbol id="sm-887">
         <name>__aeabi_memcpy</name>
         <value>0x20011cd1</value>
         <object_component_ref idref="oc-33"/>
      </symbol>
      <symbol id="sm-888">
         <name>__aeabi_memcpy4</name>
         <value>0x20011cd1</value>
         <object_component_ref idref="oc-33"/>
      </symbol>
      <symbol id="sm-889">
         <name>__aeabi_memcpy8</name>
         <value>0x20011cd1</value>
         <object_component_ref idref="oc-33"/>
      </symbol>
      <symbol id="sm-88f">
         <name>__aeabi_memset</name>
         <value>0x20011885</value>
         <object_component_ref idref="oc-5e"/>
      </symbol>
      <symbol id="sm-890">
         <name>__aeabi_memset4</name>
         <value>0x20011885</value>
         <object_component_ref idref="oc-5e"/>
      </symbol>
      <symbol id="sm-891">
         <name>__aeabi_memset8</name>
         <value>0x20011885</value>
         <object_component_ref idref="oc-5e"/>
      </symbol>
      <symbol id="sm-892">
         <name>__aeabi_memclr</name>
         <value>0x20011891</value>
         <object_component_ref idref="oc-5e"/>
      </symbol>
      <symbol id="sm-893">
         <name>__aeabi_memclr4</name>
         <value>0x20011891</value>
         <object_component_ref idref="oc-5e"/>
      </symbol>
      <symbol id="sm-894">
         <name>__aeabi_memclr8</name>
         <value>0x20011891</value>
         <object_component_ref idref="oc-5e"/>
      </symbol>
      <symbol id="sm-89a">
         <name>__aeabi_uldivmod</name>
         <value>0x20011899</value>
         <object_component_ref idref="oc-237"/>
      </symbol>
      <symbol id="sm-8a0">
         <name>__udivmoddi4</name>
         <value>0x2000eae1</value>
         <object_component_ref idref="oc-2e5"/>
      </symbol>
      <symbol id="sm-8ab">
         <name>__aeabi_ldiv0</name>
         <value>0x2000fc43</value>
         <object_component_ref idref="oc-35d"/>
      </symbol>
      <symbol id="sm-8b4">
         <name>TI_memcpy_small</name>
         <value>0x20011985</value>
         <object_component_ref idref="oc-77"/>
      </symbol>
      <symbol id="sm-8bc">
         <name>TI_memset_small</name>
         <value>0x20011b1b</value>
         <object_component_ref idref="oc-94"/>
      </symbol>
      <symbol id="sm-8bd">
         <name>__TI_static_base__</name>
         <value>0x20011cd4</value>
      </symbol>
      <symbol id="sm-8c0">
         <name>ITM_flush</name>
         <value>0x0</value>
      </symbol>
      <symbol id="sm-8c1">
         <name>ITM_restore</name>
         <value>0x0</value>
      </symbol>
      <symbol id="sm-8c2">
         <name>__mpu_init</name>
         <value>0x0</value>
      </symbol>
      <symbol id="sm-8c3">
         <name>_system_post_cinit</name>
         <value>0x0</value>
      </symbol>
   </symbol_table>
   <title>Link successful</title>
</link_info>
