<?xml version="1.0" encoding="ISO-8859-1" ?>
<link_info>
   <banner>TI ARM Clang Linker PC v2.1.3.LTS</banner>
   <copyright>Copyright (c) 1996-2018 Texas Instruments Incorporated</copyright>
   <link_time>0x646ae523</link_time>
   <link_errors>0x0</link_errors>
   <output_file>uart2echo_CC3220S_LAUNCHXL_nortos_ticlang.out</output_file>
   <entry_point>
      <name>resetISR</name>
      <address>0x2000fc79</address>
   </entry_point>
   <input_file_list>
      <input_file id="fl-1">
         <path>.\</path>
         <kind>object</kind>
         <file>main_nortos.o</file>
         <name>main_nortos.o</name>
      </input_file>
      <input_file id="fl-2">
         <path>.\</path>
         <kind>object</kind>
         <file>uart2echo.o</file>
         <name>uart2echo.o</name>
      </input_file>
      <input_file id="fl-3">
         <path>.\syscfg\</path>
         <kind>object</kind>
         <file>ti_drivers_config.o</file>
         <name>ti_drivers_config.o</name>
      </input_file>
      <input_file id="fl-13">
         <kind>object</kind>
         <file>&lt;internal&gt;</file>
         <name>&lt;internal&gt;</name>
      </input_file>
      <input_file id="fl-14">
         <path>C:\ti\simplelink_cc32xx_sdk_7_10_00_13\source\ti\drivers\lib\ticlang\m4\</path>
         <kind>archive</kind>
         <file>drivers_cc32xx.a</file>
         <name>GPIOCC32XX.c.obj</name>
      </input_file>
      <input_file id="fl-15">
         <path>C:\ti\simplelink_cc32xx_sdk_7_10_00_13\source\ti\drivers\lib\ticlang\m4\</path>
         <kind>archive</kind>
         <file>drivers_cc32xx.a</file>
         <name>PowerCC32XX.c.obj</name>
      </input_file>
      <input_file id="fl-16">
         <path>C:\ti\simplelink_cc32xx_sdk_7_10_00_13\source\ti\drivers\lib\ticlang\m4\</path>
         <kind>archive</kind>
         <file>drivers_cc32xx.a</file>
         <name>PowerCC32XX_ticlang.asm.obj</name>
      </input_file>
      <input_file id="fl-17">
         <path>C:\ti\simplelink_cc32xx_sdk_7_10_00_13\source\ti\drivers\lib\ticlang\m4\</path>
         <kind>archive</kind>
         <file>drivers_cc32xx.a</file>
         <name>UART2.c.obj</name>
      </input_file>
      <input_file id="fl-18">
         <path>C:\ti\simplelink_cc32xx_sdk_7_10_00_13\source\ti\drivers\lib\ticlang\m4\</path>
         <kind>archive</kind>
         <file>drivers_cc32xx.a</file>
         <name>UART2CC32XX.c.obj</name>
      </input_file>
      <input_file id="fl-19">
         <path>C:\ti\simplelink_cc32xx_sdk_7_10_00_13\source\ti\drivers\lib\ticlang\m4\</path>
         <kind>archive</kind>
         <file>drivers_cc32xx.a</file>
         <name>List.c.obj</name>
      </input_file>
      <input_file id="fl-1a">
         <path>C:\ti\simplelink_cc32xx_sdk_7_10_00_13\source\ti\drivers\lib\ticlang\m4\</path>
         <kind>archive</kind>
         <file>drivers_cc32xx.a</file>
         <name>RingBuf.c.obj</name>
      </input_file>
      <input_file id="fl-1b">
         <path>C:\ti\simplelink_cc32xx_sdk_7_10_00_13\source\ti\drivers\lib\ticlang\m4\</path>
         <kind>archive</kind>
         <file>drivers_cc32xx.a</file>
         <name>UDMACC32XX.c.obj</name>
      </input_file>
      <input_file id="fl-1c">
         <path>C:\ti\simplelink_cc32xx_sdk_7_10_00_13\kernel\nortos\lib\ticlang\m4\</path>
         <kind>archive</kind>
         <file>nortos_cc32xx.a</file>
         <name>NoRTOS.c.obj</name>
      </input_file>
      <input_file id="fl-1d">
         <path>C:\ti\simplelink_cc32xx_sdk_7_10_00_13\kernel\nortos\lib\ticlang\m4\</path>
         <kind>archive</kind>
         <file>nortos_cc32xx.a</file>
         <name>SemaphoreP_nortos.c.obj</name>
      </input_file>
      <input_file id="fl-1e">
         <path>C:\ti\simplelink_cc32xx_sdk_7_10_00_13\kernel\nortos\lib\ticlang\m4\</path>
         <kind>archive</kind>
         <file>nortos_cc32xx.a</file>
         <name>ClockPSysTick_nortos.c.obj</name>
      </input_file>
      <input_file id="fl-1f">
         <path>C:\ti\simplelink_cc32xx_sdk_7_10_00_13\kernel\nortos\lib\ticlang\m4\</path>
         <kind>archive</kind>
         <file>nortos_cc32xx.a</file>
         <name>HwiPCC32XX_nortos.c.obj</name>
      </input_file>
      <input_file id="fl-20">
         <path>C:\ti\simplelink_cc32xx_sdk_7_10_00_13\kernel\nortos\lib\ticlang\m4\</path>
         <kind>archive</kind>
         <file>nortos_cc32xx.a</file>
         <name>PowerCC32XX_nortos.c.obj</name>
      </input_file>
      <input_file id="fl-21">
         <path>C:\ti\simplelink_cc32xx_sdk_7_10_00_13\kernel\nortos\lib\ticlang\m4\</path>
         <kind>archive</kind>
         <file>nortos_cc32xx.a</file>
         <name>startup_cc32xx_ticlang.c.obj</name>
      </input_file>
      <input_file id="fl-22">
         <path>C:\ti\simplelink_cc32xx_sdk_7_10_00_13\kernel\nortos\lib\ticlang\m4\</path>
         <kind>archive</kind>
         <file>nortos_cc32xx.a</file>
         <name>SwiP_nortos.c.obj</name>
      </input_file>
      <input_file id="fl-23">
         <path>C:\ti\simplelink_cc32xx_sdk_7_10_00_13\source\ti\devices\cc32xx\driverlib\ticlang\Release\</path>
         <kind>archive</kind>
         <file>driverlib.a</file>
         <name>cpu.obj</name>
      </input_file>
      <input_file id="fl-24">
         <path>C:\ti\simplelink_cc32xx_sdk_7_10_00_13\source\ti\devices\cc32xx\driverlib\ticlang\Release\</path>
         <kind>archive</kind>
         <file>driverlib.a</file>
         <name>gpio.obj</name>
      </input_file>
      <input_file id="fl-25">
         <path>C:\ti\simplelink_cc32xx_sdk_7_10_00_13\source\ti\devices\cc32xx\driverlib\ticlang\Release\</path>
         <kind>archive</kind>
         <file>driverlib.a</file>
         <name>hwspinlock.obj</name>
      </input_file>
      <input_file id="fl-26">
         <path>C:\ti\simplelink_cc32xx_sdk_7_10_00_13\source\ti\devices\cc32xx\driverlib\ticlang\Release\</path>
         <kind>archive</kind>
         <file>driverlib.a</file>
         <name>interrupt.obj</name>
      </input_file>
      <input_file id="fl-27">
         <path>C:\ti\simplelink_cc32xx_sdk_7_10_00_13\source\ti\devices\cc32xx\driverlib\ticlang\Release\</path>
         <kind>archive</kind>
         <file>driverlib.a</file>
         <name>pin.obj</name>
      </input_file>
      <input_file id="fl-28">
         <path>C:\ti\simplelink_cc32xx_sdk_7_10_00_13\source\ti\devices\cc32xx\driverlib\ticlang\Release\</path>
         <kind>archive</kind>
         <file>driverlib.a</file>
         <name>prcm.obj</name>
      </input_file>
      <input_file id="fl-29">
         <path>C:\ti\simplelink_cc32xx_sdk_7_10_00_13\source\ti\devices\cc32xx\driverlib\ticlang\Release\</path>
         <kind>archive</kind>
         <file>driverlib.a</file>
         <name>spi.obj</name>
      </input_file>
      <input_file id="fl-2a">
         <path>C:\ti\simplelink_cc32xx_sdk_7_10_00_13\source\ti\devices\cc32xx\driverlib\ticlang\Release\</path>
         <kind>archive</kind>
         <file>driverlib.a</file>
         <name>systick.obj</name>
      </input_file>
      <input_file id="fl-2b">
         <path>C:\ti\simplelink_cc32xx_sdk_7_10_00_13\source\ti\devices\cc32xx\driverlib\ticlang\Release\</path>
         <kind>archive</kind>
         <file>driverlib.a</file>
         <name>uart.obj</name>
      </input_file>
      <input_file id="fl-2c">
         <path>C:\ti\simplelink_cc32xx_sdk_7_10_00_13\source\ti\devices\cc32xx\driverlib\ticlang\Release\</path>
         <kind>archive</kind>
         <file>driverlib.a</file>
         <name>udma.obj</name>
      </input_file>
      <input_file id="fl-2d">
         <path>C:\ti\simplelink_cc32xx_sdk_7_10_00_13\source\ti\devices\cc32xx\driverlib\ticlang\Release\</path>
         <kind>archive</kind>
         <file>driverlib.a</file>
         <name>utils.obj</name>
      </input_file>
      <input_file id="fl-2e">
         <path>C:\ti\simplelink_cc32xx_sdk_7_10_00_13\source\ti\devices\cc32xx\driverlib\ticlang\Release\</path>
         <kind>archive</kind>
         <file>driverlib.a</file>
         <name>flash.obj</name>
      </input_file>
      <input_file id="fl-3a">
         <path>C:\ti\ccs1230\ccs\tools\compiler\ti-cgt-armllvm_2.1.3.LTS\lib\armv7em-ti-none-eabi\c\</path>
         <kind>archive</kind>
         <file>libc.a</file>
         <name>memory.c.obj</name>
      </input_file>
      <input_file id="fl-3b">
         <path>C:\ti\ccs1230\ccs\tools\compiler\ti-cgt-armllvm_2.1.3.LTS\lib\armv7em-ti-none-eabi\c\</path>
         <kind>archive</kind>
         <file>libc.a</file>
         <name>copy_zero_init.c.obj</name>
      </input_file>
      <input_file id="fl-3c">
         <path>C:\ti\ccs1230\ccs\tools\compiler\ti-cgt-armllvm_2.1.3.LTS\lib\armv7em-ti-none-eabi\c\</path>
         <kind>archive</kind>
         <file>libc.a</file>
         <name>copy_decompress_none.c.obj</name>
      </input_file>
      <input_file id="fl-3d">
         <path>C:\ti\ccs1230\ccs\tools\compiler\ti-cgt-armllvm_2.1.3.LTS\lib\armv7em-ti-none-eabi\c\</path>
         <kind>archive</kind>
         <file>libc.a</file>
         <name>copy_decompress_lzss.c.obj</name>
      </input_file>
      <input_file id="fl-3e">
         <path>C:\ti\ccs1230\ccs\tools\compiler\ti-cgt-armllvm_2.1.3.LTS\lib\armv7em-ti-none-eabi\c\</path>
         <kind>archive</kind>
         <file>libc.a</file>
         <name>boot_cortex_m.c.obj</name>
      </input_file>
      <input_file id="fl-3f">
         <path>C:\ti\ccs1230\ccs\tools\compiler\ti-cgt-armllvm_2.1.3.LTS\lib\armv7em-ti-none-eabi\c\</path>
         <kind>archive</kind>
         <file>libc.a</file>
         <name>mathacl_init.c.obj</name>
      </input_file>
      <input_file id="fl-40">
         <path>C:\ti\ccs1230\ccs\tools\compiler\ti-cgt-armllvm_2.1.3.LTS\lib\armv7em-ti-none-eabi\c\</path>
         <kind>archive</kind>
         <file>libc.a</file>
         <name>exit.c.obj</name>
      </input_file>
      <input_file id="fl-41">
         <path>C:\ti\ccs1230\ccs\tools\compiler\ti-cgt-armllvm_2.1.3.LTS\lib\armv7em-ti-none-eabi\c\</path>
         <kind>archive</kind>
         <file>libc.a</file>
         <name>_lock.c.obj</name>
      </input_file>
      <input_file id="fl-42">
         <path>C:\ti\ccs1230\ccs\tools\compiler\ti-cgt-armllvm_2.1.3.LTS\lib\armv7em-ti-none-eabi\c\</path>
         <kind>archive</kind>
         <file>libc.a</file>
         <name>args_main.c.obj</name>
      </input_file>
      <input_file id="fl-43">
         <path>C:\ti\ccs1230\ccs\tools\compiler\ti-cgt-armllvm_2.1.3.LTS\lib\armv7em-ti-none-eabi\c\</path>
         <kind>archive</kind>
         <file>libc.a</file>
         <name>autoinit.c.obj</name>
      </input_file>
      <input_file id="fl-44">
         <path>C:\ti\ccs1230\ccs\tools\compiler\ti-cgt-armllvm_2.1.3.LTS\lib\armv7em-ti-none-eabi\c\</path>
         <kind>archive</kind>
         <file>libc.a</file>
         <name>pre_init.c.obj</name>
      </input_file>
      <input_file id="fl-45">
         <path>C:\ti\ccs1230\ccs\tools\compiler\ti-cgt-armllvm_2.1.3.LTS\lib\armv7em-ti-none-eabi\c\</path>
         <kind>archive</kind>
         <file>libc.a</file>
         <name>cpy_tbl.c.obj</name>
      </input_file>
      <input_file id="fl-7e">
         <path>C:\ti\ccs1230\ccs\tools\compiler\ti-cgt-armllvm_2.1.3.LTS\lib\clang\14.0.6\lib\armv7em-ti-none-eabi\</path>
         <kind>archive</kind>
         <file>libclang_rt.builtins.a</file>
         <name>aeabi_memcpy.S.obj</name>
      </input_file>
      <input_file id="fl-7f">
         <path>C:\ti\ccs1230\ccs\tools\compiler\ti-cgt-armllvm_2.1.3.LTS\lib\clang\14.0.6\lib\armv7em-ti-none-eabi\</path>
         <kind>archive</kind>
         <file>libclang_rt.builtins.a</file>
         <name>aeabi_memset.S.obj</name>
      </input_file>
      <input_file id="fl-80">
         <path>C:\ti\ccs1230\ccs\tools\compiler\ti-cgt-armllvm_2.1.3.LTS\lib\clang\14.0.6\lib\armv7em-ti-none-eabi\</path>
         <kind>archive</kind>
         <file>libclang_rt.builtins.a</file>
         <name>aeabi_uldivmod.S.obj</name>
      </input_file>
      <input_file id="fl-81">
         <path>C:\ti\ccs1230\ccs\tools\compiler\ti-cgt-armllvm_2.1.3.LTS\lib\clang\14.0.6\lib\armv7em-ti-none-eabi\</path>
         <kind>archive</kind>
         <file>libclang_rt.builtins.a</file>
         <name>udivmoddi4.S.obj</name>
      </input_file>
      <input_file id="fl-82">
         <path>C:\ti\ccs1230\ccs\tools\compiler\ti-cgt-armllvm_2.1.3.LTS\lib\clang\14.0.6\lib\armv7em-ti-none-eabi\</path>
         <kind>archive</kind>
         <file>libclang_rt.builtins.a</file>
         <name>aeabi_div0.c.obj</name>
      </input_file>
      <input_file id="fl-83">
         <path>C:\ti\ccs1230\ccs\tools\compiler\ti-cgt-armllvm_2.1.3.LTS\lib\armv7em-ti-none-eabi\c\</path>
         <kind>archive</kind>
         <file>libc.a</file>
         <name>memcpy_t2.S.obj</name>
      </input_file>
      <input_file id="fl-84">
         <path>C:\ti\ccs1230\ccs\tools\compiler\ti-cgt-armllvm_2.1.3.LTS\lib\armv7em-ti-none-eabi\c\</path>
         <kind>archive</kind>
         <file>libc.a</file>
         <name>memset_t2.S.obj</name>
      </input_file>
   </input_file_list>
   <object_component_list>
      <object_component id="oc-c8">
         <name>.text.PRCMCC3200MCUInit</name>
         <load_address>0x2000c040</load_address>
         <run_address>0x2000c040</run_address>
         <size>0x4b8</size>
         <input_file_ref idref="fl-28"/>
      </object_component>
      <object_component id="oc-202">
         <name>.text.Power_sleep</name>
         <load_address>0x2000c4f8</load_address>
         <run_address>0x2000c4f8</run_address>
         <size>0x3e4</size>
         <input_file_ref idref="fl-15"/>
      </object_component>
      <object_component id="oc-15f">
         <name>.text.UART2CC32XX_hwiIntFxn</name>
         <load_address>0x2000c8dc</load_address>
         <run_address>0x2000c8dc</run_address>
         <size>0x222</size>
         <input_file_ref idref="fl-18"/>
      </object_component>
      <object_component id="oc-163">
         <name>.text.UART2_readTimeout</name>
         <load_address>0x2000cafe</load_address>
         <run_address>0x2000cafe</run_address>
         <size>0x1d2</size>
         <input_file_ref idref="fl-17"/>
      </object_component>
      <object_component id="oc-ea">
         <name>.text.UART2_open</name>
         <load_address>0x2000ccd0</load_address>
         <run_address>0x2000ccd0</run_address>
         <size>0x1cc</size>
         <input_file_ref idref="fl-18"/>
      </object_component>
      <object_component id="oc-1e6">
         <name>.text.UART2_writeTimeoutBlocking</name>
         <load_address>0x2000ce9c</load_address>
         <run_address>0x2000ce9c</run_address>
         <size>0x174</size>
         <input_file_ref idref="fl-17"/>
      </object_component>
      <object_component id="oc-181">
         <name>.text.PowerCC32XX_sleepPolicy</name>
         <load_address>0x2000d010</load_address>
         <run_address>0x2000d010</run_address>
         <size>0x150</size>
         <input_file_ref idref="fl-20"/>
      </object_component>
      <object_component id="oc-e4">
         <name>.text.GPIO_setConfig</name>
         <load_address>0x2000d160</load_address>
         <run_address>0x2000d160</run_address>
         <size>0x140</size>
         <input_file_ref idref="fl-14"/>
      </object_component>
      <object_component id="oc-211">
         <name>.text.aligned_alloc</name>
         <load_address>0x2000d2a0</load_address>
         <run_address>0x2000d2a0</run_address>
         <size>0x120</size>
         <input_file_ref idref="fl-3a"/>
      </object_component>
      <object_component id="oc-1e5">
         <name>.text.UART2_writeTimeoutNonblocking</name>
         <load_address>0x2000d3c0</load_address>
         <run_address>0x2000d3c0</run_address>
         <size>0x11a</size>
         <input_file_ref idref="fl-17"/>
      </object_component>
      <object_component id="oc-22c">
         <name>.text.uDMAChannelTransferSet</name>
         <load_address>0x2000d4da</load_address>
         <run_address>0x2000d4da</run_address>
         <size>0x112</size>
         <input_file_ref idref="fl-2c"/>
      </object_component>
      <object_component id="oc-188">
         <name>.text.free</name>
         <load_address>0x2000d5ec</load_address>
         <run_address>0x2000d5ec</run_address>
         <size>0xf8</size>
         <input_file_ref idref="fl-3a"/>
      </object_component>
      <object_component id="oc-15a">
         <name>.text.UART2_close</name>
         <load_address>0x2000d6e4</load_address>
         <run_address>0x2000d6e4</run_address>
         <size>0xe8</size>
         <input_file_ref idref="fl-18"/>
      </object_component>
      <object_component id="oc-1e1">
         <name>.text.UART2Support_dmaStartRx</name>
         <load_address>0x2000d7cc</load_address>
         <run_address>0x2000d7cc</run_address>
         <size>0xcc</size>
         <input_file_ref idref="fl-18"/>
      </object_component>
      <object_component id="oc-21f">
         <name>.text.IntDisable</name>
         <load_address>0x2000d898</load_address>
         <run_address>0x2000d898</run_address>
         <size>0xc8</size>
         <input_file_ref idref="fl-26"/>
      </object_component>
      <object_component id="oc-1c9">
         <name>.text.IntEnable</name>
         <load_address>0x2000d960</load_address>
         <run_address>0x2000d960</run_address>
         <size>0xc8</size>
         <input_file_ref idref="fl-26"/>
      </object_component>
      <object_component id="oc-156">
         <name>.text.UART2CC32XX_initHw</name>
         <load_address>0x2000da28</load_address>
         <run_address>0x2000da28</run_address>
         <size>0xc4</size>
         <input_file_ref idref="fl-18"/>
      </object_component>
      <object_component id="oc-1e4">
         <name>.text.UART2Support_dmaStartTx</name>
         <load_address>0x2000daec</load_address>
         <run_address>0x2000daec</run_address>
         <size>0xb8</size>
         <input_file_ref idref="fl-18"/>
      </object_component>
      <object_component id="oc-23c">
         <name>.text</name>
         <load_address>0x2000dba4</load_address>
         <run_address>0x2000dba4</run_address>
         <size>0xb0</size>
         <input_file_ref idref="fl-81"/>
      </object_component>
      <object_component id="oc-1a1">
         <name>.text.GPIOIntTypeSet</name>
         <load_address>0x2000dc54</load_address>
         <run_address>0x2000dc54</run_address>
         <size>0xac</size>
         <input_file_ref idref="fl-24"/>
      </object_component>
      <object_component id="oc-271">
         <name>.text.IntPendSet</name>
         <load_address>0x2000dd00</load_address>
         <run_address>0x2000dd00</run_address>
         <size>0xa4</size>
         <input_file_ref idref="fl-26"/>
      </object_component>
      <object_component id="oc-132">
         <name>.text.PinConfigSet</name>
         <load_address>0x2000dda4</load_address>
         <run_address>0x2000dda4</run_address>
         <size>0xa2</size>
         <input_file_ref idref="fl-27"/>
      </object_component>
      <object_component id="oc-d8">
         <name>.text.Board_initHook</name>
         <load_address>0x2000de46</load_address>
         <run_address>0x2000de46</run_address>
         <size>0x2</size>
         <input_file_ref idref="fl-3"/>
      </object_component>
      <object_component id="oc-124">
         <name>.text.SemaphoreP_pend</name>
         <load_address>0x2000de48</load_address>
         <run_address>0x2000de48</run_address>
         <size>0x98</size>
         <input_file_ref idref="fl-1d"/>
      </object_component>
      <object_component id="oc-248">
         <name>.text</name>
         <load_address>0x2000dee0</load_address>
         <run_address>0x2000dee0</run_address>
         <size>0x96</size>
         <input_file_ref idref="fl-16"/>
      </object_component>
      <object_component id="oc-1c2">
         <name>.text.uDMAChannelAttributeDisable</name>
         <load_address>0x2000df76</load_address>
         <run_address>0x2000df76</run_address>
         <size>0x92</size>
         <input_file_ref idref="fl-2c"/>
      </object_component>
      <object_component id="oc-d2">
         <name>.text.GPIO_init</name>
         <load_address>0x2000e008</load_address>
         <run_address>0x2000e008</run_address>
         <size>0x90</size>
         <input_file_ref idref="fl-14"/>
      </object_component>
      <object_component id="oc-a6">
         <name>.text.mainThread</name>
         <load_address>0x2000e098</load_address>
         <run_address>0x2000e098</run_address>
         <size>0x90</size>
         <input_file_ref idref="fl-2"/>
      </object_component>
      <object_component id="oc-103">
         <name>.text.PRCMSysResetCauseGet</name>
         <load_address>0x2000e128</load_address>
         <run_address>0x2000e128</run_address>
         <size>0x8e</size>
         <input_file_ref idref="fl-28"/>
      </object_component>
      <object_component id="oc-17c">
         <name>.text.PowerCC32XX_initPolicy</name>
         <load_address>0x2000e1b6</load_address>
         <run_address>0x2000e1b6</run_address>
         <size>0x2</size>
         <input_file_ref idref="fl-20"/>
      </object_component>
      <object_component id="oc-115">
         <name>.text.PowerCC32XX_configureWakeup</name>
         <load_address>0x2000e1b8</load_address>
         <run_address>0x2000e1b8</run_address>
         <size>0x88</size>
         <input_file_ref idref="fl-15"/>
      </object_component>
      <object_component id="oc-cd">
         <name>.text.Power_init</name>
         <load_address>0x2000e240</load_address>
         <run_address>0x2000e240</run_address>
         <size>0x78</size>
         <input_file_ref idref="fl-15"/>
      </object_component>
      <object_component id="oc-158">
         <name>.text.HwiP_construct</name>
         <load_address>0x2000e2b8</load_address>
         <run_address>0x2000e2b8</run_address>
         <size>0x74</size>
         <input_file_ref idref="fl-1f"/>
      </object_component>
      <object_component id="oc-179">
         <name>.text.PRCMHibernateWakeUpGPIOSelect</name>
         <load_address>0x2000e32c</load_address>
         <run_address>0x2000e32c</run_address>
         <size>0x74</size>
         <input_file_ref idref="fl-28"/>
      </object_component>
      <object_component id="oc-1b7">
         <name>.text.UARTConfigSetExpClk</name>
         <load_address>0x2000e3a0</load_address>
         <run_address>0x2000e3a0</run_address>
         <size>0x74</size>
         <input_file_ref idref="fl-2b"/>
      </object_component>
      <object_component id="oc-246">
         <name>.text.PinLockLevelSet</name>
         <load_address>0x2000e414</load_address>
         <run_address>0x2000e414</run_address>
         <size>0x6c</size>
         <input_file_ref idref="fl-27"/>
      </object_component>
      <object_component id="oc-133">
         <name>.text.Power_setDependency</name>
         <load_address>0x2000e480</load_address>
         <run_address>0x2000e480</run_address>
         <size>0x6c</size>
         <input_file_ref idref="fl-15"/>
      </object_component>
      <object_component id="oc-154">
         <name>.text.UDMACC32XX_open</name>
         <load_address>0x2000e4ec</load_address>
         <run_address>0x2000e4ec</run_address>
         <size>0x6c</size>
         <input_file_ref idref="fl-1b"/>
      </object_component>
      <object_component id="oc-12b">
         <name>.text.powerNotifyFxn</name>
         <load_address>0x2000e558</load_address>
         <run_address>0x2000e558</run_address>
         <size>0x6c</size>
         <input_file_ref idref="fl-14"/>
      </object_component>
      <object_component id="oc-256">
         <name>.text.split</name>
         <load_address>0x2000e5c4</load_address>
         <run_address>0x2000e5c4</run_address>
         <size>0x6c</size>
         <input_file_ref idref="fl-3a"/>
      </object_component>
      <object_component id="oc-10b">
         <name>.text.PRCMPeripheralReset</name>
         <load_address>0x2000e630</load_address>
         <run_address>0x2000e630</run_address>
         <size>0x6a</size>
         <input_file_ref idref="fl-28"/>
      </object_component>
      <object_component id="oc-18">
         <name>.text:decompress:lzss</name>
         <load_address>0x2000e69a</load_address>
         <run_address>0x2000e69a</run_address>
         <size>0x6a</size>
         <input_file_ref idref="fl-3d"/>
      </object_component>
      <object_component id="oc-1c6">
         <name>.text.IntPendClear</name>
         <load_address>0x2000e704</load_address>
         <run_address>0x2000e704</run_address>
         <size>0x68</size>
         <input_file_ref idref="fl-26"/>
      </object_component>
      <object_component id="oc-165">
         <name>.text.GPIO_write</name>
         <load_address>0x2000e76c</load_address>
         <run_address>0x2000e76c</run_address>
         <size>0x60</size>
         <input_file_ref idref="fl-14"/>
      </object_component>
      <object_component id="oc-1e3">
         <name>.text.UART2Support_dmaStopTx</name>
         <load_address>0x2000e7cc</load_address>
         <run_address>0x2000e7cc</run_address>
         <size>0x60</size>
         <input_file_ref idref="fl-18"/>
      </object_component>
      <object_component id="oc-26c">
         <name>.text.FlashDisable</name>
         <load_address>0x2000e82c</load_address>
         <run_address>0x2000e82c</run_address>
         <size>0x5c</size>
         <input_file_ref idref="fl-2e"/>
      </object_component>
      <object_component id="oc-17b">
         <name>.text.PRCMHibernateWakeupSourceDisable</name>
         <load_address>0x2000e888</load_address>
         <run_address>0x2000e888</run_address>
         <size>0x5c</size>
         <input_file_ref idref="fl-28"/>
      </object_component>
      <object_component id="oc-10a">
         <name>.text.PRCMPeripheralClkEnable</name>
         <load_address>0x2000e8e4</load_address>
         <run_address>0x2000e8e4</run_address>
         <size>0x5a</size>
         <input_file_ref idref="fl-28"/>
      </object_component>
      <object_component id="oc-1d3">
         <name>.text.SemaphoreP_destruct</name>
         <load_address>0x2000e93e</load_address>
         <run_address>0x2000e93e</run_address>
         <size>0x2</size>
         <input_file_ref idref="fl-1d"/>
      </object_component>
      <object_component id="oc-21c">
         <name>.text.ClockP_startup</name>
         <load_address>0x2000e940</load_address>
         <run_address>0x2000e940</run_address>
         <size>0x58</size>
         <input_file_ref idref="fl-1e"/>
      </object_component>
      <object_component id="oc-1c8">
         <name>.text.IntPrioritySet</name>
         <load_address>0x2000e998</load_address>
         <run_address>0x2000e998</run_address>
         <size>0x58</size>
         <input_file_ref idref="fl-26"/>
      </object_component>
      <object_component id="oc-f3">
         <name>.text.TickFct_Latch</name>
         <load_address>0x2000e9f0</load_address>
         <run_address>0x2000e9f0</run_address>
         <size>0x58</size>
         <input_file_ref idref="fl-2"/>
      </object_component>
      <object_component id="oc-252">
         <name>.text.PRCMLPDSEnter</name>
         <load_address>0x2000ea48</load_address>
         <run_address>0x2000ea48</run_address>
         <size>0x56</size>
         <input_file_ref idref="fl-28"/>
      </object_component>
      <object_component id="oc-15d">
         <name>.text.UART2CC32XX_eventCallback</name>
         <load_address>0x2000ea9e</load_address>
         <run_address>0x2000ea9e</run_address>
         <size>0x2</size>
         <input_file_ref idref="fl-18"/>
      </object_component>
      <object_component id="oc-19b">
         <name>.text.PowerCC32XX_setParkState</name>
         <load_address>0x2000eaa0</load_address>
         <run_address>0x2000eaa0</run_address>
         <size>0x54</size>
         <input_file_ref idref="fl-15"/>
      </object_component>
      <object_component id="oc-1d6">
         <name>.text.Power_releaseDependency</name>
         <load_address>0x2000eaf4</load_address>
         <run_address>0x2000eaf4</run_address>
         <size>0x54</size>
         <input_file_ref idref="fl-15"/>
      </object_component>
      <object_component id="oc-141">
         <name>.text.GPIO_hwiIntFxn</name>
         <load_address>0x2000eb48</load_address>
         <run_address>0x2000eb48</run_address>
         <size>0x50</size>
         <input_file_ref idref="fl-14"/>
      </object_component>
      <object_component id="oc-17a">
         <name>.text.PRCMHibernateWakeupSourceEnable</name>
         <load_address>0x2000eb98</load_address>
         <run_address>0x2000eb98</run_address>
         <size>0x50</size>
         <input_file_ref idref="fl-28"/>
      </object_component>
      <object_component id="oc-1cd">
         <name>.text.SemaphoreP_construct</name>
         <load_address>0x2000ebe8</load_address>
         <run_address>0x2000ebe8</run_address>
         <size>0x50</size>
         <input_file_ref idref="fl-1d"/>
      </object_component>
      <object_component id="oc-1c1">
         <name>.text.uDMAChannelAssign</name>
         <load_address>0x2000ec38</load_address>
         <run_address>0x2000ec38</run_address>
         <size>0x4e</size>
         <input_file_ref idref="fl-2c"/>
      </object_component>
      <object_component id="oc-260">
         <name>.text.__aeabi_ldiv0</name>
         <load_address>0x2000ec86</load_address>
         <run_address>0x2000ec86</run_address>
         <size>0x2</size>
         <input_file_ref idref="fl-82"/>
      </object_component>
      <object_component id="oc-13c">
         <name>.text.GPIO_setInterruptConfig</name>
         <load_address>0x2000ec88</load_address>
         <run_address>0x2000ec88</run_address>
         <size>0x4c</size>
         <input_file_ref idref="fl-14"/>
      </object_component>
      <object_component id="oc-26a">
         <name>.text.PRCMLPDSRestoreInfoSet</name>
         <load_address>0x2000ecd4</load_address>
         <run_address>0x2000ecd4</run_address>
         <size>0x4c</size>
         <input_file_ref idref="fl-28"/>
      </object_component>
      <object_component id="oc-1df">
         <name>.text.UART2Support_dmaStopRx</name>
         <load_address>0x2000ed20</load_address>
         <run_address>0x2000ed20</run_address>
         <size>0x4a</size>
         <input_file_ref idref="fl-18"/>
      </object_component>
      <object_component id="oc-226">
         <name>.text.uDMAChannelSizeGet</name>
         <load_address>0x2000ed6a</load_address>
         <run_address>0x2000ed6a</run_address>
         <size>0x4a</size>
         <input_file_ref idref="fl-2c"/>
      </object_component>
      <object_component id="oc-4f">
         <name>.text.ClockP_sysTickHandler</name>
         <load_address>0x2000edb4</load_address>
         <run_address>0x2000edb4</run_address>
         <size>0x48</size>
         <input_file_ref idref="fl-1e"/>
      </object_component>
      <object_component id="oc-24c">
         <name>.text.PRCMIntEnable</name>
         <load_address>0x2000edfc</load_address>
         <run_address>0x2000edfc</run_address>
         <size>0x48</size>
         <input_file_ref idref="fl-28"/>
      </object_component>
      <object_component id="oc-19d">
         <name>.text.PRCMPeripheralStatusGet</name>
         <load_address>0x2000ee44</load_address>
         <run_address>0x2000ee44</run_address>
         <size>0x48</size>
         <input_file_ref idref="fl-28"/>
      </object_component>
      <object_component id="oc-267">
         <name>.text.PinConfigGet</name>
         <load_address>0x2000ee8c</load_address>
         <run_address>0x2000ee8c</run_address>
         <size>0x48</size>
         <input_file_ref idref="fl-27"/>
      </object_component>
      <object_component id="oc-164">
         <name>.text.UART2_readFull</name>
         <load_address>0x2000eed4</load_address>
         <run_address>0x2000eed4</run_address>
         <size>0x48</size>
         <input_file_ref idref="fl-17"/>
      </object_component>
      <object_component id="oc-251">
         <name>.text.PRCMLPDSEnterKeepDebugIf</name>
         <load_address>0x2000ef1c</load_address>
         <run_address>0x2000ef1c</run_address>
         <size>0x46</size>
         <input_file_ref idref="fl-28"/>
      </object_component>
      <object_component id="oc-224">
         <name>.text.RingBuf_put</name>
         <load_address>0x2000ef62</load_address>
         <run_address>0x2000ef62</run_address>
         <size>0x46</size>
         <input_file_ref idref="fl-1a"/>
      </object_component>
      <object_component id="oc-136">
         <name>.text.GPIODirModeSet</name>
         <load_address>0x2000efa8</load_address>
         <run_address>0x2000efa8</run_address>
         <size>0x44</size>
         <input_file_ref idref="fl-24"/>
      </object_component>
      <object_component id="oc-1a2">
         <name>.text.GPIO_disableInt</name>
         <load_address>0x2000efec</load_address>
         <run_address>0x2000efec</run_address>
         <size>0x44</size>
         <input_file_ref idref="fl-14"/>
      </object_component>
      <object_component id="oc-13d">
         <name>.text.GPIO_enableInt</name>
         <load_address>0x2000f030</load_address>
         <run_address>0x2000f030</run_address>
         <size>0x44</size>
         <input_file_ref idref="fl-14"/>
      </object_component>
      <object_component id="oc-1e2">
         <name>.text.Power_releaseConstraint</name>
         <load_address>0x2000f074</load_address>
         <run_address>0x2000f074</run_address>
         <size>0x44</size>
         <input_file_ref idref="fl-15"/>
      </object_component>
      <object_component id="oc-73">
         <name>.text.addToList</name>
         <load_address>0x2000f0b8</load_address>
         <run_address>0x2000f0b8</run_address>
         <size>0x44</size>
         <input_file_ref idref="fl-1e"/>
      </object_component>
      <object_component id="oc-112">
         <name>.text.PinModeSet</name>
         <load_address>0x2000f0fc</load_address>
         <run_address>0x2000f0fc</run_address>
         <size>0x42</size>
         <input_file_ref idref="fl-27"/>
      </object_component>
      <object_component id="oc-1f7">
         <name>.text.getCountsRTC</name>
         <load_address>0x2000f13e</load_address>
         <run_address>0x2000f13e</run_address>
         <size>0x42</size>
         <input_file_ref idref="fl-20"/>
      </object_component>
      <object_component id="oc-126">
         <name>.text.SemaphoreP_post</name>
         <load_address>0x2000f180</load_address>
         <run_address>0x2000f180</run_address>
         <size>0x40</size>
         <input_file_ref idref="fl-1d"/>
      </object_component>
      <object_component id="oc-22b">
         <name>.text.uDMAChannelControlSet</name>
         <load_address>0x2000f1c0</load_address>
         <run_address>0x2000f1c0</run_address>
         <size>0x40</size>
         <input_file_ref idref="fl-2c"/>
      </object_component>
      <object_component id="oc-269">
         <name>.text.PinDirModeSet</name>
         <load_address>0x2000f200</load_address>
         <run_address>0x2000f200</run_address>
         <size>0x3e</size>
         <input_file_ref idref="fl-27"/>
      </object_component>
      <object_component id="oc-167">
         <name>.text._nop</name>
         <load_address>0x2000f23e</load_address>
         <run_address>0x2000f23e</run_address>
         <size>0x2</size>
         <input_file_ref idref="fl-41"/>
      </object_component>
      <object_component id="oc-20e">
         <name>.text.ClockP_stop</name>
         <load_address>0x2000f240</load_address>
         <run_address>0x2000f240</run_address>
         <size>0x3c</size>
         <input_file_ref idref="fl-1e"/>
      </object_component>
      <object_component id="oc-14f">
         <name>.text.UDMACC32XX_init</name>
         <load_address>0x2000f27c</load_address>
         <run_address>0x2000f27c</run_address>
         <size>0x3c</size>
         <input_file_ref idref="fl-1b"/>
      </object_component>
      <object_component id="oc-18e">
         <name>.text.ClockP_destruct</name>
         <load_address>0x2000f2b8</load_address>
         <run_address>0x2000f2b8</run_address>
         <size>0x38</size>
         <input_file_ref idref="fl-1e"/>
      </object_component>
      <object_component id="oc-22f">
         <name>.text.Power_setConstraint</name>
         <load_address>0x2000f2f0</load_address>
         <run_address>0x2000f2f0</run_address>
         <size>0x38</size>
         <input_file_ref idref="fl-15"/>
      </object_component>
      <object_component id="oc-228">
         <name>.text.RingBuf_putAdvance</name>
         <load_address>0x2000f328</load_address>
         <run_address>0x2000f328</run_address>
         <size>0x38</size>
         <input_file_ref idref="fl-1a"/>
      </object_component>
      <object_component id="oc-208">
         <name>.text.SwiP_restore</name>
         <load_address>0x2000f360</load_address>
         <run_address>0x2000f360</run_address>
         <size>0x38</size>
         <input_file_ref idref="fl-22"/>
      </object_component>
      <object_component id="oc-1e8">
         <name>.text.UART2_rxEnable</name>
         <load_address>0x2000f398</load_address>
         <run_address>0x2000f398</run_address>
         <size>0x38</size>
         <input_file_ref idref="fl-17"/>
      </object_component>
      <object_component id="oc-1d4">
         <name>.text.UDMACC32XX_close</name>
         <load_address>0x2000f3d0</load_address>
         <run_address>0x2000f3d0</run_address>
         <size>0x38</size>
         <input_file_ref idref="fl-1b"/>
      </object_component>
      <object_component id="oc-b5">
         <name>.text:__TI_auto_init_nobinit_nopinit</name>
         <load_address>0x2000f408</load_address>
         <run_address>0x2000f408</run_address>
         <size>0x38</size>
         <input_file_ref idref="fl-43"/>
      </object_component>
      <object_component id="oc-247">
         <name>.text.PinLock</name>
         <load_address>0x2000f440</load_address>
         <run_address>0x2000f440</run_address>
         <size>0x36</size>
         <input_file_ref idref="fl-27"/>
      </object_component>
      <object_component id="oc-25e">
         <name>.text.UARTCharPutNonBlocking</name>
         <load_address>0x2000f476</load_address>
         <run_address>0x2000f476</run_address>
         <size>0x36</size>
         <input_file_ref idref="fl-2b"/>
      </object_component>
      <object_component id="oc-18b">
         <name>.text.ClockP_start</name>
         <load_address>0x2000f4ac</load_address>
         <run_address>0x2000f4ac</run_address>
         <size>0x34</size>
         <input_file_ref idref="fl-1e"/>
      </object_component>
      <object_component id="oc-268">
         <name>.text.PinDirModeGet</name>
         <load_address>0x2000f4e0</load_address>
         <run_address>0x2000f4e0</run_address>
         <size>0x34</size>
         <input_file_ref idref="fl-27"/>
      </object_component>
      <object_component id="oc-10d">
         <name>.text.PinModeGet</name>
         <load_address>0x2000f514</load_address>
         <run_address>0x2000f514</run_address>
         <size>0x34</size>
         <input_file_ref idref="fl-27"/>
      </object_component>
      <object_component id="oc-245">
         <name>.text.PowerCC32XX_parkPin</name>
         <load_address>0x2000f548</load_address>
         <run_address>0x2000f548</run_address>
         <size>0x34</size>
         <input_file_ref idref="fl-15"/>
      </object_component>
      <object_component id="oc-1d0">
         <name>.text.UART2_rxDisable</name>
         <load_address>0x2000f57c</load_address>
         <run_address>0x2000f57c</run_address>
         <size>0x34</size>
         <input_file_ref idref="fl-17"/>
      </object_component>
      <object_component id="oc-46">
         <name>.text.initVectors</name>
         <load_address>0x2000f5b0</load_address>
         <run_address>0x2000f5b0</run_address>
         <size>0x34</size>
         <input_file_ref idref="fl-21"/>
      </object_component>
      <object_component id="oc-235">
         <name>.text.UART2Support_enableInts</name>
         <load_address>0x2000f5e4</load_address>
         <run_address>0x2000f5e4</run_address>
         <size>0x32</size>
         <input_file_ref idref="fl-18"/>
      </object_component>
      <object_component id="oc-4e">
         <name>.text.busFaultHandler</name>
         <load_address>0x2000f616</load_address>
         <run_address>0x2000f616</run_address>
         <size>0x2</size>
         <input_file_ref idref="fl-21"/>
      </object_component>
      <object_component id="oc-1f4">
         <name>.text.ClockP_getTicksUntilInterrupt</name>
         <load_address>0x2000f618</load_address>
         <run_address>0x2000f618</run_address>
         <size>0x30</size>
         <input_file_ref idref="fl-1e"/>
      </object_component>
      <object_component id="oc-201">
         <name>.text.PRCMLPDSIntervalSet</name>
         <load_address>0x2000f648</load_address>
         <run_address>0x2000f648</run_address>
         <size>0x30</size>
         <input_file_ref idref="fl-28"/>
      </object_component>
      <object_component id="oc-23b">
         <name>.text.PRCMSlowClkCtrFastGet</name>
         <load_address>0x2000f678</load_address>
         <run_address>0x2000f678</run_address>
         <size>0x30</size>
         <input_file_ref idref="fl-28"/>
      </object_component>
      <object_component id="oc-243">
         <name>.text.notify</name>
         <load_address>0x2000f6a8</load_address>
         <run_address>0x2000f6a8</run_address>
         <size>0x30</size>
         <input_file_ref idref="fl-15"/>
      </object_component>
      <object_component id="oc-1a5">
         <name>.text.GPIOIntStatus</name>
         <load_address>0x2000f6d8</load_address>
         <run_address>0x2000f6d8</run_address>
         <size>0x2e</size>
         <input_file_ref idref="fl-24"/>
      </object_component>
      <object_component id="oc-1ea">
         <name>.text.RingBuf_getConsume</name>
         <load_address>0x2000f706</load_address>
         <run_address>0x2000f706</run_address>
         <size>0x2e</size>
         <input_file_ref idref="fl-1a"/>
      </object_component>
      <object_component id="oc-22a">
         <name>.text.RingBuf_putPointer</name>
         <load_address>0x2000f734</load_address>
         <run_address>0x2000f734</run_address>
         <size>0x2e</size>
         <input_file_ref idref="fl-1a"/>
      </object_component>
      <object_component id="oc-1d1">
         <name>.text.UARTDisable</name>
         <load_address>0x2000f762</load_address>
         <run_address>0x2000f762</run_address>
         <size>0x2e</size>
         <input_file_ref idref="fl-2b"/>
      </object_component>
      <object_component id="oc-1dc">
         <name>.text.UART2CC32XX_getRxData</name>
         <load_address>0x2000f790</load_address>
         <run_address>0x2000f790</run_address>
         <size>0x2c</size>
         <input_file_ref idref="fl-18"/>
      </object_component>
      <object_component id="oc-135">
         <name>.text.HwiP_create</name>
         <load_address>0x2000f7bc</load_address>
         <run_address>0x2000f7bc</run_address>
         <size>0x2a</size>
         <input_file_ref idref="fl-1f"/>
      </object_component>
      <object_component id="oc-178">
         <name>.text.PRCMLPDSWakeUpGPIOSelect</name>
         <load_address>0x2000f7e6</load_address>
         <run_address>0x2000f7e6</run_address>
         <size>0x2a</size>
         <input_file_ref idref="fl-28"/>
      </object_component>
      <object_component id="oc-10c">
         <name>.text.PRCMPeripheralClkDisable</name>
         <load_address>0x2000f810</load_address>
         <run_address>0x2000f810</run_address>
         <size>0x2a</size>
         <input_file_ref idref="fl-28"/>
      </object_component>
      <object_component id="oc-1db">
         <name>.text.UARTIntStatus</name>
         <load_address>0x2000f83a</load_address>
         <run_address>0x2000f83a</run_address>
         <size>0x2a</size>
         <input_file_ref idref="fl-2b"/>
      </object_component>
      <object_component id="oc-221">
         <name>.text.List_remove</name>
         <load_address>0x2000f864</load_address>
         <run_address>0x2000f864</run_address>
         <size>0x28</size>
         <input_file_ref idref="fl-19"/>
      </object_component>
      <object_component id="oc-244">
         <name>.text.PRCMSRAMRetentionEnable</name>
         <load_address>0x2000f88c</load_address>
         <run_address>0x2000f88c</run_address>
         <size>0x28</size>
         <input_file_ref idref="fl-28"/>
      </object_component>
      <object_component id="oc-14d">
         <name>.text.PowerCC32XX_getParkState</name>
         <load_address>0x2000f8b4</load_address>
         <run_address>0x2000f8b4</run_address>
         <size>0x28</size>
         <input_file_ref idref="fl-15"/>
      </object_component>
      <object_component id="oc-20d">
         <name>.text.free_list_insert</name>
         <load_address>0x2000f8dc</load_address>
         <run_address>0x2000f8dc</run_address>
         <size>0x28</size>
         <input_file_ref idref="fl-3a"/>
      </object_component>
      <object_component id="oc-220">
         <name>.text.IntUnregister</name>
         <load_address>0x2000f904</load_address>
         <run_address>0x2000f904</run_address>
         <size>0x24</size>
         <input_file_ref idref="fl-26"/>
      </object_component>
      <object_component id="oc-190">
         <name>.text.List_put</name>
         <load_address>0x2000f928</load_address>
         <run_address>0x2000f928</run_address>
         <size>0x24</size>
         <input_file_ref idref="fl-19"/>
      </object_component>
      <object_component id="oc-176">
         <name>.text.PRCMLPDSWakeupSourceEnable</name>
         <load_address>0x2000f94c</load_address>
         <run_address>0x2000f94c</run_address>
         <size>0x24</size>
         <input_file_ref idref="fl-28"/>
      </object_component>
      <object_component id="oc-1d7">
         <name>.text.PowerCC32XX_restoreParkState</name>
         <load_address>0x2000f970</load_address>
         <run_address>0x2000f970</run_address>
         <size>0x24</size>
         <input_file_ref idref="fl-15"/>
      </object_component>
      <object_component id="oc-24e">
         <name>.text.PowerCC32XX_restoreParkedPin</name>
         <load_address>0x2000f994</load_address>
         <run_address>0x2000f994</run_address>
         <size>0x24</size>
         <input_file_ref idref="fl-15"/>
      </object_component>
      <object_component id="oc-125">
         <name>.text.Power_registerNotify</name>
         <load_address>0x2000f9b8</load_address>
         <run_address>0x2000f9b8</run_address>
         <size>0x24</size>
         <input_file_ref idref="fl-15"/>
      </object_component>
      <object_component id="oc-21d">
         <name>.text.UART2Support_disableRx</name>
         <load_address>0x2000f9dc</load_address>
         <run_address>0x2000f9dc</run_address>
         <size>0x24</size>
         <input_file_ref idref="fl-18"/>
      </object_component>
      <object_component id="oc-6c">
         <name>.text:_c_int00_noargs</name>
         <load_address>0x2000fa00</load_address>
         <run_address>0x2000fa00</run_address>
         <size>0x24</size>
         <input_file_ref idref="fl-3e"/>
      </object_component>
      <object_component id="oc-13b">
         <name>.text.GPIOPinWrite</name>
         <load_address>0x2000fa24</load_address>
         <run_address>0x2000fa24</run_address>
         <size>0x22</size>
         <input_file_ref idref="fl-24"/>
      </object_component>
      <object_component id="oc-24d">
         <name>.text.PinUnlock</name>
         <load_address>0x2000fa46</load_address>
         <run_address>0x2000fa46</run_address>
         <size>0x22</size>
         <input_file_ref idref="fl-27"/>
      </object_component>
      <object_component id="oc-1e9">
         <name>.text.RingBuf_getPointer</name>
         <load_address>0x2000fa68</load_address>
         <run_address>0x2000fa68</run_address>
         <size>0x22</size>
         <input_file_ref idref="fl-1a"/>
      </object_component>
      <object_component id="oc-232">
         <name>.text.UART2Support_sendData</name>
         <load_address>0x2000fa8a</load_address>
         <run_address>0x2000fa8a</run_address>
         <size>0x22</size>
         <input_file_ref idref="fl-18"/>
      </object_component>
      <object_component id="oc-f2">
         <name>.text.UART2_read</name>
         <load_address>0x2000faac</load_address>
         <run_address>0x2000faac</run_address>
         <size>0x22</size>
         <input_file_ref idref="fl-17"/>
      </object_component>
      <object_component id="oc-1c7">
         <name>.text.IntRegister</name>
         <load_address>0x2000face</load_address>
         <run_address>0x2000face</run_address>
         <size>0x20</size>
         <input_file_ref idref="fl-26"/>
      </object_component>
      <object_component id="oc-18f">
         <name>.text.clkFxn</name>
         <load_address>0x2000faee</load_address>
         <run_address>0x2000faee</run_address>
         <size>0x2</size>
         <input_file_ref idref="fl-1d"/>
      </object_component>
      <object_component id="oc-145">
         <name>.text.PowerCC32XX_reset</name>
         <load_address>0x2000faf0</load_address>
         <run_address>0x2000faf0</run_address>
         <size>0x20</size>
         <input_file_ref idref="fl-15"/>
      </object_component>
      <object_component id="oc-1d5">
         <name>.text.Power_unregisterNotify</name>
         <load_address>0x2000fb10</load_address>
         <run_address>0x2000fb10</run_address>
         <size>0x20</size>
         <input_file_ref idref="fl-15"/>
      </object_component>
      <object_component id="oc-159">
         <name>.text.SemaphoreP_constructBinary</name>
         <load_address>0x2000fb30</load_address>
         <run_address>0x2000fb30</run_address>
         <size>0x20</size>
         <input_file_ref idref="fl-1d"/>
      </object_component>
      <object_component id="oc-11b">
         <name>.text.SemaphoreP_createBinary</name>
         <load_address>0x2000fb50</load_address>
         <run_address>0x2000fb50</run_address>
         <size>0x20</size>
         <input_file_ref idref="fl-1d"/>
      </object_component>
      <object_component id="oc-1a9">
         <name>.text.PinTypeUART</name>
         <load_address>0x2000fb70</load_address>
         <run_address>0x2000fb70</run_address>
         <size>0x1e</size>
         <input_file_ref idref="fl-27"/>
      </object_component>
      <object_component id="oc-162">
         <name>.text.UART2_writeTimeout</name>
         <load_address>0x2000fb8e</load_address>
         <run_address>0x2000fb8e</run_address>
         <size>0x1e</size>
         <input_file_ref idref="fl-17"/>
      </object_component>
      <object_component id="oc-1bd">
         <name>.text.UARTEnable</name>
         <load_address>0x2000fbac</load_address>
         <run_address>0x2000fbac</run_address>
         <size>0x1e</size>
         <input_file_ref idref="fl-2b"/>
      </object_component>
      <object_component id="oc-225">
         <name>.text.uDMAChannelDisable</name>
         <load_address>0x2000fbca</load_address>
         <run_address>0x2000fbca</run_address>
         <size>0x1e</size>
         <input_file_ref idref="fl-2c"/>
      </object_component>
      <object_component id="oc-22d">
         <name>.text.uDMAChannelEnable</name>
         <load_address>0x2000fbe8</load_address>
         <run_address>0x2000fbe8</run_address>
         <size>0x1e</size>
         <input_file_ref idref="fl-2c"/>
      </object_component>
      <object_component id="oc-1de">
         <name>.text.uDMAChannelIsEnabled</name>
         <load_address>0x2000fc06</load_address>
         <run_address>0x2000fc06</run_address>
         <size>0x1e</size>
         <input_file_ref idref="fl-2c"/>
      </object_component>
      <object_component id="oc-1cc">
         <name>.text.HwiP_dispatch</name>
         <load_address>0x2000fc24</load_address>
         <run_address>0x2000fc24</run_address>
         <size>0x1c</size>
         <input_file_ref idref="fl-1f"/>
      </object_component>
      <object_component id="oc-1ed">
         <name>.text.SwiP_disable</name>
         <load_address>0x2000fc40</load_address>
         <run_address>0x2000fc40</run_address>
         <size>0x1c</size>
         <input_file_ref idref="fl-22"/>
      </object_component>
      <object_component id="oc-20c">
         <name>.text.free_list_remove</name>
         <load_address>0x2000fc5c</load_address>
         <run_address>0x2000fc5c</run_address>
         <size>0x1c</size>
         <input_file_ref idref="fl-3a"/>
      </object_component>
      <object_component id="oc-21">
         <name>.text.resetISR</name>
         <load_address>0x2000fc78</load_address>
         <run_address>0x2000fc78</run_address>
         <size>0x1c</size>
         <input_file_ref idref="fl-21"/>
      </object_component>
      <object_component id="oc-212">
         <name>.text.GPIOIntDisable</name>
         <load_address>0x2000fc94</load_address>
         <run_address>0x2000fc94</run_address>
         <size>0x1a</size>
         <input_file_ref idref="fl-24"/>
      </object_component>
      <object_component id="oc-109">
         <name>.text.PRCMHIBRegRead</name>
         <load_address>0x2000fcae</load_address>
         <run_address>0x2000fcae</run_address>
         <size>0x1a</size>
         <input_file_ref idref="fl-28"/>
      </object_component>
      <object_component id="oc-108">
         <name>.text.PRCMHIBRegWrite</name>
         <load_address>0x2000fcc8</load_address>
         <run_address>0x2000fcc8</run_address>
         <size>0x1a</size>
         <input_file_ref idref="fl-28"/>
      </object_component>
      <object_component id="oc-177">
         <name>.text.PRCMLPDSWakeupSourceDisable</name>
         <load_address>0x2000fce2</load_address>
         <run_address>0x2000fce2</run_address>
         <size>0x1a</size>
         <input_file_ref idref="fl-28"/>
      </object_component>
      <object_component id="oc-1d8">
         <name>.text.PinToPadGet</name>
         <load_address>0x2000fcfc</load_address>
         <run_address>0x2000fcfc</run_address>
         <size>0x1a</size>
         <input_file_ref idref="fl-27"/>
      </object_component>
      <object_component id="oc-1c0">
         <name>.text.UARTFlowControlSet</name>
         <load_address>0x2000fd16</load_address>
         <run_address>0x2000fd16</run_address>
         <size>0x1a</size>
         <input_file_ref idref="fl-2b"/>
      </object_component>
      <object_component id="oc-1a4">
         <name>.text.GPIOIntEnable</name>
         <load_address>0x2000fd30</load_address>
         <run_address>0x2000fd30</run_address>
         <size>0x18</size>
         <input_file_ref idref="fl-24"/>
      </object_component>
      <object_component id="oc-184">
         <name>.text.SemaphoreP_create</name>
         <load_address>0x2000fd48</load_address>
         <run_address>0x2000fd48</run_address>
         <size>0x18</size>
         <input_file_ref idref="fl-1d"/>
      </object_component>
      <object_component id="oc-9c">
         <name>.text.Board_init</name>
         <load_address>0x2000fd60</load_address>
         <run_address>0x2000fd60</run_address>
         <size>0x16</size>
         <input_file_ref idref="fl-3"/>
      </object_component>
      <object_component id="oc-204">
         <name>.text.SysTickPeriodSet</name>
         <load_address>0x2000fd76</load_address>
         <run_address>0x2000fd76</run_address>
         <size>0x16</size>
         <input_file_ref idref="fl-2a"/>
      </object_component>
      <object_component id="oc-1e0">
         <name>.text.UARTCharsAvail</name>
         <load_address>0x2000fd8c</load_address>
         <run_address>0x2000fd8c</run_address>
         <size>0x16</size>
         <input_file_ref idref="fl-2b"/>
      </object_component>
      <object_component id="oc-1cf">
         <name>.text.UARTDMADisable</name>
         <load_address>0x2000fda2</load_address>
         <run_address>0x2000fda2</run_address>
         <size>0x16</size>
         <input_file_ref idref="fl-2b"/>
      </object_component>
      <object_component id="oc-1bf">
         <name>.text.UARTFIFOLevelSet</name>
         <load_address>0x2000fdb8</load_address>
         <run_address>0x2000fdb8</run_address>
         <size>0x16</size>
         <input_file_ref idref="fl-2b"/>
      </object_component>
      <object_component id="oc-1ce">
         <name>.text.UARTIntDisable</name>
         <load_address>0x2000fdce</load_address>
         <run_address>0x2000fdce</run_address>
         <size>0x16</size>
         <input_file_ref idref="fl-2b"/>
      </object_component>
      <object_component id="oc-62">
         <name>.text.CPUcpsid</name>
         <load_address>0x2000fde4</load_address>
         <run_address>0x2000fde4</run_address>
         <size>0x14</size>
         <input_file_ref idref="fl-23"/>
      </object_component>
      <object_component id="oc-19c">
         <name>.text.CPUcpsie</name>
         <load_address>0x2000fdf8</load_address>
         <run_address>0x2000fdf8</run_address>
         <size>0x14</size>
         <input_file_ref idref="fl-23"/>
      </object_component>
      <object_component id="oc-1d2">
         <name>.text.HwiP_destruct</name>
         <load_address>0x2000fe0c</load_address>
         <run_address>0x2000fe0c</run_address>
         <size>0x14</size>
         <input_file_ref idref="fl-1f"/>
      </object_component>
      <object_component id="oc-69">
         <name>.text.IntVTableBaseSet</name>
         <load_address>0x2000fe20</load_address>
         <run_address>0x2000fe20</run_address>
         <size>0x14</size>
         <input_file_ref idref="fl-26"/>
      </object_component>
      <object_component id="oc-197">
         <name>.text.Power_disablePolicy</name>
         <load_address>0x2000fe34</load_address>
         <run_address>0x2000fe34</run_address>
         <size>0x14</size>
         <input_file_ref idref="fl-15"/>
      </object_component>
      <object_component id="oc-1f5">
         <name>.text.Power_getTransitionLatency</name>
         <load_address>0x2000fe48</load_address>
         <run_address>0x2000fe48</run_address>
         <size>0x14</size>
         <input_file_ref idref="fl-15"/>
      </object_component>
      <object_component id="oc-20b">
         <name>.text.Power_idleFunc</name>
         <load_address>0x2000fe5c</load_address>
         <run_address>0x2000fe5c</run_address>
         <size>0x14</size>
         <input_file_ref idref="fl-15"/>
      </object_component>
      <object_component id="oc-22e">
         <name>.text.UARTDMAEnable</name>
         <load_address>0x2000fe70</load_address>
         <run_address>0x2000fe70</run_address>
         <size>0x14</size>
         <input_file_ref idref="fl-2b"/>
      </object_component>
      <object_component id="oc-1be">
         <name>.text.UARTIntEnable</name>
         <load_address>0x2000fe84</load_address>
         <run_address>0x2000fe84</run_address>
         <size>0x14</size>
         <input_file_ref idref="fl-2b"/>
      </object_component>
      <object_component id="oc-1b3">
         <name>.text.uDMAControlBaseSet</name>
         <load_address>0x2000fe98</load_address>
         <run_address>0x2000fe98</run_address>
         <size>0x14</size>
         <input_file_ref idref="fl-2c"/>
      </object_component>
      <object_component id="oc-227">
         <name>.text.uDMAIntClear</name>
         <load_address>0x2000feac</load_address>
         <run_address>0x2000feac</run_address>
         <size>0x14</size>
         <input_file_ref idref="fl-2c"/>
      </object_component>
      <object_component id="oc-5e">
         <name>.text</name>
         <load_address>0x2000fec0</load_address>
         <run_address>0x2000fec0</run_address>
         <size>0x14</size>
         <input_file_ref idref="fl-7f"/>
      </object_component>
      <object_component id="oc-1f8">
         <name>.text</name>
         <load_address>0x2000fed4</load_address>
         <run_address>0x2000fed4</run_address>
         <size>0x14</size>
         <input_file_ref idref="fl-80"/>
      </object_component>
      <object_component id="oc-18a">
         <name>.text.ClockP_add</name>
         <load_address>0x2000fee8</load_address>
         <run_address>0x2000fee8</run_address>
         <size>0x12</size>
         <input_file_ref idref="fl-1e"/>
      </object_component>
      <object_component id="oc-1a3">
         <name>.text.GPIOIntClear</name>
         <load_address>0x2000fefa</load_address>
         <run_address>0x2000fefa</run_address>
         <size>0x12</size>
         <input_file_ref idref="fl-24"/>
      </object_component>
      <object_component id="oc-134">
         <name>.text.HwiP_Params_init</name>
         <load_address>0x2000ff0c</load_address>
         <run_address>0x2000ff0c</run_address>
         <size>0x12</size>
         <input_file_ref idref="fl-1f"/>
      </object_component>
      <object_component id="oc-205">
         <name>.text.SysTickEnable</name>
         <load_address>0x2000ff1e</load_address>
         <run_address>0x2000ff1e</run_address>
         <size>0x12</size>
         <input_file_ref idref="fl-2a"/>
      </object_component>
      <object_component id="oc-1fc">
         <name>.text.SysTickIntDisable</name>
         <load_address>0x2000ff30</load_address>
         <run_address>0x2000ff30</run_address>
         <size>0x12</size>
         <input_file_ref idref="fl-2a"/>
      </object_component>
      <object_component id="oc-206">
         <name>.text.SysTickIntEnable</name>
         <load_address>0x2000ff42</load_address>
         <run_address>0x2000ff42</run_address>
         <size>0x12</size>
         <input_file_ref idref="fl-2a"/>
      </object_component>
      <object_component id="oc-1b5">
         <name>.text.postNotifyFxn</name>
         <load_address>0x2000ff54</load_address>
         <run_address>0x2000ff54</run_address>
         <size>0x12</size>
         <input_file_ref idref="fl-1b"/>
      </object_component>
      <object_component id="oc-77">
         <name>.text:TI_memcpy_small</name>
         <load_address>0x2000ff66</load_address>
         <run_address>0x2000ff66</run_address>
         <size>0x12</size>
         <input_file_ref idref="fl-83"/>
      </object_component>
      <object_component id="oc-1b6">
         <name>.text.ClockP_getCpuFreq</name>
         <load_address>0x2000ff78</load_address>
         <run_address>0x2000ff78</run_address>
         <size>0x10</size>
         <input_file_ref idref="fl-1e"/>
      </object_component>
      <object_component id="oc-1f6">
         <name>.text.ClockP_getSystemTicks</name>
         <load_address>0x2000ff88</load_address>
         <run_address>0x2000ff88</run_address>
         <size>0x10</size>
         <input_file_ref idref="fl-1e"/>
      </object_component>
      <object_component id="oc-203">
         <name>.text.ClockP_setTicks</name>
         <load_address>0x2000ff98</load_address>
         <run_address>0x2000ff98</run_address>
         <size>0x10</size>
         <input_file_ref idref="fl-1e"/>
      </object_component>
      <object_component id="oc-196">
         <name>.text.HwiP_inISR</name>
         <load_address>0x2000ffa8</load_address>
         <run_address>0x2000ffa8</run_address>
         <size>0x10</size>
         <input_file_ref idref="fl-1f"/>
      </object_component>
      <object_component id="oc-18d">
         <name>.text.Power_enablePolicy</name>
         <load_address>0x2000ffb8</load_address>
         <run_address>0x2000ffb8</run_address>
         <size>0x10</size>
         <input_file_ref idref="fl-15"/>
      </object_component>
      <object_component id="oc-146">
         <name>.text.RingBuf_construct</name>
         <load_address>0x2000ffc8</load_address>
         <run_address>0x2000ffc8</run_address>
         <size>0x10</size>
         <input_file_ref idref="fl-1a"/>
      </object_component>
      <object_component id="oc-233">
         <name>.text.UART2Support_txDone</name>
         <load_address>0x2000ffd8</load_address>
         <run_address>0x2000ffd8</run_address>
         <size>0x10</size>
         <input_file_ref idref="fl-18"/>
      </object_component>
      <object_component id="oc-25f">
         <name>.text.UARTBusy</name>
         <load_address>0x2000ffe8</load_address>
         <run_address>0x2000ffe8</run_address>
         <size>0x10</size>
         <input_file_ref idref="fl-2b"/>
      </object_component>
      <object_component id="oc-1bc">
         <name>.text.UARTIntClear</name>
         <load_address>0x2000fff8</load_address>
         <run_address>0x2000fff8</run_address>
         <size>0x10</size>
         <input_file_ref idref="fl-2b"/>
      </object_component>
      <object_component id="oc-1dd">
         <name>.text.UARTRxErrorGet</name>
         <load_address>0x20010008</load_address>
         <run_address>0x20010008</run_address>
         <size>0x10</size>
         <input_file_ref idref="fl-2b"/>
      </object_component>
      <object_component id="oc-85">
         <name>.text.main</name>
         <load_address>0x20010018</load_address>
         <run_address>0x20010018</run_address>
         <size>0x10</size>
         <input_file_ref idref="fl-1"/>
      </object_component>
      <object_component id="oc-40">
         <name>.text:decompress:ZI</name>
         <load_address>0x20010028</load_address>
         <run_address>0x20010028</run_address>
         <size>0x10</size>
         <input_file_ref idref="fl-3b"/>
      </object_component>
      <object_component id="oc-231">
         <name>.text.HwiP_interruptsEnabled</name>
         <load_address>0x20010038</load_address>
         <run_address>0x20010038</run_address>
         <size>0xe</size>
         <input_file_ref idref="fl-1f"/>
      </object_component>
      <object_component id="oc-f0">
         <name>.text.UART2_write</name>
         <load_address>0x20010046</load_address>
         <run_address>0x20010046</run_address>
         <size>0xe</size>
         <input_file_ref idref="fl-17"/>
      </object_component>
      <object_component id="oc-1ae">
         <name>.text.uDMAEnable</name>
         <load_address>0x20010054</load_address>
         <run_address>0x20010054</run_address>
         <size>0xe</size>
         <input_file_ref idref="fl-2c"/>
      </object_component>
      <object_component id="oc-273">
         <name>.text.uDMAErrorStatusClear</name>
         <load_address>0x20010062</load_address>
         <run_address>0x20010062</run_address>
         <size>0xe</size>
         <input_file_ref idref="fl-2c"/>
      </object_component>
      <object_component id="oc-94">
         <name>.text:TI_memset_small</name>
         <load_address>0x20010070</load_address>
         <run_address>0x20010070</run_address>
         <size>0xe</size>
         <input_file_ref idref="fl-84"/>
      </object_component>
      <object_component id="oc-1c">
         <name>.text:decompress:none</name>
         <load_address>0x2001007e</load_address>
         <run_address>0x2001007e</run_address>
         <size>0xe</size>
         <input_file_ref idref="fl-3c"/>
      </object_component>
      <object_component id="oc-253">
         <name>.text.CPUwfi</name>
         <load_address>0x2001008c</load_address>
         <run_address>0x2001008c</run_address>
         <size>0xc</size>
         <input_file_ref idref="fl-23"/>
      </object_component>
      <object_component id="oc-14c">
         <name>.text.OUTLINED_FUNCTION_0</name>
         <load_address>0x20010098</load_address>
         <run_address>0x20010098</run_address>
         <size>0xc</size>
         <input_file_ref idref="fl-18"/>
      </object_component>
      <object_component id="oc-24f">
         <name>.text.PRCMLPDSWakeupCauseGet</name>
         <load_address>0x200100a4</load_address>
         <run_address>0x200100a4</run_address>
         <size>0xc</size>
         <input_file_ref idref="fl-28"/>
      </object_component>
      <object_component id="oc-1f3">
         <name>.text.Power_getConstraintMask</name>
         <load_address>0x200100b0</load_address>
         <run_address>0x200100b0</run_address>
         <size>0xc</size>
         <input_file_ref idref="fl-15"/>
      </object_component>
      <object_component id="oc-15e">
         <name>.text.UART2CC32XX_postNotifyFxn</name>
         <load_address>0x200100bc</load_address>
         <run_address>0x200100bc</run_address>
         <size>0xc</size>
         <input_file_ref idref="fl-18"/>
      </object_component>
      <object_component id="oc-234">
         <name>.text.UART2Support_disableTx</name>
         <load_address>0x200100c8</load_address>
         <run_address>0x200100c8</run_address>
         <size>0xc</size>
         <input_file_ref idref="fl-18"/>
      </object_component>
      <object_component id="oc-236">
         <name>.text.UART2Support_enableRx</name>
         <load_address>0x200100d4</load_address>
         <run_address>0x200100d4</run_address>
         <size>0xc</size>
         <input_file_ref idref="fl-18"/>
      </object_component>
      <object_component id="oc-230">
         <name>.text.UART2Support_enableTx</name>
         <load_address>0x200100e0</load_address>
         <run_address>0x200100e0</run_address>
         <size>0xc</size>
         <input_file_ref idref="fl-18"/>
      </object_component>
      <object_component id="oc-e5">
         <name>.text.UART2_Params_init</name>
         <load_address>0x200100ec</load_address>
         <run_address>0x200100ec</run_address>
         <size>0xc</size>
         <input_file_ref idref="fl-17"/>
      </object_component>
      <object_component id="oc-272">
         <name>.text.uDMAErrorStatusGet</name>
         <load_address>0x200100f8</load_address>
         <run_address>0x200100f8</run_address>
         <size>0xc</size>
         <input_file_ref idref="fl-2c"/>
      </object_component>
      <object_component id="oc-25d">
         <name>.text.CPUprimask</name>
         <load_address>0x20010104</load_address>
         <run_address>0x20010104</run_address>
         <size>0xa</size>
         <input_file_ref idref="fl-23"/>
      </object_component>
      <object_component id="oc-18c">
         <name>.text.ClockP_isActive</name>
         <load_address>0x2001010e</load_address>
         <run_address>0x2001010e</run_address>
         <size>0xa</size>
         <input_file_ref idref="fl-1e"/>
      </object_component>
      <object_component id="oc-41">
         <name>.text.IntMasterDisable</name>
         <load_address>0x20010118</load_address>
         <run_address>0x20010118</run_address>
         <size>0xa</size>
         <input_file_ref idref="fl-26"/>
      </object_component>
      <object_component id="oc-12e">
         <name>.text.IntMasterEnable</name>
         <load_address>0x20010122</load_address>
         <run_address>0x20010122</run_address>
         <size>0xa</size>
         <input_file_ref idref="fl-26"/>
      </object_component>
      <object_component id="oc-14e">
         <name>.text.OUTLINED_FUNCTION_1</name>
         <load_address>0x2001012c</load_address>
         <run_address>0x2001012c</run_address>
         <size>0xa</size>
         <input_file_ref idref="fl-18"/>
      </object_component>
      <object_component id="oc-14b">
         <name>.text.OUTLINED_FUNCTION_2</name>
         <load_address>0x20010136</load_address>
         <run_address>0x20010136</run_address>
         <size>0xa</size>
         <input_file_ref idref="fl-18"/>
      </object_component>
      <object_component id="oc-259">
         <name>.text.dmaErrorFxn</name>
         <load_address>0x20010140</load_address>
         <run_address>0x20010140</run_address>
         <size>0xa</size>
         <input_file_ref idref="fl-3"/>
      </object_component>
      <object_component id="oc-121">
         <name>.text.HwiP_disable</name>
         <load_address>0x2001014a</load_address>
         <run_address>0x2001014a</run_address>
         <size>0x8</size>
         <input_file_ref idref="fl-1f"/>
      </object_component>
      <object_component id="oc-122">
         <name>.text.HwiP_restore</name>
         <load_address>0x20010152</load_address>
         <run_address>0x20010152</run_address>
         <size>0x8</size>
         <input_file_ref idref="fl-1f"/>
      </object_component>
      <object_component id="oc-207">
         <name>.text.PRCMSleepEnter</name>
         <load_address>0x2001015a</load_address>
         <run_address>0x2001015a</run_address>
         <size>0x8</size>
         <input_file_ref idref="fl-28"/>
      </object_component>
      <object_component id="oc-104">
         <name>.text.UtilsDelay</name>
         <load_address>0x20010162</load_address>
         <run_address>0x20010162</run_address>
         <size>0x8</size>
         <input_file_ref idref="fl-2d"/>
      </object_component>
      <object_component id="oc-19e">
         <name>.text.malloc</name>
         <load_address>0x2001016a</load_address>
         <run_address>0x2001016a</run_address>
         <size>0x8</size>
         <input_file_ref idref="fl-3a"/>
      </object_component>
      <object_component id="oc-1e7">
         <name>.text.OUTLINED_FUNCTION_0</name>
         <load_address>0x20010172</load_address>
         <run_address>0x20010172</run_address>
         <size>0x6</size>
         <input_file_ref idref="fl-17"/>
      </object_component>
      <object_component id="oc-21e">
         <name>.text.UART2Support_powerRelConstraint</name>
         <load_address>0x20010178</load_address>
         <run_address>0x20010178</run_address>
         <size>0x6</size>
         <input_file_ref idref="fl-18"/>
      </object_component>
      <object_component id="oc-237">
         <name>.text.UART2Support_powerSetConstraint</name>
         <load_address>0x2001017e</load_address>
         <run_address>0x2001017e</run_address>
         <size>0x6</size>
         <input_file_ref idref="fl-18"/>
      </object_component>
      <object_component id="oc-209">
         <name>.text.ClockP_doTick</name>
         <load_address>0x20010184</load_address>
         <run_address>0x20010184</run_address>
         <size>0x4</size>
         <input_file_ref idref="fl-1e"/>
      </object_component>
      <object_component id="oc-157">
         <name>.text.HwiP_clearInterrupt</name>
         <load_address>0x20010188</load_address>
         <run_address>0x20010188</run_address>
         <size>0x4</size>
         <input_file_ref idref="fl-1f"/>
      </object_component>
      <object_component id="oc-dc">
         <name>.text.HwiP_enable</name>
         <load_address>0x2001018c</load_address>
         <run_address>0x2001018c</run_address>
         <size>0x4</size>
         <input_file_ref idref="fl-1f"/>
      </object_component>
      <object_component id="oc-254">
         <name>.text.HwiP_post</name>
         <load_address>0x20010190</load_address>
         <run_address>0x20010190</run_address>
         <size>0x4</size>
         <input_file_ref idref="fl-1f"/>
      </object_component>
      <object_component id="oc-25c">
         <name>.text.IntDefaultHandler</name>
         <load_address>0x20010194</load_address>
         <run_address>0x20010194</run_address>
         <size>0x4</size>
         <input_file_ref idref="fl-26"/>
      </object_component>
      <object_component id="oc-a1">
         <name>.text.NoRTOS_start</name>
         <load_address>0x20010198</load_address>
         <run_address>0x20010198</run_address>
         <size>0x4</size>
         <input_file_ref idref="fl-1c"/>
      </object_component>
      <object_component id="oc-229">
         <name>.text.RingBuf_getCount</name>
         <load_address>0x2001019c</load_address>
         <run_address>0x2001019c</run_address>
         <size>0x4</size>
         <input_file_ref idref="fl-1a"/>
      </object_component>
      <object_component id="oc-123">
         <name>.text.SemaphoreP_delete</name>
         <load_address>0x200101a0</load_address>
         <run_address>0x200101a0</run_address>
         <size>0x4</size>
         <input_file_ref idref="fl-1d"/>
      </object_component>
      <object_component id="oc-81">
         <name>.text._system_pre_init</name>
         <load_address>0x200101a4</load_address>
         <run_address>0x200101a4</run_address>
         <size>0x4</size>
         <input_file_ref idref="fl-44"/>
      </object_component>
      <object_component id="oc-ae">
         <name>.text:abort</name>
         <load_address>0x200101a8</load_address>
         <run_address>0x200101a8</run_address>
         <size>0x4</size>
         <input_file_ref idref="fl-40"/>
      </object_component>
      <object_component id="oc-33">
         <name>.text</name>
         <load_address>0x200101ac</load_address>
         <run_address>0x200101ac</run_address>
         <size>0x4</size>
         <input_file_ref idref="fl-7e"/>
      </object_component>
      <object_component id="oc-4d">
         <name>.text.defaultHandler</name>
         <load_address>0x200101b0</load_address>
         <run_address>0x200101b0</run_address>
         <size>0x2</size>
         <input_file_ref idref="fl-21"/>
      </object_component>
      <object_component id="oc-4c">
         <name>.text.faultISR</name>
         <load_address>0x200101b2</load_address>
         <run_address>0x200101b2</run_address>
         <size>0x2</size>
         <input_file_ref idref="fl-21"/>
      </object_component>
      <object_component id="oc-4b">
         <name>.text.nmiISR</name>
         <load_address>0x200101b4</load_address>
         <run_address>0x200101b4</run_address>
         <size>0x2</size>
         <input_file_ref idref="fl-21"/>
      </object_component>
      <object_component id="oc-173">
         <name>.rodata.g_ulPinToPadMap</name>
         <load_address>0x200112ac</load_address>
         <run_address>0x200112ac</run_address>
         <size>0x100</size>
         <input_file_ref idref="fl-27"/>
      </object_component>
      <object_component id="oc-21a">
         <name>.rodata.g_pulRegs</name>
         <load_address>0x200113ac</load_address>
         <run_address>0x200113ac</run_address>
         <size>0xd4</size>
         <input_file_ref idref="fl-26"/>
      </object_component>
      <object_component id="oc-172">
         <name>.rodata.PRCM_PeriphRegsList</name>
         <load_address>0x20011480</load_address>
         <run_address>0x20011480</run_address>
         <size>0xa8</size>
         <input_file_ref idref="fl-28"/>
      </object_component>
      <object_component id="oc-118">
         <name>.rodata.PowerCC32XX_config</name>
         <load_address>0x20011528</load_address>
         <run_address>0x20011528</run_address>
         <size>0x44</size>
         <input_file_ref idref="fl-3"/>
      </object_component>
      <object_component id="oc-1da">
         <name>.rodata.uart2CC32XXHWAttrs0</name>
         <load_address>0x2001156c</load_address>
         <run_address>0x2001156c</run_address>
         <size>0x38</size>
         <input_file_ref idref="fl-3"/>
      </object_component>
      <object_component id="oc-13f">
         <name>.rodata.portConfigs</name>
         <load_address>0x200115a4</load_address>
         <run_address>0x200115a4</run_address>
         <size>0x28</size>
         <input_file_ref idref="fl-14"/>
      </object_component>
      <object_component id="oc-142">
         <name>.rodata.UART2_defaultParams</name>
[...]
      </symbol>
      <symbol id="sm-2ce">
         <name>CPUprimask</name>
         <value>0x20010105</value>
         <object_component_ref idref="oc-25d"/>
      </symbol>
      <symbol id="sm-2cf">
         <name>CPUwfi</name>
         <value>0x2001008d</value>
         <object_component_ref idref="oc-253"/>
      </symbol>
      <symbol id="sm-308">
         <name>GPIODirModeSet</name>
         <value>0x2000efa9</value>
         <object_component_ref idref="oc-136"/>
      </symbol>
      <symbol id="sm-309">
         <name>GPIOIntClear</name>
         <value>0x2000fefb</value>
         <object_component_ref idref="oc-1a3"/>
      </symbol>
      <symbol id="sm-30a">
         <name>GPIOIntDisable</name>
         <value>0x2000fc95</value>
         <object_component_ref idref="oc-212"/>
      </symbol>
      <symbol id="sm-30b">
         <name>GPIOIntEnable</name>
         <value>0x2000fd31</value>
         <object_component_ref idref="oc-1a4"/>
      </symbol>
      <symbol id="sm-30c">
         <name>GPIOIntStatus</name>
         <value>0x2000f6d9</value>
         <object_component_ref idref="oc-1a5"/>
      </symbol>
      <symbol id="sm-30d">
         <name>GPIOIntTypeSet</name>
         <value>0x2000dc55</value>
         <object_component_ref idref="oc-1a1"/>
      </symbol>
      <symbol id="sm-30e">
         <name>GPIOPinWrite</name>
         <value>0x2000fa25</value>
         <object_component_ref idref="oc-13b"/>
      </symbol>
      <symbol id="sm-35e">
         <name>IntDisable</name>
         <value>0x2000d899</value>
         <object_component_ref idref="oc-21f"/>
      </symbol>
      <symbol id="sm-35f">
         <name>IntEnable</name>
         <value>0x2000d961</value>
         <object_component_ref idref="oc-1c9"/>
      </symbol>
      <symbol id="sm-360">
         <name>IntMasterDisable</name>
         <value>0x20010119</value>
         <object_component_ref idref="oc-41"/>
      </symbol>
      <symbol id="sm-361">
         <name>IntMasterEnable</name>
         <value>0x20010123</value>
         <object_component_ref idref="oc-12e"/>
      </symbol>
      <symbol id="sm-362">
         <name>IntPendClear</name>
         <value>0x2000e705</value>
         <object_component_ref idref="oc-1c6"/>
      </symbol>
      <symbol id="sm-363">
         <name>IntPendSet</name>
         <value>0x2000dd01</value>
         <object_component_ref idref="oc-271"/>
      </symbol>
      <symbol id="sm-364">
         <name>IntPrioritySet</name>
         <value>0x2000e999</value>
         <object_component_ref idref="oc-1c8"/>
      </symbol>
      <symbol id="sm-365">
         <name>IntRegister</name>
         <value>0x2000facf</value>
         <object_component_ref idref="oc-1c7"/>
      </symbol>
      <symbol id="sm-366">
         <name>IntUnregister</name>
         <value>0x2000f905</value>
         <object_component_ref idref="oc-220"/>
      </symbol>
      <symbol id="sm-367">
         <name>IntVTableBaseSet</name>
         <value>0x2000fe21</value>
         <object_component_ref idref="oc-69"/>
      </symbol>
      <symbol id="sm-3af">
         <name>PinConfigGet</name>
         <value>0x2000ee8d</value>
         <object_component_ref idref="oc-267"/>
      </symbol>
      <symbol id="sm-3b0">
         <name>PinConfigSet</name>
         <value>0x2000dda5</value>
         <object_component_ref idref="oc-132"/>
      </symbol>
      <symbol id="sm-3b1">
         <name>PinDirModeGet</name>
         <value>0x2000f4e1</value>
         <object_component_ref idref="oc-268"/>
      </symbol>
      <symbol id="sm-3b2">
         <name>PinDirModeSet</name>
         <value>0x2000f201</value>
         <object_component_ref idref="oc-269"/>
      </symbol>
      <symbol id="sm-3b3">
         <name>PinLock</name>
         <value>0x2000f441</value>
         <object_component_ref idref="oc-247"/>
      </symbol>
      <symbol id="sm-3b4">
         <name>PinLockLevelSet</name>
         <value>0x2000e415</value>
         <object_component_ref idref="oc-246"/>
      </symbol>
      <symbol id="sm-3b5">
         <name>PinModeGet</name>
         <value>0x2000f515</value>
         <object_component_ref idref="oc-10d"/>
      </symbol>
      <symbol id="sm-3b6">
         <name>PinModeSet</name>
         <value>0x2000f0fd</value>
         <object_component_ref idref="oc-112"/>
      </symbol>
      <symbol id="sm-3b7">
         <name>PinToPadGet</name>
         <value>0x2000fcfd</value>
         <object_component_ref idref="oc-1d8"/>
      </symbol>
      <symbol id="sm-3b8">
         <name>PinTypeUART</name>
         <value>0x2000fb71</value>
         <object_component_ref idref="oc-1a9"/>
      </symbol>
      <symbol id="sm-3b9">
         <name>PinUnlock</name>
         <value>0x2000fa47</value>
         <object_component_ref idref="oc-24d"/>
      </symbol>
      <symbol id="sm-46b">
         <name>PRCMCC3200MCUInit</name>
         <value>0x2000c041</value>
         <object_component_ref idref="oc-c8"/>
      </symbol>
      <symbol id="sm-46c">
         <name>PRCMHIBRegRead</name>
         <value>0x2000fcaf</value>
         <object_component_ref idref="oc-109"/>
      </symbol>
      <symbol id="sm-46d">
         <name>PRCMHIBRegWrite</name>
         <value>0x2000fcc9</value>
         <object_component_ref idref="oc-108"/>
      </symbol>
      <symbol id="sm-46e">
         <name>PRCMHibernateWakeUpGPIOSelect</name>
         <value>0x2000e32d</value>
         <object_component_ref idref="oc-179"/>
      </symbol>
      <symbol id="sm-46f">
         <name>PRCMHibernateWakeupSourceDisable</name>
         <value>0x2000e889</value>
         <object_component_ref idref="oc-17b"/>
      </symbol>
      <symbol id="sm-470">
         <name>PRCMHibernateWakeupSourceEnable</name>
         <value>0x2000eb99</value>
         <object_component_ref idref="oc-17a"/>
      </symbol>
      <symbol id="sm-471">
         <name>PRCMIntEnable</name>
         <value>0x2000edfd</value>
         <object_component_ref idref="oc-24c"/>
      </symbol>
      <symbol id="sm-472">
         <name>PRCMLPDSEnter</name>
         <value>0x2000ea49</value>
         <object_component_ref idref="oc-252"/>
      </symbol>
      <symbol id="sm-473">
         <name>PRCMLPDSEnterKeepDebugIf</name>
         <value>0x2000ef1d</value>
         <object_component_ref idref="oc-251"/>
      </symbol>
      <symbol id="sm-474">
         <name>PRCMLPDSIntervalSet</name>
         <value>0x2000f649</value>
         <object_component_ref idref="oc-201"/>
      </symbol>
      <symbol id="sm-475">
         <name>PRCMLPDSRestoreInfoSet</name>
         <value>0x2000ecd5</value>
         <object_component_ref idref="oc-26a"/>
      </symbol>
      <symbol id="sm-476">
         <name>PRCMLPDSWakeUpGPIOSelect</name>
         <value>0x2000f7e7</value>
         <object_component_ref idref="oc-178"/>
      </symbol>
      <symbol id="sm-477">
         <name>PRCMLPDSWakeupCauseGet</name>
         <value>0x200100a5</value>
         <object_component_ref idref="oc-24f"/>
      </symbol>
      <symbol id="sm-478">
         <name>PRCMLPDSWakeupSourceDisable</name>
         <value>0x2000fce3</value>
         <object_component_ref idref="oc-177"/>
      </symbol>
      <symbol id="sm-479">
         <name>PRCMLPDSWakeupSourceEnable</name>
         <value>0x2000f94d</value>
         <object_component_ref idref="oc-176"/>
      </symbol>
      <symbol id="sm-47a">
         <name>PRCMPeripheralClkDisable</name>
         <value>0x2000f811</value>
         <object_component_ref idref="oc-10c"/>
      </symbol>
      <symbol id="sm-47b">
         <name>PRCMPeripheralClkEnable</name>
         <value>0x2000e8e5</value>
         <object_component_ref idref="oc-10a"/>
      </symbol>
      <symbol id="sm-47c">
         <name>PRCMPeripheralReset</name>
         <value>0x2000e631</value>
         <object_component_ref idref="oc-10b"/>
      </symbol>
      <symbol id="sm-47d">
         <name>PRCMPeripheralStatusGet</name>
         <value>0x2000ee45</value>
         <object_component_ref idref="oc-19d"/>
      </symbol>
      <symbol id="sm-47e">
         <name>PRCMSRAMRetentionEnable</name>
         <value>0x2000f88d</value>
         <object_component_ref idref="oc-244"/>
      </symbol>
      <symbol id="sm-47f">
         <name>PRCMSleepEnter</name>
         <value>0x2001015b</value>
         <object_component_ref idref="oc-207"/>
      </symbol>
      <symbol id="sm-480">
         <name>PRCMSlowClkCtrFastGet</name>
         <value>0x2000f679</value>
         <object_component_ref idref="oc-23b"/>
      </symbol>
      <symbol id="sm-481">
         <name>PRCMSysResetCauseGet</name>
         <value>0x2000e129</value>
         <object_component_ref idref="oc-103"/>
      </symbol>
      <symbol id="sm-49f">
         <name>SysTickEnable</name>
         <value>0x2000ff1f</value>
         <object_component_ref idref="oc-205"/>
      </symbol>
      <symbol id="sm-4a0">
         <name>SysTickIntDisable</name>
         <value>0x2000ff31</value>
         <object_component_ref idref="oc-1fc"/>
      </symbol>
      <symbol id="sm-4a1">
         <name>SysTickIntEnable</name>
         <value>0x2000ff43</value>
         <object_component_ref idref="oc-206"/>
      </symbol>
      <symbol id="sm-4a2">
         <name>SysTickPeriodSet</name>
         <value>0x2000fd77</value>
         <object_component_ref idref="oc-204"/>
      </symbol>
      <symbol id="sm-50c">
         <name>UARTBusy</name>
         <value>0x2000ffe9</value>
         <object_component_ref idref="oc-25f"/>
      </symbol>
      <symbol id="sm-50d">
         <name>UARTCharPutNonBlocking</name>
         <value>0x2000f477</value>
         <object_component_ref idref="oc-25e"/>
      </symbol>
      <symbol id="sm-50e">
         <name>UARTCharsAvail</name>
         <value>0x2000fd8d</value>
         <object_component_ref idref="oc-1e0"/>
      </symbol>
      <symbol id="sm-50f">
         <name>UARTConfigSetExpClk</name>
         <value>0x2000e3a1</value>
         <object_component_ref idref="oc-1b7"/>
      </symbol>
      <symbol id="sm-510">
         <name>UARTDMADisable</name>
         <value>0x2000fda3</value>
         <object_component_ref idref="oc-1cf"/>
      </symbol>
      <symbol id="sm-511">
         <name>UARTDMAEnable</name>
         <value>0x2000fe71</value>
         <object_component_ref idref="oc-22e"/>
      </symbol>
      <symbol id="sm-512">
         <name>UARTDisable</name>
         <value>0x2000f763</value>
         <object_component_ref idref="oc-1d1"/>
      </symbol>
      <symbol id="sm-513">
         <name>UARTEnable</name>
         <value>0x2000fbad</value>
         <object_component_ref idref="oc-1bd"/>
      </symbol>
      <symbol id="sm-514">
         <name>UARTFIFOLevelSet</name>
         <value>0x2000fdb9</value>
         <object_component_ref idref="oc-1bf"/>
      </symbol>
      <symbol id="sm-515">
         <name>UARTFlowControlSet</name>
         <value>0x2000fd17</value>
         <object_component_ref idref="oc-1c0"/>
      </symbol>
      <symbol id="sm-516">
         <name>UARTIntClear</name>
         <value>0x2000fff9</value>
         <object_component_ref idref="oc-1bc"/>
      </symbol>
      <symbol id="sm-517">
         <name>UARTIntDisable</name>
         <value>0x2000fdcf</value>
         <object_component_ref idref="oc-1ce"/>
      </symbol>
      <symbol id="sm-518">
         <name>UARTIntEnable</name>
         <value>0x2000fe85</value>
         <object_component_ref idref="oc-1be"/>
      </symbol>
      <symbol id="sm-519">
         <name>UARTIntStatus</name>
         <value>0x2000f83b</value>
         <object_component_ref idref="oc-1db"/>
      </symbol>
      <symbol id="sm-51a">
         <name>UARTRxErrorGet</name>
         <value>0x20010009</value>
         <object_component_ref idref="oc-1dd"/>
      </symbol>
      <symbol id="sm-573">
         <name>uDMAChannelAssign</name>
         <value>0x2000ec39</value>
         <object_component_ref idref="oc-1c1"/>
      </symbol>
      <symbol id="sm-574">
         <name>uDMAChannelAttributeDisable</name>
         <value>0x2000df77</value>
         <object_component_ref idref="oc-1c2"/>
      </symbol>
      <symbol id="sm-575">
         <name>uDMAChannelControlSet</name>
         <value>0x2000f1c1</value>
         <object_component_ref idref="oc-22b"/>
      </symbol>
      <symbol id="sm-576">
         <name>uDMAChannelDisable</name>
         <value>0x2000fbcb</value>
         <object_component_ref idref="oc-225"/>
      </symbol>
      <symbol id="sm-577">
         <name>uDMAChannelEnable</name>
         <value>0x2000fbe9</value>
         <object_component_ref idref="oc-22d"/>
      </symbol>
      <symbol id="sm-578">
         <name>uDMAChannelIsEnabled</name>
         <value>0x2000fc07</value>
         <object_component_ref idref="oc-1de"/>
      </symbol>
      <symbol id="sm-579">
         <name>uDMAChannelSizeGet</name>
         <value>0x2000ed6b</value>
         <object_component_ref idref="oc-226"/>
      </symbol>
      <symbol id="sm-57a">
         <name>uDMAChannelTransferSet</name>
         <value>0x2000d4db</value>
         <object_component_ref idref="oc-22c"/>
      </symbol>
      <symbol id="sm-57b">
         <name>uDMAControlBaseSet</name>
         <value>0x2000fe99</value>
         <object_component_ref idref="oc-1b3"/>
      </symbol>
      <symbol id="sm-57c">
         <name>uDMAEnable</name>
         <value>0x20010055</value>
         <object_component_ref idref="oc-1ae"/>
      </symbol>
      <symbol id="sm-57d">
         <name>uDMAErrorStatusClear</name>
         <value>0x20010063</value>
         <object_component_ref idref="oc-273"/>
      </symbol>
      <symbol id="sm-57e">
         <name>uDMAErrorStatusGet</name>
         <value>0x200100f9</value>
         <object_component_ref idref="oc-272"/>
      </symbol>
      <symbol id="sm-57f">
         <name>uDMAIntClear</name>
         <value>0x2000fead</value>
         <object_component_ref idref="oc-227"/>
      </symbol>
      <symbol id="sm-58a">
         <name>UtilsDelay</name>
         <value>0x20010163</value>
         <object_component_ref idref="oc-104"/>
      </symbol>
      <symbol id="sm-5b7">
         <name>FlashDisable</name>
         <value>0x2000e82d</value>
         <object_component_ref idref="oc-26c"/>
      </symbol>
      <symbol id="sm-5d7">
         <name>malloc</name>
         <value>0x2001016b</value>
         <object_component_ref idref="oc-19e"/>
      </symbol>
      <symbol id="sm-5d8">
         <name>aligned_alloc</name>
         <value>0x2000d2a1</value>
         <object_component_ref idref="oc-211"/>
      </symbol>
      <symbol id="sm-5d9">
         <name>free</name>
         <value>0x2000d5ed</value>
         <object_component_ref idref="oc-188"/>
      </symbol>
      <symbol id="sm-5da">
         <name>_sys_memory</name>
         <value>0x20004040</value>
         <object_component_ref idref="oc-28"/>
      </symbol>
      <symbol id="sm-5db">
         <name>memalign</name>
         <value>0x2000d2a1</value>
         <object_component_ref idref="oc-211"/>
      </symbol>
      <symbol id="sm-5e5">
         <name>__TI_zero_init</name>
         <value>0x20010029</value>
         <object_component_ref idref="oc-40"/>
      </symbol>
      <symbol id="sm-5ee">
         <name>__TI_decompress_none</name>
         <value>0x2001007f</value>
         <object_component_ref idref="oc-1c"/>
      </symbol>
      <symbol id="sm-5f8">
         <name>__TI_decompress_lzss</name>
         <value>0x2000e69b</value>
         <object_component_ref idref="oc-18"/>
      </symbol>
      <symbol id="sm-603">
         <name>_c_int00_noargs</name>
         <value>0x2000fa01</value>
         <object_component_ref idref="oc-6c"/>
      </symbol>
      <symbol id="sm-604">
         <name>__stack</name>
         <value>0x20003000</value>
         <object_component_ref idref="oc-16"/>
      </symbol>
      <symbol id="sm-60f">
         <name>abort</name>
         <value>0x200101a9</value>
         <object_component_ref idref="oc-ae"/>
      </symbol>
      <symbol id="sm-610">
         <name>C$$EXIT</name>
         <value>0x200101a8</value>
         <object_component_ref idref="oc-ae"/>
      </symbol>
      <symbol id="sm-619">
         <name>_nop</name>
         <value>0x2000f23f</value>
         <object_component_ref idref="oc-167"/>
      </symbol>
      <symbol id="sm-61a">
         <name>_lock</name>
         <value>0x2001129c</value>
         <object_component_ref idref="oc-f9"/>
      </symbol>
      <symbol id="sm-61b">
         <name>_unlock</name>
         <value>0x200112a0</value>
         <object_component_ref idref="oc-fc"/>
      </symbol>
      <symbol id="sm-627">
         <name>__TI_auto_init_nobinit_nopinit</name>
         <value>0x2000f409</value>
         <object_component_ref idref="oc-b5"/>
      </symbol>
      <symbol id="sm-62f">
         <name>_system_pre_init</name>
         <value>0x200101a5</value>
         <object_component_ref idref="oc-81"/>
      </symbol>
      <symbol id="sm-636">
         <name>__aeabi_memcpy</name>
         <value>0x200101ad</value>
         <object_component_ref idref="oc-33"/>
      </symbol>
      <symbol id="sm-637">
         <name>__aeabi_memcpy4</name>
         <value>0x200101ad</value>
         <object_component_ref idref="oc-33"/>
      </symbol>
      <symbol id="sm-638">
         <name>__aeabi_memcpy8</name>
         <value>0x200101ad</value>
         <object_component_ref idref="oc-33"/>
      </symbol>
      <symbol id="sm-63e">
         <name>__aeabi_memset</name>
         <value>0x2000fec1</value>
         <object_component_ref idref="oc-5e"/>
      </symbol>
      <symbol id="sm-63f">
         <name>__aeabi_memset4</name>
         <value>0x2000fec1</value>
         <object_component_ref idref="oc-5e"/>
      </symbol>
      <symbol id="sm-640">
         <name>__aeabi_memset8</name>
         <value>0x2000fec1</value>
         <object_component_ref idref="oc-5e"/>
      </symbol>
      <symbol id="sm-641">
         <name>__aeabi_memclr</name>
         <value>0x2000fecd</value>
         <object_component_ref idref="oc-5e"/>
      </symbol>
      <symbol id="sm-642">
         <name>__aeabi_memclr4</name>
         <value>0x2000fecd</value>
         <object_component_ref idref="oc-5e"/>
      </symbol>
      <symbol id="sm-643">
         <name>__aeabi_memclr8</name>
         <value>0x2000fecd</value>
         <object_component_ref idref="oc-5e"/>
      </symbol>
      <symbol id="sm-649">
         <name>__aeabi_uldivmod</name>
         <value>0x2000fed5</value>
         <object_component_ref idref="oc-1f8"/>
      </symbol>
      <symbol id="sm-64f">
         <name>__udivmoddi4</name>
         <value>0x2000dba5</value>
         <object_component_ref idref="oc-23c"/>
      </symbol>
      <symbol id="sm-659">
         <name>__aeabi_ldiv0</name>
         <value>0x2000ec87</value>
         <object_component_ref idref="oc-260"/>
      </symbol>
      <symbol id="sm-661">
         <name>TI_memcpy_small</name>
         <value>0x2000ff67</value>
         <object_component_ref idref="oc-77"/>
      </symbol>
      <symbol id="sm-669">
         <name>TI_memset_small</name>
         <value>0x20010071</value>
         <object_component_ref idref="oc-94"/>
      </symbol>
      <symbol id="sm-66a">
         <name>__TI_static_base__</name>
         <value>0x200101b8</value>
      </symbol>
      <symbol id="sm-66d">
         <name>ITM_flush</name>
         <value>0x0</value>
      </symbol>
      <symbol id="sm-66e">
         <name>ITM_restore</name>
         <value>0x0</value>
      </symbol>
      <symbol id="sm-66f">
         <name>__mpu_init</name>
         <value>0x0</value>
      </symbol>
      <symbol id="sm-670">
         <name>_system_post_cinit</name>
         <value>0x0</value>
      </symbol>
   </symbol_table>
   <title>Link successful</title>
</link_info>
